Stm32_F103C6_USART_driver.c:53:6:MCAL_UART_INIT	24	static
Stm32_F103C6_USART_driver.c:122:6:MCAL_UART_DeINIT	16	static
Stm32_F103C6_USART_driver.c:154:6:MCAL_UART_SendData	24	static
Stm32_F103C6_USART_driver.c:178:6:MCAL_UART_WAIT_TC	16	static
Stm32_F103C6_USART_driver.c:194:6:MCAL_UART_ReceiveData	24	static
Stm32_F103C6_USART_driver.c:241:6:MCAL_UART_GPIO_Set_Pins	24	static
Stm32_F103C6_USART_driver.c:368:6:USART1_IRQHandler	8	static
Stm32_F103C6_USART_driver.c:373:6:USART2_IRQHandler	8	static
Stm32_F103C6_USART_driver.c:378:6:USART3_IRQHandler	8	static
