scheduler.c:33:28:PendSV_Handler	0	static,ignoring_inline_asm
scheduler.c:99:6:MYRTOS_IdleTask	4	static,ignoring_inline_asm
scheduler.c:117:6:MYRTOS_Create_MainStack	4	static
scheduler.c:127:16:MYRTOS_init	16	static
scheduler.c:156:6:MyRTOS_Create_TaskStack	24	static
scheduler.c:196:16:MYRTOS_CreateTask	24	static
scheduler.c:239:6:bubbleSort	24	static
scheduler.c:257:6:MyRTOS_Update_Schadule_tables	24	static
scheduler.c:311:6:Decide_whatNext	8	static
scheduler.c:334:6:OS_SVC	24	static
scheduler.c:378:1:MYRTOS_OS_SVC_Set	16	static,ignoring_inline_asm
scheduler.c:400:6:MYRTOS_ActivateTask	16	static
scheduler.c:405:6:MYRTOS_TerminateTask	16	static
scheduler.c:411:6:MYRTOS_Taskwait	16	static
scheduler.c:422:6:MYRTOS_STARTOS	8	static,ignoring_inline_asm
scheduler.c:439:6:MYRTOS_Update_TasksWaitingTime	16	static
scheduler.c:461:16:MYRTOS_AcquireMutex	16	static
scheduler.c:484:6:MYRTOS_ReleaseMutex	16	static
