
Allocating common symbols
Common symbol       size              file

AM_state_id         0x1               alarmMonitor.o
ps_state_id         0x1               pressureSensor.o
PS_block            0x4               pressureSensor.o
MA_block            0x4               mainAlgorithm.o
AM_block            0x4               alarmMonitor.o

Memory Configuration

Name             Origin             Length             Attributes
flash            0x08000000         0x00020000         xr
sram             0x20000000         0x00005000         xrw
*default*        0x00000000         0xffffffff

Linker script and memory map


.text           0x08000000      0x318
 *(.vectors*)
 .vectors       0x08000000       0x1c startup.o
                0x08000000                vectors
 *(.text*)
 .text          0x0800001c       0xa0 alarmMonitor.o
                0x0800001c                alarm_init
                0x08000038                ST_alarmOFF
                0x08000050                high_Pressure_detected
                0x0800006c                ST_alarmON
                0x08000094                ST_alarmWAIT
 .text          0x080000bc       0xc4 driver.o
                0x080000bc                Delay
                0x080000dc                getPressureVal
                0x080000f4                Set_Alarm_actuator
                0x08000130                GPIO_INITIALIZATION
 .text          0x08000180       0x68 main.o
                0x08000180                setup
                0x080001c0                main
 .text          0x080001e8       0x1a mainAlgorithm.o
                0x080001e8                set_Pressure_VAL
 *fill*         0x08000202        0x2 
 .text          0x08000204       0x84 pressureSensor.o
                0x08000204                pressure_init
                0x08000220                ST__reading_
                0x08000260                ST__waiting_
 .text          0x08000288       0x90 startup.o
                0x08000288                Bus_fault_Handler
                0x08000288                MM_fault_Handler
                0x08000288                Usage_fault_Handler
                0x08000288                H_fault_Handler
                0x08000288                Default_Handler
                0x08000288                NMI_Handler
                0x08000294                Reset_Handler
 *(.rodata)
                0x08000318                _E_text = .

.glue_7         0x08000318        0x0
 .glue_7        0x08000318        0x0 linker stubs

.glue_7t        0x08000318        0x0
 .glue_7t       0x08000318        0x0 linker stubs

.vfp11_veneer   0x08000318        0x0
 .vfp11_veneer  0x08000318        0x0 linker stubs

.v4_bx          0x08000318        0x0
 .v4_bx         0x08000318        0x0 linker stubs

.iplt           0x08000318        0x0
 .iplt          0x08000318        0x0 alarmMonitor.o

.rel.dyn        0x08000318        0x0
 .rel.iplt      0x08000318        0x0 alarmMonitor.o

.data           0x20000000        0x0 load address 0x08000318
                0x20000000                _S_DATA = .
 *(.data)
 .data          0x20000000        0x0 alarmMonitor.o
 .data          0x20000000        0x0 driver.o
 .data          0x20000000        0x0 main.o
 .data          0x20000000        0x0 mainAlgorithm.o
 .data          0x20000000        0x0 pressureSensor.o
 .data          0x20000000        0x0 startup.o
                0x20000000                . = ALIGN (0x4)
                0x20000000                _E_DATA = .

.igot.plt       0x20000000        0x0 load address 0x08000318
 .igot.plt      0x20000000        0x0 alarmMonitor.o

.bss            0x20000000     0x101c load address 0x08000318
                0x20000000                _S_bss = .
 *(.bss)
 .bss           0x20000000        0x0 alarmMonitor.o
 .bss           0x20000000        0x0 driver.o
 .bss           0x20000000        0x0 main.o
 .bss           0x20000000        0x4 mainAlgorithm.o
                0x20000000                p
 .bss           0x20000004        0x4 pressureSensor.o
                0x20000004                psVAL
 .bss           0x20000008        0x0 startup.o
                0x20000008                _E_bss = .
                0x20000008                . = ALIGN (0x4)
                0x20001008                . = (. + 0x1000)
 *fill*         0x20000008     0x1000 
                0x20001008                _stack_top = .
 COMMON         0x20001008        0x8 alarmMonitor.o
                0x20001008                AM_state_id
                0x2000100c                AM_block
 COMMON         0x20001010        0x4 mainAlgorithm.o
                0x20001010                MA_block
 COMMON         0x20001014        0x8 pressureSensor.o
                0x20001014                ps_state_id
                0x20001018                PS_block
LOAD alarmMonitor.o
LOAD driver.o
LOAD main.o
LOAD mainAlgorithm.o
LOAD pressureSensor.o
LOAD startup.o
OUTPUT(fristterm_project1.elf elf32-littlearm)

.debug_info     0x00000000     0x33db
 .debug_info    0x00000000      0xa44 alarmMonitor.o
 .debug_info    0x00000a44      0xa12 driver.o
 .debug_info    0x00001456      0x9f4 main.o
 .debug_info    0x00001e4a      0x9dc mainAlgorithm.o
 .debug_info    0x00002826      0xa26 pressureSensor.o
 .debug_info    0x0000324c      0x18f startup.o

.debug_abbrev   0x00000000      0xa03
 .debug_abbrev  0x00000000      0x1e1 alarmMonitor.o
 .debug_abbrev  0x000001e1      0x1ef driver.o
 .debug_abbrev  0x000003d0      0x1bc main.o
 .debug_abbrev  0x0000058c      0x1c2 mainAlgorithm.o
 .debug_abbrev  0x0000074e      0x1e1 pressureSensor.o
 .debug_abbrev  0x0000092f       0xd4 startup.o

.debug_loc      0x00000000      0x3f4
 .debug_loc     0x00000000       0xf4 alarmMonitor.o
 .debug_loc     0x000000f4      0x140 driver.o
 .debug_loc     0x00000234       0x58 main.o
 .debug_loc     0x0000028c       0x50 mainAlgorithm.o
 .debug_loc     0x000002dc       0x9c pressureSensor.o
 .debug_loc     0x00000378       0x7c startup.o

.debug_aranges  0x00000000       0xc0
 .debug_aranges
                0x00000000       0x20 alarmMonitor.o
 .debug_aranges
                0x00000020       0x20 driver.o
 .debug_aranges
                0x00000040       0x20 main.o
 .debug_aranges
                0x00000060       0x20 mainAlgorithm.o
 .debug_aranges
                0x00000080       0x20 pressureSensor.o
 .debug_aranges
                0x000000a0       0x20 startup.o

.debug_line     0x00000000      0xa1a
 .debug_line    0x00000000      0x1ab alarmMonitor.o
 .debug_line    0x000001ab      0x21b driver.o
 .debug_line    0x000003c6      0x1d1 main.o
 .debug_line    0x00000597      0x19e mainAlgorithm.o
 .debug_line    0x00000735      0x1a9 pressureSensor.o
 .debug_line    0x000008de      0x13c startup.o

.debug_str      0x00000000      0x6a7
 .debug_str     0x00000000      0x530 alarmMonitor.o
                                0x588 (size before relaxing)
 .debug_str     0x00000530       0x57 driver.o
                                0x560 (size before relaxing)
 .debug_str     0x00000587       0x32 main.o
                                0x53b (size before relaxing)
 .debug_str     0x000005b9       0x21 mainAlgorithm.o
                                0x52a (size before relaxing)
 .debug_str     0x000005da       0x4d pressureSensor.o
                                0x564 (size before relaxing)
 .debug_str     0x00000627       0x80 startup.o
                                0x19d (size before relaxing)

.comment        0x00000000       0x7e
 .comment       0x00000000       0x7e alarmMonitor.o
                                 0x7f (size before relaxing)
 .comment       0x0000007e       0x7f driver.o
 .comment       0x0000007e       0x7f main.o
 .comment       0x0000007e       0x7f mainAlgorithm.o
 .comment       0x0000007e       0x7f pressureSensor.o
 .comment       0x0000007e       0x7f startup.o

.ARM.attributes
                0x00000000       0x33
 .ARM.attributes
                0x00000000       0x33 alarmMonitor.o
 .ARM.attributes
                0x00000033       0x33 driver.o
 .ARM.attributes
                0x00000066       0x33 main.o
 .ARM.attributes
                0x00000099       0x33 mainAlgorithm.o
 .ARM.attributes
                0x000000cc       0x33 pressureSensor.o
 .ARM.attributes
                0x000000ff       0x33 startup.o

.debug_frame    0x00000000      0x274
 .debug_frame   0x00000000       0xa0 alarmMonitor.o
 .debug_frame   0x000000a0       0xa0 driver.o
 .debug_frame   0x00000140       0x48 main.o
 .debug_frame   0x00000188       0x34 mainAlgorithm.o
 .debug_frame   0x000001bc       0x68 pressureSensor.o
 .debug_frame   0x00000224       0x50 startup.o
