Archive member included to satisfy reference by file (symbol)

c:/st/stm32cubeide_1.4.0/stm32cubeide/plugins/com.st.stm32cube.ide.mcu.externaltools.gnu-tools-for-stm32.7-2018-q2-update.win32_1.4.0.202007081208/tools/bin/../lib/gcc/arm-none-eabi/7.3.1/../../../../arm-none-eabi/lib/thumb/v7-m\libc_nano.a(lib_a-errno.o)
                              Src/syscalls.o (__errno)
c:/st/stm32cubeide_1.4.0/stm32cubeide/plugins/com.st.stm32cube.ide.mcu.externaltools.gnu-tools-for-stm32.7-2018-q2-update.win32_1.4.0.202007081208/tools/bin/../lib/gcc/arm-none-eabi/7.3.1/../../../../arm-none-eabi/lib/thumb/v7-m\libc_nano.a(lib_a-exit.o)
                              c:/st/stm32cubeide_1.4.0/stm32cubeide/plugins/com.st.stm32cube.ide.mcu.externaltools.gnu-tools-for-stm32.7-2018-q2-update.win32_1.4.0.202007081208/tools/bin/../lib/gcc/arm-none-eabi/7.3.1/../../../../arm-none-eabi/lib/thumb/v7-m/crt0.o (exit)
c:/st/stm32cubeide_1.4.0/stm32cubeide/plugins/com.st.stm32cube.ide.mcu.externaltools.gnu-tools-for-stm32.7-2018-q2-update.win32_1.4.0.202007081208/tools/bin/../lib/gcc/arm-none-eabi/7.3.1/../../../../arm-none-eabi/lib/thumb/v7-m\libc_nano.a(lib_a-impure.o)
                              c:/st/stm32cubeide_1.4.0/stm32cubeide/plugins/com.st.stm32cube.ide.mcu.externaltools.gnu-tools-for-stm32.7-2018-q2-update.win32_1.4.0.202007081208/tools/bin/../lib/gcc/arm-none-eabi/7.3.1/../../../../arm-none-eabi/lib/thumb/v7-m\libc_nano.a(lib_a-exit.o) (_global_impure_ptr)
c:/st/stm32cubeide_1.4.0/stm32cubeide/plugins/com.st.stm32cube.ide.mcu.externaltools.gnu-tools-for-stm32.7-2018-q2-update.win32_1.4.0.202007081208/tools/bin/../lib/gcc/arm-none-eabi/7.3.1/../../../../arm-none-eabi/lib/thumb/v7-m\libc_nano.a(lib_a-init.o)
                              c:/st/stm32cubeide_1.4.0/stm32cubeide/plugins/com.st.stm32cube.ide.mcu.externaltools.gnu-tools-for-stm32.7-2018-q2-update.win32_1.4.0.202007081208/tools/bin/../lib/gcc/arm-none-eabi/7.3.1/../../../../arm-none-eabi/lib/thumb/v7-m/crt0.o (__libc_init_array)
c:/st/stm32cubeide_1.4.0/stm32cubeide/plugins/com.st.stm32cube.ide.mcu.externaltools.gnu-tools-for-stm32.7-2018-q2-update.win32_1.4.0.202007081208/tools/bin/../lib/gcc/arm-none-eabi/7.3.1/../../../../arm-none-eabi/lib/thumb/v7-m\libc_nano.a(lib_a-memset.o)
                              c:/st/stm32cubeide_1.4.0/stm32cubeide/plugins/com.st.stm32cube.ide.mcu.externaltools.gnu-tools-for-stm32.7-2018-q2-update.win32_1.4.0.202007081208/tools/bin/../lib/gcc/arm-none-eabi/7.3.1/../../../../arm-none-eabi/lib/thumb/v7-m/crt0.o (memset)

Allocating common symbols
Common symbol       size              file

_E_MSP              0x4               Src/main.o
Global_SPI_Config2  0x18              Stm32_F103C6_Drivers/Stm32_F103C6_SPI_driver.o
_S_PSP_TA           0x4               Src/main.o
pinconfig           0x4               HAL/keypad.o
TaskB_flag          0x4               Src/main.o
_S_PSP_TB           0x4               Src/main.o
TaskA_flag          0x4               Src/main.o
Global_SPI_Config1  0x18              Stm32_F103C6_Drivers/Stm32_F103C6_SPI_driver.o
_E_PSP_TB           0x4               Src/main.o
GP_IRQ_Callback     0x3c              Stm32_F103C6_Drivers/Stm32_F103C6_EXTI_driver.o
_E_PSP_TA           0x4               Src/main.o

Discarded input sections

 .text          0x0000000000000000        0x0 c:/st/stm32cubeide_1.4.0/stm32cubeide/plugins/com.st.stm32cube.ide.mcu.externaltools.gnu-tools-for-stm32.7-2018-q2-update.win32_1.4.0.202007081208/tools/bin/../lib/gcc/arm-none-eabi/7.3.1/thumb/v7-m/crti.o
 .data          0x0000000000000000        0x0 c:/st/stm32cubeide_1.4.0/stm32cubeide/plugins/com.st.stm32cube.ide.mcu.externaltools.gnu-tools-for-stm32.7-2018-q2-update.win32_1.4.0.202007081208/tools/bin/../lib/gcc/arm-none-eabi/7.3.1/thumb/v7-m/crti.o
 .bss           0x0000000000000000        0x0 c:/st/stm32cubeide_1.4.0/stm32cubeide/plugins/com.st.stm32cube.ide.mcu.externaltools.gnu-tools-for-stm32.7-2018-q2-update.win32_1.4.0.202007081208/tools/bin/../lib/gcc/arm-none-eabi/7.3.1/thumb/v7-m/crti.o
 .data          0x0000000000000000        0x4 c:/st/stm32cubeide_1.4.0/stm32cubeide/plugins/com.st.stm32cube.ide.mcu.externaltools.gnu-tools-for-stm32.7-2018-q2-update.win32_1.4.0.202007081208/tools/bin/../lib/gcc/arm-none-eabi/7.3.1/thumb/v7-m/crtbegin.o
 .text          0x0000000000000000       0x74 c:/st/stm32cubeide_1.4.0/stm32cubeide/plugins/com.st.stm32cube.ide.mcu.externaltools.gnu-tools-for-stm32.7-2018-q2-update.win32_1.4.0.202007081208/tools/bin/../lib/gcc/arm-none-eabi/7.3.1/../../../../arm-none-eabi/lib/thumb/v7-m/crt0.o
 .data          0x0000000000000000        0x0 c:/st/stm32cubeide_1.4.0/stm32cubeide/plugins/com.st.stm32cube.ide.mcu.externaltools.gnu-tools-for-stm32.7-2018-q2-update.win32_1.4.0.202007081208/tools/bin/../lib/gcc/arm-none-eabi/7.3.1/../../../../arm-none-eabi/lib/thumb/v7-m/crt0.o
[...]
Memory Configuration

Name             Origin             Length             Attributes
RAM              0x0000000020000000 0x0000000000002800 xrw
ROM              0x0000000008000000 0x0000000000008000 xr
*default*        0x0000000000000000 0xffffffffffffffff

Linker script and memory map

LOAD c:/st/stm32cubeide_1.4.0/stm32cubeide/plugins/com.st.stm32cube.ide.mcu.externaltools.gnu-tools-for-stm32.7-2018-q2-update.win32_1.4.0.202007081208/tools/bin/../lib/gcc/arm-none-eabi/7.3.1/thumb/v7-m/crti.o
LOAD c:/st/stm32cubeide_1.4.0/stm32cubeide/plugins/com.st.stm32cube.ide.mcu.externaltools.gnu-tools-for-stm32.7-2018-q2-update.win32_1.4.0.202007081208/tools/bin/../lib/gcc/arm-none-eabi/7.3.1/thumb/v7-m/crtbegin.o
LOAD c:/st/stm32cubeide_1.4.0/stm32cubeide/plugins/com.st.stm32cube.ide.mcu.externaltools.gnu-tools-for-stm32.7-2018-q2-update.win32_1.4.0.202007081208/tools/bin/../lib/gcc/arm-none-eabi/7.3.1/../../../../arm-none-eabi/lib/thumb/v7-m/crt0.o
LOAD HAL/I2C_Slave_E2PROM.o
LOAD HAL/keypad.o
LOAD HAL/lcd.o
LOAD Src/main.o
LOAD Src/syscalls.o
LOAD Src/sysmem.o
LOAD Startup/startup_stm32f103c6tx.o
LOAD Stm32_F103C6_Drivers/Stm32_F103C6_EXTI_driver.o
LOAD Stm32_F103C6_Drivers/Stm32_F103C6_I2C_driver.o
LOAD Stm32_F103C6_Drivers/Stm32_F103C6_RCC_driver.o
LOAD Stm32_F103C6_Drivers/Stm32_F103C6_SPI_driver.o
LOAD Stm32_F103C6_Drivers/Stm32_F103C6_USART_driver.o
LOAD Stm32_F103C6_Drivers/Stm32_F103C6_gpio_driver.o
START GROUP
LOAD c:/st/stm32cubeide_1.4.0/stm32cubeide/plugins/com.st.stm32cube.ide.mcu.externaltools.gnu-tools-for-stm32.7-2018-q2-update.win32_1.4.0.202007081208/tools/bin/../lib/gcc/arm-none-eabi/7.3.1/../../../../arm-none-eabi/lib/thumb/v7-m\libc_nano.a
LOAD c:/st/stm32cubeide_1.4.0/stm32cubeide/plugins/com.st.stm32cube.ide.mcu.externaltools.gnu-tools-for-stm32.7-2018-q2-update.win32_1.4.0.202007081208/tools/bin/../lib/gcc/arm-none-eabi/7.3.1/../../../../arm-none-eabi/lib/thumb/v7-m\libm.a
END GROUP
START GROUP
LOAD c:/st/stm32cubeide_1.4.0/stm32cubeide/plugins/com.st.stm32cube.ide.mcu.externaltools.gnu-tools-for-stm32.7-2018-q2-update.win32_1.4.0.202007081208/tools/bin/../lib/gcc/arm-none-eabi/7.3.1/thumb/v7-m\libgcc.a
LOAD c:/st/stm32cubeide_1.4.0/stm32cubeide/plugins/com.st.stm32cube.ide.mcu.externaltools.gnu-tools-for-stm32.7-2018-q2-update.win32_1.4.0.202007081208/tools/bin/../lib/gcc/arm-none-eabi/7.3.1/../../../../arm-none-eabi/lib/thumb/v7-m\libg_nano.a
LOAD c:/st/stm32cubeide_1.4.0/stm32cubeide/plugins/com.st.stm32cube.ide.mcu.externaltools.gnu-tools-for-stm32.7-2018-q2-update.win32_1.4.0.202007081208/tools/bin/../lib/gcc/arm-none-eabi/7.3.1/../../../../arm-none-eabi/lib/thumb/v7-m\libc_nano.a
END GROUP
START GROUP
LOAD c:/st/stm32cubeide_1.4.0/stm32cubeide/plugins/com.st.stm32cube.ide.mcu.externaltools.gnu-tools-for-stm32.7-2018-q2-update.win32_1.4.0.202007081208/tools/bin/../lib/gcc/arm-none-eabi/7.3.1/thumb/v7-m\libgcc.a
LOAD c:/st/stm32cubeide_1.4.0/stm32cubeide/plugins/com.st.stm32cube.ide.mcu.externaltools.gnu-tools-for-stm32.7-2018-q2-update.win32_1.4.0.202007081208/tools/bin/../lib/gcc/arm-none-eabi/7.3.1/../../../../arm-none-eabi/lib/thumb/v7-m\libc_nano.a
LOAD c:/st/stm32cubeide_1.4.0/stm32cubeide/plugins/com.st.stm32cube.ide.mcu.externaltools.gnu-tools-for-stm32.7-2018-q2-update.win32_1.4.0.202007081208/tools/bin/../lib/gcc/arm-none-eabi/7.3.1/../../../../arm-none-eabi/lib/thumb/v7-m\libnosys.a
END GROUP
START GROUP
LOAD c:/st/stm32cubeide_1.4.0/stm32cubeide/plugins/com.st.stm32cube.ide.mcu.externaltools.gnu-tools-for-stm32.7-2018-q2-update.win32_1.4.0.202007081208/tools/bin/../lib/gcc/arm-none-eabi/7.3.1/thumb/v7-m\libgcc.a
LOAD c:/st/stm32cubeide_1.4.0/stm32cubeide/plugins/com.st.stm32cube.ide.mcu.externaltools.gnu-tools-for-stm32.7-2018-q2-update.win32_1.4.0.202007081208/tools/bin/../lib/gcc/arm-none-eabi/7.3.1/../../../../arm-none-eabi/lib/thumb/v7-m\libc_nano.a
LOAD c:/st/stm32cubeide_1.4.0/stm32cubeide/plugins/com.st.stm32cube.ide.mcu.externaltools.gnu-tools-for-stm32.7-2018-q2-update.win32_1.4.0.202007081208/tools/bin/../lib/gcc/arm-none-eabi/7.3.1/../../../../arm-none-eabi/lib/thumb/v7-m\libnosys.a
END GROUP
LOAD c:/st/stm32cubeide_1.4.0/stm32cubeide/plugins/com.st.stm32cube.ide.mcu.externaltools.gnu-tools-for-stm32.7-2018-q2-update.win32_1.4.0.202007081208/tools/bin/../lib/gcc/arm-none-eabi/7.3.1/thumb/v7-m/crtend.o
LOAD c:/st/stm32cubeide_1.4.0/stm32cubeide/plugins/com.st.stm32cube.ide.mcu.externaltools.gnu-tools-for-stm32.7-2018-q2-update.win32_1.4.0.202007081208/tools/bin/../lib/gcc/arm-none-eabi/7.3.1/thumb/v7-m/crtn.o
                0x0000000020002800                _estack = (ORIGIN (RAM) + LENGTH (RAM))
                0x0000000000000200                _Min_Heap_Size = 0x200
                0x0000000000000400                _Min_Stack_Size = 0x400

.isr_vector     0x0000000008000000      0x130
                0x0000000008000000                . = ALIGN (0x4)
 *(.isr_vector)
 .isr_vector    0x0000000008000000      0x130 Startup/startup_stm32f103c6tx.o
                0x0000000008000000                g_pfnVectors
                0x0000000008000130                . = ALIGN (0x4)

.text           0x0000000008000130      0xe0c
                0x0000000008000130                . = ALIGN (0x4)
 *(.text)
 .text          0x0000000008000130       0x40 c:/st/stm32cubeide_1.4.0/stm32cubeide/plugins/com.st.stm32cube.ide.mcu.externaltools.gnu-tools-for-stm32.7-2018-q2-update.win32_1.4.0.202007081208/tools/bin/../lib/gcc/arm-none-eabi/7.3.1/thumb/v7-m/crtbegin.o
 *(.text*)
 .text._delay_ms
                0x0000000008000170       0x38 HAL/lcd.o
                0x0000000008000170                _delay_ms
 .text.LCD_clear_screen
                0x00000000080001a8        0xe HAL/lcd.o
                0x00000000080001a8                LCD_clear_screen
 *fill*         0x00000000080001b6        0x2 
 .text.LCD_kick
                0x00000000080001b8       0x2c HAL/lcd.o
                0x00000000080001b8                LCD_kick
 .text.LCD_INIT
                0x00000000080001e4      0x18c HAL/lcd.o
                0x00000000080001e4                LCD_INIT
 .text.LCD_WRITE_COMMAND
                0x0000000008000370       0x44 HAL/lcd.o
                0x0000000008000370                LCD_WRITE_COMMAND
 .text.SVC_Handler
                0x00000000080003b4       0x1c Src/main.o
                0x00000000080003b4                SVC_Handler
 .text.EXTI9_Callback
                0x00000000080003d0       0x44 Src/main.o
                0x00000000080003d0                EXTI9_Callback
 .text.TaskA    0x0000000008000414       0x20 Src/main.o
                0x0000000008000414                TaskA
 .text.TaskB    0x0000000008000434       0x22 Src/main.o
                0x0000000008000434                TaskB
 *fill*         0x0000000008000456        0x2 
 .text.MainOS   0x0000000008000458      0x104 Src/main.o
                0x0000000008000458                MainOS
 .text.main     0x000000000800055c       0x78 Src/main.o
                0x000000000800055c                main
 .text.Reset_Handler
                0x00000000080005d4       0x50 Startup/startup_stm32f103c6tx.o
                0x00000000080005d4                Reset_Handler
 .text.Default_Handler
                0x0000000008000624        0x2 Startup/startup_stm32f103c6tx.o
                0x0000000008000624                TIM8_TRG_COM_IRQHandler
                0x0000000008000624                TIM8_CC_IRQHandler
                0x0000000008000624                DebugMon_Handler
                0x0000000008000624                TIM1_CC_IRQHandler
                0x0000000008000624                HardFault_Handler
                0x0000000008000624                TIM6_IRQHandler
                0x0000000008000624                SysTick_Handler
                0x0000000008000624                PVD_IRQHandler
                0x0000000008000624                SDIO_IRQHandler
                0x0000000008000624                PendSV_Handler
                0x0000000008000624                NMI_Handler
                0x0000000008000624                USB_HP_CAN_TX_IRQHandler
                0x0000000008000624                I2C2_EV_IRQHandler
                0x0000000008000624                UsageFault_Handler
                0x0000000008000624                ADC1_2_IRQHandler
                0x0000000008000624                CAN_SCE_IRQHandler
                0x0000000008000624                TAMPER_IRQHandler
                0x0000000008000624                TIM8_UP_IRQHandler
                0x0000000008000624                DMA2_Channel2_IRQHandler
                0x0000000008000624                DMA1_Channel4_IRQHandler
                0x0000000008000624                RTC_IRQHandler
                0x0000000008000624                DMA1_Channel7_IRQHandler
                0x0000000008000624                UART5_IRQHandler
                0x0000000008000624                ADC3_IRQHandler
                0x0000000008000624                TIM4_IRQHandler
                0x0000000008000624                CAN_RX1_IRQHandler
                0x0000000008000624                DMA2_Channel1_IRQHandler
                0x0000000008000624                I2C1_EV_IRQHandler
                0x0000000008000624                DMA1_Channel6_IRQHandler
                0x0000000008000624                UART4_IRQHandler
                0x0000000008000624                TIM3_IRQHandler
                0x0000000008000624                RCC_IRQHandler
                0x0000000008000624                TIM1_TRG_COM_IRQHandler
                0x0000000008000624                DMA1_Channel1_IRQHandler
                0x0000000008000624                Default_Handler
                0x0000000008000624                TIM7_IRQHandler
                0x0000000008000624                TIM5_IRQHandler
                0x0000000008000624                USB_LP_CAN_RX0_IRQHandler
                0x0000000008000624                MemManage_Handler
                0x0000000008000624                DMA1_Channel5_IRQHandler
                0x0000000008000624                DMA1_Channel3_IRQHandler
                0x0000000008000624                FSMC_IRQHandler
                0x0000000008000624                TIM1_UP_IRQHandler
                0x0000000008000624                WWDG_IRQHandler
                0x0000000008000624                TIM2_IRQHandler
                0x0000000008000624                TIM1_BRK_IRQHandler
                0x0000000008000624                RTCAlarm_IRQHandler
                0x0000000008000624                DMA2_Channel4_5_IRQHandler
                0x0000000008000624                I2C2_ER_IRQHandler
                0x0000000008000624                DMA1_Channel2_IRQHandler
                0x0000000008000624                TIM8_BRK_IRQHandler
                0x0000000008000624                FLASH_IRQHandler
                0x0000000008000624                BusFault_Handler
                0x0000000008000624                SPI3_IRQHandler
                0x0000000008000624                I2C1_ER_IRQHandler
                0x0000000008000624                DMA2_Channel3_IRQHandler
 *fill*         0x0000000008000626        0x2 
 .text.Enable_NVIC
                0x0000000008000628       0xcc Stm32_F103C6_Drivers/Stm32_F103C6_EXTI_driver.o
                0x0000000008000628                Enable_NVIC
 .text.Disable_NVIC
                0x00000000080006f4       0xcc Stm32_F103C6_Drivers/Stm32_F103C6_EXTI_driver.o
                0x00000000080006f4                Disable_NVIC
 .text.Update_EXTI
                0x00000000080007c0      0x1d8 Stm32_F103C6_Drivers/Stm32_F103C6_EXTI_driver.o
                0x00000000080007c0                Update_EXTI
 .text.MCAL_EXTI_GPIO_INIT
                0x0000000008000998       0x16 Stm32_F103C6_Drivers/Stm32_F103C6_EXTI_driver.o
                0x0000000008000998                MCAL_EXTI_GPIO_INIT
 *fill*         0x00000000080009ae        0x2 
 .text.EXTI0_IRQHandler
                0x00000000080009b0       0x24 Stm32_F103C6_Drivers/Stm32_F103C6_EXTI_driver.o
                0x00000000080009b0                EXTI0_IRQHandler
 .text.EXTI1_IRQHandler
                0x00000000080009d4       0x24 Stm32_F103C6_Drivers/Stm32_F103C6_EXTI_driver.o
                0x00000000080009d4                EXTI1_IRQHandler
 .text.EXTI2_IRQHandler
                0x00000000080009f8       0x24 Stm32_F103C6_Drivers/Stm32_F103C6_EXTI_driver.o
                0x00000000080009f8                EXTI2_IRQHandler
 .text.EXTI3_IRQHandler
                0x0000000008000a1c       0x24 Stm32_F103C6_Drivers/Stm32_F103C6_EXTI_driver.o
                0x0000000008000a1c                EXTI3_IRQHandler
 .text.EXTI4_IRQHandler
                0x0000000008000a40       0x24 Stm32_F103C6_Drivers/Stm32_F103C6_EXTI_driver.o
                0x0000000008000a40                EXTI4_IRQHandler
 .text.EXTI9_5_IRQHandler
                0x0000000008000a64       0xa8 Stm32_F103C6_Drivers/Stm32_F103C6_EXTI_driver.o
                0x0000000008000a64                EXTI9_5_IRQHandler
 .text.EXTI15_10_IRQHandler
                0x0000000008000b0c       0xc4 Stm32_F103C6_Drivers/Stm32_F103C6_EXTI_driver.o
                0x0000000008000b0c                EXTI15_10_IRQHandler
 .text.SPI1_IRQHandler
                0x0000000008000bd0       0x5c Stm32_F103C6_Drivers/Stm32_F103C6_SPI_driver.o
                0x0000000008000bd0                SPI1_IRQHandler
 .text.SPI2_IRQHandler
                0x0000000008000c2c       0x5c Stm32_F103C6_Drivers/Stm32_F103C6_SPI_driver.o
                0x0000000008000c2c                SPI2_IRQHandler
 .text.USART1_IRQHandler
                0x0000000008000c88       0x14 Stm32_F103C6_Drivers/Stm32_F103C6_USART_driver.o
                0x0000000008000c88                USART1_IRQHandler
 .text.USART2_IRQHandler
                0x0000000008000c9c       0x14 Stm32_F103C6_Drivers/Stm32_F103C6_USART_driver.o
                0x0000000008000c9c                USART2_IRQHandler
 .text.USART3_IRQHandler
                0x0000000008000cb0       0x14 Stm32_F103C6_Drivers/Stm32_F103C6_USART_driver.o
                0x0000000008000cb0                USART3_IRQHandler
 .text.Get_CRLH_Position
                0x0000000008000cc4       0xc6 Stm32_F103C6_Drivers/Stm32_F103C6_gpio_driver.o
                0x0000000008000cc4                Get_CRLH_Position
 .text.MCAL_GPIO_Init
                0x0000000008000d8a      0x108 Stm32_F103C6_Drivers/Stm32_F103C6_gpio_driver.o
                0x0000000008000d8a                MCAL_GPIO_Init
 .text.MCAL_GPIO_WritePin
                0x0000000008000e92       0x2e Stm32_F103C6_Drivers/Stm32_F103C6_gpio_driver.o
                0x0000000008000e92                MCAL_GPIO_WritePin
 .text.MCAL_GPIO_WritePORT
                0x0000000008000ec0       0x1c Stm32_F103C6_Drivers/Stm32_F103C6_gpio_driver.o
                0x0000000008000ec0                MCAL_GPIO_WritePORT
 .text.__libc_init_array
                0x0000000008000edc       0x48 c:/st/stm32cubeide_1.4.0/stm32cubeide/plugins/com.st.stm32cube.ide.mcu.externaltools.gnu-tools-for-stm32.7-2018-q2-update.win32_1.4.0.202007081208/tools/bin/../lib/gcc/arm-none-eabi/7.3.1/../../../../arm-none-eabi/lib/thumb/v7-m\libc_nano.a(lib_a-init.o)
                0x0000000008000edc                __libc_init_array
 *(.glue_7)
 .glue_7        0x0000000008000f24        0x0 linker stubs
 *(.glue_7t)
 .glue_7t       0x0000000008000f24        0x0 linker stubs
 *(.eh_frame)
 .eh_frame      0x0000000008000f24        0x0 c:/st/stm32cubeide_1.4.0/stm32cubeide/plugins/com.st.stm32cube.ide.mcu.externaltools.gnu-tools-for-stm32.7-2018-q2-update.win32_1.4.0.202007081208/tools/bin/../lib/gcc/arm-none-eabi/7.3.1/thumb/v7-m/crtbegin.o
 *(.init)
 .init          0x0000000008000f24        0x4 c:/st/stm32cubeide_1.4.0/stm32cubeide/plugins/com.st.stm32cube.ide.mcu.externaltools.gnu-tools-for-stm32.7-2018-q2-update.win32_1.4.0.202007081208/tools/bin/../lib/gcc/arm-none-eabi/7.3.1/thumb/v7-m/crti.o
                0x0000000008000f24                _init
 .init          0x0000000008000f28        0x8 c:/st/stm32cubeide_1.4.0/stm32cubeide/plugins/com.st.stm32cube.ide.mcu.externaltools.gnu-tools-for-stm32.7-2018-q2-update.win32_1.4.0.202007081208/tools/bin/../lib/gcc/arm-none-eabi/7.3.1/thumb/v7-m/crtn.o
 *(.fini)
 .fini          0x0000000008000f30        0x4 c:/st/stm32cubeide_1.4.0/stm32cubeide/plugins/com.st.stm32cube.ide.mcu.externaltools.gnu-tools-for-stm32.7-2018-q2-update.win32_1.4.0.202007081208/tools/bin/../lib/gcc/arm-none-eabi/7.3.1/thumb/v7-m/crti.o
                0x0000000008000f30                _fini
 .fini          0x0000000008000f34        0x8 c:/st/stm32cubeide_1.4.0/stm32cubeide/plugins/com.st.stm32cube.ide.mcu.externaltools.gnu-tools-for-stm32.7-2018-q2-update.win32_1.4.0.202007081208/tools/bin/../lib/gcc/arm-none-eabi/7.3.1/thumb/v7-m/crtn.o
                0x0000000008000f3c                . = ALIGN (0x4)
                0x0000000008000f3c                _etext = .

.vfp11_veneer   0x0000000008000f3c        0x0
 .vfp11_veneer  0x0000000008000f3c        0x0 linker stubs

.v4_bx          0x0000000008000f3c        0x0
 .v4_bx         0x0000000008000f3c        0x0 linker stubs

.iplt           0x0000000008000f3c        0x0
 .iplt          0x0000000008000f3c        0x0 c:/st/stm32cubeide_1.4.0/stm32cubeide/plugins/com.st.stm32cube.ide.mcu.externaltools.gnu-tools-for-stm32.7-2018-q2-update.win32_1.4.0.202007081208/tools/bin/../lib/gcc/arm-none-eabi/7.3.1/thumb/v7-m/crtbegin.o

.rodata         0x0000000008000f3c        0xc
                0x0000000008000f3c                . = ALIGN (0x4)
 *(.rodata)
 .rodata        0x0000000008000f3c        0xc Src/main.o
 *(.rodata*)
                0x0000000008000f48                . = ALIGN (0x4)

.rel.dyn        0x0000000008000f48        0x0
 .rel.iplt      0x0000000008000f48        0x0 c:/st/stm32cubeide_1.4.0/stm32cubeide/plugins/com.st.stm32cube.ide.mcu.externaltools.gnu-tools-for-stm32.7-2018-q2-update.win32_1.4.0.202007081208/tools/bin/../lib/gcc/arm-none-eabi/7.3.1/thumb/v7-m/crtbegin.o

.ARM.extab      0x0000000008000f48        0x0
                0x0000000008000f48                . = ALIGN (0x4)
 *(.ARM.extab* .gnu.linkonce.armextab.*)
                0x0000000008000f48                . = ALIGN (0x4)

.ARM            0x0000000008000f48        0x0
                0x0000000008000f48                . = ALIGN (0x4)
                0x0000000008000f48                __exidx_start = .
 *(.ARM.exidx*)
                0x0000000008000f48                __exidx_end = .
                0x0000000008000f48                . = ALIGN (0x4)

.preinit_array  0x0000000008000f48        0x0
                0x0000000008000f48                . = ALIGN (0x4)
                0x0000000008000f48                PROVIDE (__preinit_array_start = .)
 *(.preinit_array*)
                0x0000000008000f48                PROVIDE (__preinit_array_end = .)
                0x0000000008000f48                . = ALIGN (0x4)

.init_array     0x0000000008000f48        0x4
                0x0000000008000f48                . = ALIGN (0x4)
                0x0000000008000f48                PROVIDE (__init_array_start = .)
 *(SORT_BY_NAME(.init_array.*))
 *(.init_array*)
 .init_array    0x0000000008000f48        0x4 c:/st/stm32cubeide_1.4.0/stm32cubeide/plugins/com.st.stm32cube.ide.mcu.externaltools.gnu-tools-for-stm32.7-2018-q2-update.win32_1.4.0.202007081208/tools/bin/../lib/gcc/arm-none-eabi/7.3.1/thumb/v7-m/crtbegin.o
                0x0000000008000f4c                PROVIDE (__init_array_end = .)
                0x0000000008000f4c                . = ALIGN (0x4)

.fini_array     0x0000000008000f4c        0x4
                0x0000000008000f4c                . = ALIGN (0x4)
                [!provide]                        PROVIDE (__fini_array_start = .)
 *(SORT_BY_NAME(.fini_array.*))
 *(.fini_array*)
 .fini_array    0x0000000008000f4c        0x4 c:/st/stm32cubeide_1.4.0/stm32cubeide/plugins/com.st.stm32cube.ide.mcu.externaltools.gnu-tools-for-stm32.7-2018-q2-update.win32_1.4.0.202007081208/tools/bin/../lib/gcc/arm-none-eabi/7.3.1/thumb/v7-m/crtbegin.o
                [!provide]                        PROVIDE (__fini_array_end = .)
                0x0000000008000f50                . = ALIGN (0x4)
                0x0000000008000f50                _sidata = LOADADDR (.data)

.data           0x0000000020000000        0x4 load address 0x0000000008000f50
                0x0000000020000000                . = ALIGN (0x4)
                0x0000000020000000                _sdata = .
 *(.data)
 *(.data*)
 .data._S_MSP   0x0000000020000000        0x4 Src/main.o
                0x0000000020000000                _S_MSP
                0x0000000020000004                . = ALIGN (0x4)
                0x0000000020000004                _edata = .

.igot.plt       0x0000000020000004        0x0 load address 0x0000000008000f54
 .igot.plt      0x0000000020000004        0x0 c:/st/stm32cubeide_1.4.0/stm32cubeide/plugins/com.st.stm32cube.ide.mcu.externaltools.gnu-tools-for-stm32.7-2018-q2-update.win32_1.4.0.202007081208/tools/bin/../lib/gcc/arm-none-eabi/7.3.1/thumb/v7-m/crtbegin.o
                0x0000000020000004                . = ALIGN (0x4)

.bss            0x0000000020000004       0x88 load address 0x0000000008000f54
                0x0000000020000004                _sbss = .
                0x0000000020000004                __bss_start__ = _sbss
 *(.bss)
 .bss           0x0000000020000004       0x1c c:/st/stm32cubeide_1.4.0/stm32cubeide/plugins/com.st.stm32cube.ide.mcu.externaltools.gnu-tools-for-stm32.7-2018-q2-update.win32_1.4.0.202007081208/tools/bin/../lib/gcc/arm-none-eabi/7.3.1/thumb/v7-m/crtbegin.o
 *(.bss*)
 .bss.IRQ_flag  0x0000000020000020        0x4 Src/main.o
                0x0000000020000020                IRQ_flag
 .bss.Global_SPI_Config
                0x0000000020000024        0x8 Stm32_F103C6_Drivers/Stm32_F103C6_SPI_driver.o
                0x0000000020000024                Global_SPI_Config
 .bss.Global_UART_Config
                0x000000002000002c        0x4 Stm32_F103C6_Drivers/Stm32_F103C6_USART_driver.o
                0x000000002000002c                Global_UART_Config
 *(COMMON)
 COMMON         0x0000000020000030        0x4 HAL/keypad.o
                0x0000000020000030                pinconfig
 COMMON         0x0000000020000034       0x1c Src/main.o
                0x0000000020000034                _E_MSP
                0x0000000020000038                _S_PSP_TA
                0x000000002000003c                TaskB_flag
                0x0000000020000040                _S_PSP_TB
                0x0000000020000044                TaskA_flag
                0x0000000020000048                _E_PSP_TB
                0x000000002000004c                _E_PSP_TA
 COMMON         0x0000000020000050       0x3c Stm32_F103C6_Drivers/Stm32_F103C6_EXTI_driver.o
                0x0000000020000050                GP_IRQ_Callback
                0x000000002000008c                . = ALIGN (0x4)
                0x000000002000008c                _ebss = .
                0x000000002000008c                __bss_end__ = _ebss

._user_heap_stack
                0x000000002000008c      0x604 load address 0x0000000008000f54
                0x0000000020000090                . = ALIGN (0x8)
 *fill*         0x000000002000008c        0x4 
                [!provide]                        PROVIDE (end = .)
                0x0000000020000090                PROVIDE (_end = .)
                0x0000000020000290                . = (. + _Min_Heap_Size)
 *fill*         0x0000000020000090      0x200 
                0x0000000020000690                . = (. + _Min_Stack_Size)
 *fill*         0x0000000020000290      0x400 
                0x0000000020000690                . = ALIGN (0x8)

/DISCARD/
 libc.a(*)
 libm.a(*)
 libgcc.a(*)

.ARM.attributes
                0x0000000000000000       0x29
 *(.ARM.attributes)
 .ARM.attributes
                0x0000000000000000       0x1d c:/st/stm32cubeide_1.4.0/stm32cubeide/plugins/com.st.stm32cube.ide.mcu.externaltools.gnu-tools-for-stm32.7-2018-q2-update.win32_1.4.0.202007081208/tools/bin/../lib/gcc/arm-none-eabi/7.3.1/thumb/v7-m/crti.o
 .ARM.attributes
                0x000000000000001d       0x2d c:/st/stm32cubeide_1.4.0/stm32cubeide/plugins/com.st.stm32cube.ide.mcu.externaltools.gnu-tools-for-stm32.7-2018-q2-update.win32_1.4.0.202007081208/tools/bin/../lib/gcc/arm-none-eabi/7.3.1/thumb/v7-m/crtbegin.o
 .ARM.attributes
                0x000000000000004a       0x33 HAL/keypad.o
 .ARM.attributes
                0x000000000000007d       0x33 HAL/lcd.o
 .ARM.attributes
                0x00000000000000b0       0x33 Src/main.o
 .ARM.attributes
                0x00000000000000e3       0x21 Startup/startup_stm32f103c6tx.o
 .ARM.attributes
                0x0000000000000104       0x33 Stm32_F103C6_Drivers/Stm32_F103C6_EXTI_driver.o
 .ARM.attributes
                0x0000000000000137       0x33 Stm32_F103C6_Drivers/Stm32_F103C6_SPI_driver.o
 .ARM.attributes
                0x000000000000016a       0x33 Stm32_F103C6_Drivers/Stm32_F103C6_USART_driver.o
 .ARM.attributes
                0x000000000000019d       0x33 Stm32_F103C6_Drivers/Stm32_F103C6_gpio_driver.o
 .ARM.attributes
                0x00000000000001d0       0x2d c:/st/stm32cubeide_1.4.0/stm32cubeide/plugins/com.st.stm32cube.ide.mcu.externaltools.gnu-tools-for-stm32.7-2018-q2-update.win32_1.4.0.202007081208/tools/bin/../lib/gcc/arm-none-eabi/7.3.1/../../../../arm-none-eabi/lib/thumb/v7-m\libc_nano.a(lib_a-init.o)
 .ARM.attributes
                0x00000000000001fd       0x1d c:/st/stm32cubeide_1.4.0/stm32cubeide/plugins/com.st.stm32cube.ide.mcu.externaltools.gnu-tools-for-stm32.7-2018-q2-update.win32_1.4.0.202007081208/tools/bin/../lib/gcc/arm-none-eabi/7.3.1/thumb/v7-m/crtn.o
OUTPUT(Drivers.elf elf32-littlearm)

.debug_info     0x0000000000000000     0x5d8a
 .debug_info    0x0000000000000000      0xb0a HAL/keypad.o
 .debug_info    0x0000000000000b0a      0xbf1 HAL/lcd.o
 .debug_info    0x00000000000016fb      0xdf5 Src/main.o
 .debug_info    0x00000000000024f0       0x22 Startup/startup_stm32f103c6tx.o
 .debug_info    0x0000000000002512      0xdbf Stm32_F103C6_Drivers/Stm32_F103C6_EXTI_driver.o
 .debug_info    0x00000000000032d1      0xf20 Stm32_F103C6_Drivers/Stm32_F103C6_SPI_driver.o
 .debug_info    0x00000000000041f1      0xe24 Stm32_F103C6_Drivers/Stm32_F103C6_USART_driver.o
 .debug_info    0x0000000000005015      0xd75 Stm32_F103C6_Drivers/Stm32_F103C6_gpio_driver.o

.debug_abbrev   0x0000000000000000      0xe7b
 .debug_abbrev  0x0000000000000000      0x1a6 HAL/keypad.o
 .debug_abbrev  0x00000000000001a6      0x203 HAL/lcd.o
 .debug_abbrev  0x00000000000003a9      0x22a Src/main.o
 .debug_abbrev  0x00000000000005d3       0x12 Startup/startup_stm32f103c6tx.o
 .debug_abbrev  0x00000000000005e5      0x210 Stm32_F103C6_Drivers/Stm32_F103C6_EXTI_driver.o
 .debug_abbrev  0x00000000000007f5      0x240 Stm32_F103C6_Drivers/Stm32_F103C6_SPI_driver.o
 .debug_abbrev  0x0000000000000a35      0x214 Stm32_F103C6_Drivers/Stm32_F103C6_USART_driver.o
 .debug_abbrev  0x0000000000000c49      0x232 Stm32_F103C6_Drivers/Stm32_F103C6_gpio_driver.o

.debug_loc      0x0000000000000000     0x1070
 .debug_loc     0x0000000000000000       0x7c HAL/keypad.o
 .debug_loc     0x000000000000007c      0x278 HAL/lcd.o
 .debug_loc     0x00000000000002f4      0x200 Src/main.o
 .debug_loc     0x00000000000004f4      0x320 Stm32_F103C6_Drivers/Stm32_F103C6_EXTI_driver.o
 .debug_loc     0x0000000000000814      0x2bc Stm32_F103C6_Drivers/Stm32_F103C6_SPI_driver.o
 .debug_loc     0x0000000000000ad0      0x270 Stm32_F103C6_Drivers/Stm32_F103C6_USART_driver.o
 .debug_loc     0x0000000000000d40      0x330 Stm32_F103C6_Drivers/Stm32_F103C6_gpio_driver.o

.debug_aranges  0x0000000000000000      0x2a0
 .debug_aranges
                0x0000000000000000       0x28 HAL/keypad.o
 .debug_aranges
                0x0000000000000028       0x68 HAL/lcd.o
 .debug_aranges
                0x0000000000000090       0x50 Src/main.o
 .debug_aranges
                0x00000000000000e0       0x28 Startup/startup_stm32f103c6tx.o
 .debug_aranges
                0x0000000000000108       0x80 Stm32_F103C6_Drivers/Stm32_F103C6_EXTI_driver.o
 .debug_aranges
                0x0000000000000188       0x58 Stm32_F103C6_Drivers/Stm32_F103C6_SPI_driver.o
 .debug_aranges
                0x00000000000001e0       0x60 Stm32_F103C6_Drivers/Stm32_F103C6_USART_driver.o
 .debug_aranges
                0x0000000000000240       0x60 Stm32_F103C6_Drivers/Stm32_F103C6_gpio_driver.o

.debug_ranges   0x0000000000000000      0x228
 .debug_ranges  0x0000000000000000       0x18 HAL/keypad.o
 .debug_ranges  0x0000000000000018       0x58 HAL/lcd.o
 .debug_ranges  0x0000000000000070       0x40 Src/main.o
 .debug_ranges  0x00000000000000b0       0x20 Startup/startup_stm32f103c6tx.o
 .debug_ranges  0x00000000000000d0       0x70 Stm32_F103C6_Drivers/Stm32_F103C6_EXTI_driver.o
 .debug_ranges  0x0000000000000140       0x48 Stm32_F103C6_Drivers/Stm32_F103C6_SPI_driver.o
 .debug_ranges  0x0000000000000188       0x50 Stm32_F103C6_Drivers/Stm32_F103C6_USART_driver.o
 .debug_ranges  0x00000000000001d8       0x50 Stm32_F103C6_Drivers/Stm32_F103C6_gpio_driver.o

.debug_macro    0x0000000000000000      0xf45
 .debug_macro   0x0000000000000000      0x152 HAL/keypad.o
 .debug_macro   0x0000000000000152       0xd0 HAL/keypad.o
 .debug_macro   0x0000000000000222       0x3a HAL/keypad.o
 .debug_macro   0x000000000000025c      0x152 HAL/lcd.o
 .debug_macro   0x00000000000003ae       0x8e HAL/lcd.o
 .debug_macro   0x000000000000043c      0x198 Src/main.o
 .debug_macro   0x00000000000005d4      0x1bf Src/main.o
 .debug_macro   0x0000000000000793       0x94 Src/main.o
 .debug_macro   0x0000000000000827       0x40 Src/main.o
 .debug_macro   0x0000000000000867      0x14e Stm32_F103C6_Drivers/Stm32_F103C6_EXTI_driver.o
 .debug_macro   0x00000000000009b5      0x160 Stm32_F103C6_Drivers/Stm32_F103C6_SPI_driver.o
 .debug_macro   0x0000000000000b15       0xbe Stm32_F103C6_Drivers/Stm32_F103C6_SPI_driver.o
 .debug_macro   0x0000000000000bd3      0x151 Stm32_F103C6_Drivers/Stm32_F103C6_USART_driver.o
 .debug_macro   0x0000000000000d24       0xe2 Stm32_F103C6_Drivers/Stm32_F103C6_USART_driver.o
 .debug_macro   0x0000000000000e06      0x13f Stm32_F103C6_Drivers/Stm32_F103C6_gpio_driver.o

.debug_line     0x0000000000000000     0x2f74
 .debug_line    0x0000000000000000      0x681 HAL/keypad.o
 .debug_line    0x0000000000000681      0x6cc HAL/lcd.o
 .debug_line    0x0000000000000d4d      0x66e Src/main.o
 .debug_line    0x00000000000013bb       0x84 Startup/startup_stm32f103c6tx.o
 .debug_line    0x000000000000143f      0x73f Stm32_F103C6_Drivers/Stm32_F103C6_EXTI_driver.o
 .debug_line    0x0000000000001b7e      0x6b2 Stm32_F103C6_Drivers/Stm32_F103C6_SPI_driver.o
 .debug_line    0x0000000000002230      0x6bc Stm32_F103C6_Drivers/Stm32_F103C6_USART_driver.o
 .debug_line    0x00000000000028ec      0x688 Stm32_F103C6_Drivers/Stm32_F103C6_gpio_driver.o

.debug_str      0x0000000000000000     0xc1cc
 .debug_str     0x0000000000000000     0x94c9 HAL/keypad.o
                                       0x972a (size before relaxing)
 .debug_str     0x00000000000094c9      0x310 HAL/lcd.o
                                       0x997c (size before relaxing)
 .debug_str     0x00000000000097d9     0x1715 Src/main.o
                                       0xb062 (size before relaxing)
 .debug_str     0x000000000000aeee       0x31 Startup/startup_stm32f103c6tx.o
                                         0x6b (size before relaxing)
 .debug_str     0x000000000000af1f      0x201 Stm32_F103C6_Drivers/Stm32_F103C6_EXTI_driver.o
                                       0xabe7 (size before relaxing)
 .debug_str     0x000000000000b120      0x7d2 Stm32_F103C6_Drivers/Stm32_F103C6_SPI_driver.o
                                       0x9e7c (size before relaxing)
 .debug_str     0x000000000000b8f2      0x7bf Stm32_F103C6_Drivers/Stm32_F103C6_USART_driver.o
                                       0x9ec0 (size before relaxing)
 .debug_str     0x000000000000c0b1      0x11b Stm32_F103C6_Drivers/Stm32_F103C6_gpio_driver.o
                                       0x97ca (size before relaxing)

.comment        0x0000000000000000       0x7b
 .comment       0x0000000000000000       0x7b HAL/keypad.o
                                         0x7c (size before relaxing)
 .comment       0x000000000000007b       0x7c HAL/lcd.o
 .comment       0x000000000000007b       0x7c Src/main.o
 .comment       0x000000000000007b       0x7c Stm32_F103C6_Drivers/Stm32_F103C6_EXTI_driver.o
 .comment       0x000000000000007b       0x7c Stm32_F103C6_Drivers/Stm32_F103C6_SPI_driver.o
 .comment       0x000000000000007b       0x7c Stm32_F103C6_Drivers/Stm32_F103C6_USART_driver.o
 .comment       0x000000000000007b       0x7c Stm32_F103C6_Drivers/Stm32_F103C6_gpio_driver.o

.debug_frame    0x0000000000000000      0x884
 .debug_frame   0x0000000000000000       0x50 HAL/keypad.o
 .debug_frame   0x0000000000000050      0x154 HAL/lcd.o
 .debug_frame   0x00000000000001a4      0x104 Src/main.o
 .debug_frame   0x00000000000002a8      0x1b0 Stm32_F103C6_Drivers/Stm32_F103C6_EXTI_driver.o
 .debug_frame   0x0000000000000458      0x148 Stm32_F103C6_Drivers/Stm32_F103C6_SPI_driver.o
 .debug_frame   0x00000000000005a0      0x140 Stm32_F103C6_Drivers/Stm32_F103C6_USART_driver.o
 .debug_frame   0x00000000000006e0      0x178 Stm32_F103C6_Drivers/Stm32_F103C6_gpio_driver.o
 .debug_frame   0x0000000000000858       0x2c c:/st/stm32cubeide_1.4.0/stm32cubeide/plugins/com.st.stm32cube.ide.mcu.externaltools.gnu-tools-for-stm32.7-2018-q2-update.win32_1.4.0.202007081208/tools/bin/../lib/gcc/arm-none-eabi/7.3.1/../../../../arm-none-eabi/lib/thumb/v7-m\libc_nano.a(lib_a-init.o)
