Stm32_F103C6_EXTI_driver.c:38:7:Enable_NVIC	16	static
Stm32_F103C6_EXTI_driver.c:78:7:Disable_NVIC	16	static
Stm32_F103C6_EXTI_driver.c:122:6:Update_EXTI	24	static
Stm32_F103C6_EXTI_driver.c:192:6:MCAL_EXTI_GPIO_DeINIT	4	static
Stm32_F103C6_EXTI_driver.c:222:6:MCAL_EXTI_GPIO_INIT	16	static
Stm32_F103C6_EXTI_driver.c:239:6:MCAL_EXTI_GPIO_Update	16	static
Stm32_F103C6_EXTI_driver.c:256:6:EXTI0_IRQHandler	8	static
Stm32_F103C6_EXTI_driver.c:265:6:EXTI1_IRQHandler	8	static
Stm32_F103C6_EXTI_driver.c:274:6:EXTI2_IRQHandler	8	static
Stm32_F103C6_EXTI_driver.c:283:6:EXTI3_IRQHandler	8	static
Stm32_F103C6_EXTI_driver.c:292:6:EXTI4_IRQHandler	8	static
Stm32_F103C6_EXTI_driver.c:301:6:EXTI9_5_IRQHandler	8	static
Stm32_F103C6_EXTI_driver.c:310:6:EXTI15_10_IRQHandler	8	static
