Archive member included to satisfy reference by file (symbol)

c:/st/stm32cubeide_1.4.0/stm32cubeide/plugins/com.st.stm32cube.ide.mcu.externaltools.gnu-tools-for-stm32.7-2018-q2-update.win32_1.4.0.202007081208/tools/bin/../lib/gcc/arm-none-eabi/7.3.1/../../../../arm-none-eabi/lib/thumb/v7-m\libc_nano.a(lib_a-errno.o)
                              Src/syscalls.o (__errno)
c:/st/stm32cubeide_1.4.0/stm32cubeide/plugins/com.st.stm32cube.ide.mcu.externaltools.gnu-tools-for-stm32.7-2018-q2-update.win32_1.4.0.202007081208/tools/bin/../lib/gcc/arm-none-eabi/7.3.1/../../../../arm-none-eabi/lib/thumb/v7-m\libc_nano.a(lib_a-exit.o)
                              c:/st/stm32cubeide_1.4.0/stm32cubeide/plugins/com.st.stm32cube.ide.mcu.externaltools.gnu-tools-for-stm32.7-2018-q2-update.win32_1.4.0.202007081208/tools/bin/../lib/gcc/arm-none-eabi/7.3.1/../../../../arm-none-eabi/lib/thumb/v7-m/crt0.o (exit)
c:/st/stm32cubeide_1.4.0/stm32cubeide/plugins/com.st.stm32cube.ide.mcu.externaltools.gnu-tools-for-stm32.7-2018-q2-update.win32_1.4.0.202007081208/tools/bin/../lib/gcc/arm-none-eabi/7.3.1/../../../../arm-none-eabi/lib/thumb/v7-m\libc_nano.a(lib_a-impure.o)
                              c:/st/stm32cubeide_1.4.0/stm32cubeide/plugins/com.st.stm32cube.ide.mcu.externaltools.gnu-tools-for-stm32.7-2018-q2-update.win32_1.4.0.202007081208/tools/bin/../lib/gcc/arm-none-eabi/7.3.1/../../../../arm-none-eabi/lib/thumb/v7-m\libc_nano.a(lib_a-exit.o) (_global_impure_ptr)
c:/st/stm32cubeide_1.4.0/stm32cubeide/plugins/com.st.stm32cube.ide.mcu.externaltools.gnu-tools-for-stm32.7-2018-q2-update.win32_1.4.0.202007081208/tools/bin/../lib/gcc/arm-none-eabi/7.3.1/../../../../arm-none-eabi/lib/thumb/v7-m\libc_nano.a(lib_a-init.o)
                              c:/st/stm32cubeide_1.4.0/stm32cubeide/plugins/com.st.stm32cube.ide.mcu.externaltools.gnu-tools-for-stm32.7-2018-q2-update.win32_1.4.0.202007081208/tools/bin/../lib/gcc/arm-none-eabi/7.3.1/../../../../arm-none-eabi/lib/thumb/v7-m/crt0.o (__libc_init_array)
c:/st/stm32cubeide_1.4.0/stm32cubeide/plugins/com.st.stm32cube.ide.mcu.externaltools.gnu-tools-for-stm32.7-2018-q2-update.win32_1.4.0.202007081208/tools/bin/../lib/gcc/arm-none-eabi/7.3.1/../../../../arm-none-eabi/lib/thumb/v7-m\libc_nano.a(lib_a-memset.o)
                              c:/st/stm32cubeide_1.4.0/stm32cubeide/plugins/com.st.stm32cube.ide.mcu.externaltools.gnu-tools-for-stm32.7-2018-q2-update.win32_1.4.0.202007081208/tools/bin/../lib/gcc/arm-none-eabi/7.3.1/../../../../arm-none-eabi/lib/thumb/v7-m/crt0.o (memset)

Allocating common symbols
Common symbol       size              file

Global_SPI_Config2  0x18              Stm32_F103C6_Drivers/Stm32_F103C6_SPI_driver.o
pinconfig           0x4               HAL/keypad.o
Global_SPI_Config1  0x18              Stm32_F103C6_Drivers/Stm32_F103C6_SPI_driver.o
GP_IRQ_Callback     0x3c              Stm32_F103C6_Drivers/Stm32_F103C6_EXTI_driver.o
ch                  0x1               Src/main.o

Discarded input sections

 .text          0x0000000000000000        0x0 c:/st/stm32cubeide_1.4.0/stm32cubeide/plugins/com.st.stm32cube.ide.mcu.externaltools.gnu-tools-for-stm32.7-2018-q2-update.win32_1.4.0.202007081208/tools/bin/../lib/gcc/arm-none-eabi/7.3.1/thumb/v7-m/crti.o
 .data          0x0000000000000000        0x0 c:/st/stm32cubeide_1.4.0/stm32cubeide/plugins/com.st.stm32cube.ide.mcu.externaltools.gnu-tools-for-stm32.7-2018-q2-update.win32_1.4.0.202007081208/tools/bin/../lib/gcc/arm-none-eabi/7.3.1/thumb/v7-m/crti.o
 .bss           0x0000000000000000        0x0 c:/st/stm32cubeide_1.4.0/stm32cubeide/plugins/com.st.stm32cube.ide.mcu.externaltools.gnu-tools-for-stm32.7-2018-q2-update.win32_1.4.0.202007081208/tools/bin/../lib/gcc/arm-none-eabi/7.3.1/thumb/v7-m/crti.o
 .data          0x0000000000000000        0x4 c:/st/stm32cubeide_1.4.0/stm32cubeide/plugins/com.st.stm32cube.ide.mcu.externaltools.gnu-tools-for-stm32.7-2018-q2-update.win32_1.4.0.202007081208/tools/bin/../lib/gcc/arm-none-eabi/7.3.1/thumb/v7-m/crtbegin.o
 .text          0x0000000000000000       0x74 c:/st/stm32cubeide_1.4.0/stm32cubeide/plugins/com.st.stm32cube.ide.mcu.externaltools.gnu-tools-for-stm32.7-2018-q2-update.win32_1.4.0.202007081208/tools/bin/../lib/gcc/arm-none-eabi/7.3.1/../../../../arm-none-eabi/lib/thumb/v7-m/crt0.o
 .data          0x0000000000000000        0x0 c:/st/stm32cubeide_1.4.0/stm32cubeide/plugins/com.st.stm32cube.ide.mcu.externaltools.gnu-tools-for-stm32.7-2018-q2-update.win32_1.4.0.202007081208/tools/bin/../lib/gcc/arm-none-eabi/7.3.1/../../../../arm-none-eabi/lib/thumb/v7-m/crt0.o
 .bss           0x0000000000000000        0x0 c:/st/stm32cubeide_1.4.0/stm32cubeide/plugins/com.st.stm32cube.ide.mcu.externaltools.gnu-tools-for-stm32.7-2018-q2-update.win32_1.4.0.202007081208/tools/bin/../lib/gcc/arm-none-eabi/7.3.1/../../../../arm-none-eabi/lib/thumb/v7-m/crt0.o
[...]
Memory Configuration

Name             Origin             Length             Attributes
RAM              0x0000000020000000 0x0000000000002800 xrw
ROM              0x0000000008000000 0x0000000000008000 xr
*default*        0x0000000000000000 0xffffffffffffffff

Linker script and memory map

LOAD c:/st/stm32cubeide_1.4.0/stm32cubeide/plugins/com.st.stm32cube.ide.mcu.externaltools.gnu-tools-for-stm32.7-2018-q2-update.win32_1.4.0.202007081208/tools/bin/../lib/gcc/arm-none-eabi/7.3.1/thumb/v7-m/crti.o
LOAD c:/st/stm32cubeide_1.4.0/stm32cubeide/plugins/com.st.stm32cube.ide.mcu.externaltools.gnu-tools-for-stm32.7-2018-q2-update.win32_1.4.0.202007081208/tools/bin/../lib/gcc/arm-none-eabi/7.3.1/thumb/v7-m/crtbegin.o
LOAD c:/st/stm32cubeide_1.4.0/stm32cubeide/plugins/com.st.stm32cube.ide.mcu.externaltools.gnu-tools-for-stm32.7-2018-q2-update.win32_1.4.0.202007081208/tools/bin/../lib/gcc/arm-none-eabi/7.3.1/../../../../arm-none-eabi/lib/thumb/v7-m/crt0.o
LOAD HAL/I2C_Slave_E2PROM.o
LOAD HAL/keypad.o
LOAD HAL/lcd.o
LOAD Src/main.o
LOAD Src/syscalls.o
LOAD Src/sysmem.o
LOAD Startup/startup_stm32f103c6tx.o
LOAD Stm32_F103C6_Drivers/Stm32_F103C6_EXTI_driver.o
LOAD Stm32_F103C6_Drivers/Stm32_F103C6_I2C_driver.o
LOAD Stm32_F103C6_Drivers/Stm32_F103C6_RCC_driver.o
LOAD Stm32_F103C6_Drivers/Stm32_F103C6_SPI_driver.o
LOAD Stm32_F103C6_Drivers/Stm32_F103C6_USART_driver.o
LOAD Stm32_F103C6_Drivers/Stm32_F103C6_gpio_driver.o
START GROUP
LOAD c:/st/stm32cubeide_1.4.0/stm32cubeide/plugins/com.st.stm32cube.ide.mcu.externaltools.gnu-tools-for-stm32.7-2018-q2-update.win32_1.4.0.202007081208/tools/bin/../lib/gcc/arm-none-eabi/7.3.1/../../../../arm-none-eabi/lib/thumb/v7-m\libc_nano.a
LOAD c:/st/stm32cubeide_1.4.0/stm32cubeide/plugins/com.st.stm32cube.ide.mcu.externaltools.gnu-tools-for-stm32.7-2018-q2-update.win32_1.4.0.202007081208/tools/bin/../lib/gcc/arm-none-eabi/7.3.1/../../../../arm-none-eabi/lib/thumb/v7-m\libm.a
END GROUP
START GROUP
LOAD c:/st/stm32cubeide_1.4.0/stm32cubeide/plugins/com.st.stm32cube.ide.mcu.externaltools.gnu-tools-for-stm32.7-2018-q2-update.win32_1.4.0.202007081208/tools/bin/../lib/gcc/arm-none-eabi/7.3.1/thumb/v7-m\libgcc.a
LOAD c:/st/stm32cubeide_1.4.0/stm32cubeide/plugins/com.st.stm32cube.ide.mcu.externaltools.gnu-tools-for-stm32.7-2018-q2-update.win32_1.4.0.202007081208/tools/bin/../lib/gcc/arm-none-eabi/7.3.1/../../../../arm-none-eabi/lib/thumb/v7-m\libg_nano.a
LOAD c:/st/stm32cubeide_1.4.0/stm32cubeide/plugins/com.st.stm32cube.ide.mcu.externaltools.gnu-tools-for-stm32.7-2018-q2-update.win32_1.4.0.202007081208/tools/bin/../lib/gcc/arm-none-eabi/7.3.1/../../../../arm-none-eabi/lib/thumb/v7-m\libc_nano.a
END GROUP
START GROUP
LOAD c:/st/stm32cubeide_1.4.0/stm32cubeide/plugins/com.st.stm32cube.ide.mcu.externaltools.gnu-tools-for-stm32.7-2018-q2-update.win32_1.4.0.202007081208/tools/bin/../lib/gcc/arm-none-eabi/7.3.1/thumb/v7-m\libgcc.a
LOAD c:/st/stm32cubeide_1.4.0/stm32cubeide/plugins/com.st.stm32cube.ide.mcu.externaltools.gnu-tools-for-stm32.7-2018-q2-update.win32_1.4.0.202007081208/tools/bin/../lib/gcc/arm-none-eabi/7.3.1/../../../../arm-none-eabi/lib/thumb/v7-m\libc_nano.a
LOAD c:/st/stm32cubeide_1.4.0/stm32cubeide/plugins/com.st.stm32cube.ide.mcu.externaltools.gnu-tools-for-stm32.7-2018-q2-update.win32_1.4.0.202007081208/tools/bin/../lib/gcc/arm-none-eabi/7.3.1/../../../../arm-none-eabi/lib/thumb/v7-m\libnosys.a
END GROUP
START GROUP
LOAD c:/st/stm32cubeide_1.4.0/stm32cubeide/plugins/com.st.stm32cube.ide.mcu.externaltools.gnu-tools-for-stm32.7-2018-q2-update.win32_1.4.0.202007081208/tools/bin/../lib/gcc/arm-none-eabi/7.3.1/thumb/v7-m\libgcc.a
LOAD c:/st/stm32cubeide_1.4.0/stm32cubeide/plugins/com.st.stm32cube.ide.mcu.externaltools.gnu-tools-for-stm32.7-2018-q2-update.win32_1.4.0.202007081208/tools/bin/../lib/gcc/arm-none-eabi/7.3.1/../../../../arm-none-eabi/lib/thumb/v7-m\libc_nano.a
LOAD c:/st/stm32cubeide_1.4.0/stm32cubeide/plugins/com.st.stm32cube.ide.mcu.externaltools.gnu-tools-for-stm32.7-2018-q2-update.win32_1.4.0.202007081208/tools/bin/../lib/gcc/arm-none-eabi/7.3.1/../../../../arm-none-eabi/lib/thumb/v7-m\libnosys.a
END GROUP
LOAD c:/st/stm32cubeide_1.4.0/stm32cubeide/plugins/com.st.stm32cube.ide.mcu.externaltools.gnu-tools-for-stm32.7-2018-q2-update.win32_1.4.0.202007081208/tools/bin/../lib/gcc/arm-none-eabi/7.3.1/thumb/v7-m/crtend.o
LOAD c:/st/stm32cubeide_1.4.0/stm32cubeide/plugins/com.st.stm32cube.ide.mcu.externaltools.gnu-tools-for-stm32.7-2018-q2-update.win32_1.4.0.202007081208/tools/bin/../lib/gcc/arm-none-eabi/7.3.1/thumb/v7-m/crtn.o
                0x0000000020002800                _estack = (ORIGIN (RAM) + LENGTH (RAM))
                0x0000000000000200                _Min_Heap_Size = 0x200
                0x0000000000000400                _Min_Stack_Size = 0x400

.isr_vector     0x0000000008000000      0x130
                0x0000000008000000                . = ALIGN (0x4)
 *(.isr_vector)
 .isr_vector    0x0000000008000000      0x130 Startup/startup_stm32f103c6tx.o
                0x0000000008000000                g_pfnVectors
                0x0000000008000130                . = ALIGN (0x4)

.text           0x0000000008000130      0xe8c
                0x0000000008000130                . = ALIGN (0x4)
 *(.text)
 .text          0x0000000008000130       0x40 c:/st/stm32cubeide_1.4.0/stm32cubeide/plugins/com.st.stm32cube.ide.mcu.externaltools.gnu-tools-for-stm32.7-2018-q2-update.win32_1.4.0.202007081208/tools/bin/../lib/gcc/arm-none-eabi/7.3.1/thumb/v7-m/crtbegin.o
 *(.text*)
 .text.eeprom_init
                0x0000000008000170       0x40 HAL/I2C_Slave_E2PROM.o
                0x0000000008000170                eeprom_init
 .text.eeprom_write_Nbytes
                0x00000000080001b0       0xa4 HAL/I2C_Slave_E2PROM.o
                0x00000000080001b0                eeprom_write_Nbytes
 .text.eeprom_read_bytes
                0x0000000008000254       0x58 HAL/I2C_Slave_E2PROM.o
                0x0000000008000254                eeprom_read_bytes
 .text.clock_init
                0x00000000080002ac       0x34 Src/main.o
                0x00000000080002ac                clock_init
 .text.main     0x00000000080002e0       0x78 Src/main.o
                0x00000000080002e0                main
 .text.Reset_Handler
                0x0000000008000358       0x50 Startup/startup_stm32f103c6tx.o
                0x0000000008000358                Reset_Handler
 .text.Default_Handler
                0x00000000080003a8        0x2 Startup/startup_stm32f103c6tx.o
                0x00000000080003a8                TIM8_TRG_COM_IRQHandler
                0x00000000080003a8                TIM8_CC_IRQHandler
                0x00000000080003a8                DebugMon_Handler
                0x00000000080003a8                TIM1_CC_IRQHandler
                0x00000000080003a8                HardFault_Handler
                0x00000000080003a8                TIM6_IRQHandler
                0x00000000080003a8                SysTick_Handler
                0x00000000080003a8                PVD_IRQHandler
                0x00000000080003a8                SDIO_IRQHandler
                0x00000000080003a8                PendSV_Handler
                0x00000000080003a8                NMI_Handler
                0x00000000080003a8                USB_HP_CAN_TX_IRQHandler
                0x00000000080003a8                I2C2_EV_IRQHandler
                0x00000000080003a8                UsageFault_Handler
                0x00000000080003a8                ADC1_2_IRQHandler
                0x00000000080003a8                CAN_SCE_IRQHandler
                0x00000000080003a8                TAMPER_IRQHandler
                0x00000000080003a8                TIM8_UP_IRQHandler
                0x00000000080003a8                DMA2_Channel2_IRQHandler
                0x00000000080003a8                DMA1_Channel4_IRQHandler
                0x00000000080003a8                RTC_IRQHandler
                0x00000000080003a8                DMA1_Channel7_IRQHandler
                0x00000000080003a8                UART5_IRQHandler
                0x00000000080003a8                ADC3_IRQHandler
                0x00000000080003a8                TIM4_IRQHandler
                0x00000000080003a8                CAN_RX1_IRQHandler
                0x00000000080003a8                DMA2_Channel1_IRQHandler
                0x00000000080003a8                I2C1_EV_IRQHandler
                0x00000000080003a8                DMA1_Channel6_IRQHandler
                0x00000000080003a8                UART4_IRQHandler
                0x00000000080003a8                TIM3_IRQHandler
                0x00000000080003a8                RCC_IRQHandler
                0x00000000080003a8                TIM1_TRG_COM_IRQHandler
                0x00000000080003a8                DMA1_Channel1_IRQHandler
                0x00000000080003a8                Default_Handler
                0x00000000080003a8                TIM7_IRQHandler
                0x00000000080003a8                TIM5_IRQHandler
                0x00000000080003a8                USB_LP_CAN_RX0_IRQHandler
                0x00000000080003a8                MemManage_Handler
                0x00000000080003a8                SVC_Handler
                0x00000000080003a8                DMA1_Channel5_IRQHandler
                0x00000000080003a8                DMA1_Channel3_IRQHandler
                0x00000000080003a8                FSMC_IRQHandler
                0x00000000080003a8                TIM1_UP_IRQHandler
                0x00000000080003a8                WWDG_IRQHandler
                0x00000000080003a8                TIM2_IRQHandler
                0x00000000080003a8                TIM1_BRK_IRQHandler
                0x00000000080003a8                RTCAlarm_IRQHandler
                0x00000000080003a8                DMA2_Channel4_5_IRQHandler
                0x00000000080003a8                I2C2_ER_IRQHandler
                0x00000000080003a8                DMA1_Channel2_IRQHandler
                0x00000000080003a8                TIM8_BRK_IRQHandler
                0x00000000080003a8                FLASH_IRQHandler
                0x00000000080003a8                BusFault_Handler
                0x00000000080003a8                SPI3_IRQHandler
                0x00000000080003a8                I2C1_ER_IRQHandler
                0x00000000080003a8                DMA2_Channel3_IRQHandler
 *fill*         0x00000000080003aa        0x2 
 .text.EXTI0_IRQHandler
                0x00000000080003ac       0x24 Stm32_F103C6_Drivers/Stm32_F103C6_EXTI_driver.o
                0x00000000080003ac                EXTI0_IRQHandler
 .text.EXTI1_IRQHandler
                0x00000000080003d0       0x24 Stm32_F103C6_Drivers/Stm32_F103C6_EXTI_driver.o
                0x00000000080003d0                EXTI1_IRQHandler
 .text.EXTI2_IRQHandler
                0x00000000080003f4       0x24 Stm32_F103C6_Drivers/Stm32_F103C6_EXTI_driver.o
                0x00000000080003f4                EXTI2_IRQHandler
 .text.EXTI3_IRQHandler
                0x0000000008000418       0x24 Stm32_F103C6_Drivers/Stm32_F103C6_EXTI_driver.o
                0x0000000008000418                EXTI3_IRQHandler
 .text.EXTI4_IRQHandler
                0x000000000800043c       0x24 Stm32_F103C6_Drivers/Stm32_F103C6_EXTI_driver.o
                0x000000000800043c                EXTI4_IRQHandler
 .text.EXTI9_5_IRQHandler
                0x0000000008000460       0xa8 Stm32_F103C6_Drivers/Stm32_F103C6_EXTI_driver.o
                0x0000000008000460                EXTI9_5_IRQHandler
 .text.EXTI15_10_IRQHandler
                0x0000000008000508       0xc4 Stm32_F103C6_Drivers/Stm32_F103C6_EXTI_driver.o
                0x0000000008000508                EXTI15_10_IRQHandler
 .text.MCAL_I2C_INIT
                0x00000000080005cc      0x228 Stm32_F103C6_Drivers/Stm32_F103C6_I2C_driver.o
                0x00000000080005cc                MCAL_I2C_INIT
 .text.MCAL_I2C_GPIO_Set_Pins
                0x00000000080007f4       0x94 Stm32_F103C6_Drivers/Stm32_F103C6_I2C_driver.o
                0x00000000080007f4                MCAL_I2C_GPIO_Set_Pins
 .text.MCAL_I2C_Master_TX
                0x0000000008000888       0xac Stm32_F103C6_Drivers/Stm32_F103C6_I2C_driver.o
                0x0000000008000888                MCAL_I2C_Master_TX
 .text.MCAL_I2C_Master_RX
                0x0000000008000934       0xe8 Stm32_F103C6_Drivers/Stm32_F103C6_I2C_driver.o
                0x0000000008000934                MCAL_I2C_Master_RX
 .text.I2C_GenerateSTART
                0x0000000008000a1c       0x4e Stm32_F103C6_Drivers/Stm32_F103C6_I2C_driver.o
                0x0000000008000a1c                I2C_GenerateSTART
 .text.I2C_SendAddress
                0x0000000008000a6a       0x3e Stm32_F103C6_Drivers/Stm32_F103C6_I2C_driver.o
                0x0000000008000a6a                I2C_SendAddress
 .text.I2C_GetFlagStatus
                0x0000000008000aa8       0xf8 Stm32_F103C6_Drivers/Stm32_F103C6_I2C_driver.o
                0x0000000008000aa8                I2C_GetFlagStatus
 .text.I2C_GenerateSTOP
                0x0000000008000ba0       0x36 Stm32_F103C6_Drivers/Stm32_F103C6_I2C_driver.o
                0x0000000008000ba0                I2C_GenerateSTOP
 .text.I2C_ACKnowlageConfig
                0x0000000008000bd6       0x36 Stm32_F103C6_Drivers/Stm32_F103C6_I2C_driver.o
                0x0000000008000bd6                I2C_ACKnowlageConfig
 .text.MCAL_RCC_GetSYSCLK1Freq
                0x0000000008000c0c       0x3c Stm32_F103C6_Drivers/Stm32_F103C6_RCC_driver.o
                0x0000000008000c0c                MCAL_RCC_GetSYSCLK1Freq
 .text.MCAL_RCC_GetHCLKFreq
                0x0000000008000c48       0x28 Stm32_F103C6_Drivers/Stm32_F103C6_RCC_driver.o
                0x0000000008000c48                MCAL_RCC_GetHCLKFreq
 .text.MCAL_RCC_GetPCLK1Freq
                0x0000000008000c70       0x28 Stm32_F103C6_Drivers/Stm32_F103C6_RCC_driver.o
                0x0000000008000c70                MCAL_RCC_GetPCLK1Freq
 .text.SPI1_IRQHandler
                0x0000000008000c98       0x5c Stm32_F103C6_Drivers/Stm32_F103C6_SPI_driver.o
                0x0000000008000c98                SPI1_IRQHandler
 .text.SPI2_IRQHandler
                0x0000000008000cf4       0x5c Stm32_F103C6_Drivers/Stm32_F103C6_SPI_driver.o
                0x0000000008000cf4                SPI2_IRQHandler
 .text.USART1_IRQHandler
                0x0000000008000d50       0x14 Stm32_F103C6_Drivers/Stm32_F103C6_USART_driver.o
                0x0000000008000d50                USART1_IRQHandler
 .text.USART2_IRQHandler
                0x0000000008000d64       0x14 Stm32_F103C6_Drivers/Stm32_F103C6_USART_driver.o
                0x0000000008000d64                USART2_IRQHandler
 .text.USART3_IRQHandler
                0x0000000008000d78       0x14 Stm32_F103C6_Drivers/Stm32_F103C6_USART_driver.o
                0x0000000008000d78                USART3_IRQHandler
 .text.Get_CRLH_Position
                0x0000000008000d8c       0xc6 Stm32_F103C6_Drivers/Stm32_F103C6_gpio_driver.o
                0x0000000008000d8c                Get_CRLH_Position
 .text.MCAL_GPIO_Init
                0x0000000008000e52      0x108 Stm32_F103C6_Drivers/Stm32_F103C6_gpio_driver.o
                0x0000000008000e52                MCAL_GPIO_Init
 *fill*         0x0000000008000f5a        0x2 
 .text.__libc_init_array
                0x0000000008000f5c       0x48 c:/st/stm32cubeide_1.4.0/stm32cubeide/plugins/com.st.stm32cube.ide.mcu.externaltools.gnu-tools-for-stm32.7-2018-q2-update.win32_1.4.0.202007081208/tools/bin/../lib/gcc/arm-none-eabi/7.3.1/../../../../arm-none-eabi/lib/thumb/v7-m\libc_nano.a(lib_a-init.o)
                0x0000000008000f5c                __libc_init_array
 *(.glue_7)
 .glue_7        0x0000000008000fa4        0x0 linker stubs
 *(.glue_7t)
 .glue_7t       0x0000000008000fa4        0x0 linker stubs
 *(.eh_frame)
 .eh_frame      0x0000000008000fa4        0x0 c:/st/stm32cubeide_1.4.0/stm32cubeide/plugins/com.st.stm32cube.ide.mcu.externaltools.gnu-tools-for-stm32.7-2018-q2-update.win32_1.4.0.202007081208/tools/bin/../lib/gcc/arm-none-eabi/7.3.1/thumb/v7-m/crtbegin.o
 *(.init)
 .init          0x0000000008000fa4        0x4 c:/st/stm32cubeide_1.4.0/stm32cubeide/plugins/com.st.stm32cube.ide.mcu.externaltools.gnu-tools-for-stm32.7-2018-q2-update.win32_1.4.0.202007081208/tools/bin/../lib/gcc/arm-none-eabi/7.3.1/thumb/v7-m/crti.o
                0x0000000008000fa4                _init
 .init          0x0000000008000fa8        0x8 c:/st/stm32cubeide_1.4.0/stm32cubeide/plugins/com.st.stm32cube.ide.mcu.externaltools.gnu-tools-for-stm32.7-2018-q2-update.win32_1.4.0.202007081208/tools/bin/../lib/gcc/arm-none-eabi/7.3.1/thumb/v7-m/crtn.o
 *(.fini)
 .fini          0x0000000008000fb0        0x4 c:/st/stm32cubeide_1.4.0/stm32cubeide/plugins/com.st.stm32cube.ide.mcu.externaltools.gnu-tools-for-stm32.7-2018-q2-update.win32_1.4.0.202007081208/tools/bin/../lib/gcc/arm-none-eabi/7.3.1/thumb/v7-m/crti.o
                0x0000000008000fb0                _fini
 .fini          0x0000000008000fb4        0x8 c:/st/stm32cubeide_1.4.0/stm32cubeide/plugins/com.st.stm32cube.ide.mcu.externaltools.gnu-tools-for-stm32.7-2018-q2-update.win32_1.4.0.202007081208/tools/bin/../lib/gcc/arm-none-eabi/7.3.1/thumb/v7-m/crtn.o
                0x0000000008000fbc                . = ALIGN (0x4)
                0x0000000008000fbc                _etext = .

.vfp11_veneer   0x0000000008000fbc        0x0
 .vfp11_veneer  0x0000000008000fbc        0x0 linker stubs

.v4_bx          0x0000000008000fbc        0x0
 .v4_bx         0x0000000008000fbc        0x0 linker stubs

.iplt           0x0000000008000fbc        0x0
 .iplt          0x0000000008000fbc        0x0 c:/st/stm32cubeide_1.4.0/stm32cubeide/plugins/com.st.stm32cube.ide.mcu.externaltools.gnu-tools-for-stm32.7-2018-q2-update.win32_1.4.0.202007081208/tools/bin/../lib/gcc/arm-none-eabi/7.3.1/thumb/v7-m/crtbegin.o

.rodata         0x0000000008000fbc       0x20
                0x0000000008000fbc                . = ALIGN (0x4)
 *(.rodata)
 .rodata        0x0000000008000fbc        0x7 Src/main.o
 *(.rodata*)
 *fill*         0x0000000008000fc3        0x1 
 .rodata.APBPRrescTable
                0x0000000008000fc4        0x8 Stm32_F103C6_Drivers/Stm32_F103C6_RCC_driver.o
                0x0000000008000fc4                APBPRrescTable
 .rodata.AHBPRrescTable
                0x0000000008000fcc       0x10 Stm32_F103C6_Drivers/Stm32_F103C6_RCC_driver.o
                0x0000000008000fcc                AHBPRrescTable
                0x0000000008000fdc                . = ALIGN (0x4)

.rel.dyn        0x0000000008000fdc        0x0
 .rel.iplt      0x0000000008000fdc        0x0 c:/st/stm32cubeide_1.4.0/stm32cubeide/plugins/com.st.stm32cube.ide.mcu.externaltools.gnu-tools-for-stm32.7-2018-q2-update.win32_1.4.0.202007081208/tools/bin/../lib/gcc/arm-none-eabi/7.3.1/thumb/v7-m/crtbegin.o

.ARM.extab      0x0000000008000fdc        0x0
                0x0000000008000fdc                . = ALIGN (0x4)
 *(.ARM.extab* .gnu.linkonce.armextab.*)
                0x0000000008000fdc                . = ALIGN (0x4)

.ARM            0x0000000008000fdc        0x0
                0x0000000008000fdc                . = ALIGN (0x4)
                0x0000000008000fdc                __exidx_start = .
 *(.ARM.exidx*)
                0x0000000008000fdc                __exidx_end = .
                0x0000000008000fdc                . = ALIGN (0x4)

.preinit_array  0x0000000008000fdc        0x0
                0x0000000008000fdc                . = ALIGN (0x4)
                0x0000000008000fdc                PROVIDE (__preinit_array_start = .)
 *(.preinit_array*)
                0x0000000008000fdc                PROVIDE (__preinit_array_end = .)
                0x0000000008000fdc                . = ALIGN (0x4)

.init_array     0x0000000008000fdc        0x4
                0x0000000008000fdc                . = ALIGN (0x4)
                0x0000000008000fdc                PROVIDE (__init_array_start = .)
 *(SORT_BY_NAME(.init_array.*))
 *(.init_array*)
 .init_array    0x0000000008000fdc        0x4 c:/st/stm32cubeide_1.4.0/stm32cubeide/plugins/com.st.stm32cube.ide.mcu.externaltools.gnu-tools-for-stm32.7-2018-q2-update.win32_1.4.0.202007081208/tools/bin/../lib/gcc/arm-none-eabi/7.3.1/thumb/v7-m/crtbegin.o
                0x0000000008000fe0                PROVIDE (__init_array_end = .)
                0x0000000008000fe0                . = ALIGN (0x4)

.fini_array     0x0000000008000fe0        0x4
                0x0000000008000fe0                . = ALIGN (0x4)
                [!provide]                        PROVIDE (__fini_array_start = .)
 *(SORT_BY_NAME(.fini_array.*))
 *(.fini_array*)
 .fini_array    0x0000000008000fe0        0x4 c:/st/stm32cubeide_1.4.0/stm32cubeide/plugins/com.st.stm32cube.ide.mcu.externaltools.gnu-tools-for-stm32.7-2018-q2-update.win32_1.4.0.202007081208/tools/bin/../lib/gcc/arm-none-eabi/7.3.1/thumb/v7-m/crtbegin.o
                [!provide]                        PROVIDE (__fini_array_end = .)
                0x0000000008000fe4                . = ALIGN (0x4)
                0x0000000008000fe4                _sidata = LOADADDR (.data)

.data           0x0000000020000000        0x0 load address 0x0000000008000fe4
                0x0000000020000000                . = ALIGN (0x4)
                0x0000000020000000                _sdata = .
 *(.data)
 *(.data*)
                0x0000000020000000                . = ALIGN (0x4)
                0x0000000020000000                _edata = .

.igot.plt       0x0000000020000000        0x0 load address 0x0000000008000fe4
 .igot.plt      0x0000000020000000        0x0 c:/st/stm32cubeide_1.4.0/stm32cubeide/plugins/com.st.stm32cube.ide.mcu.externaltools.gnu-tools-for-stm32.7-2018-q2-update.win32_1.4.0.202007081208/tools/bin/../lib/gcc/arm-none-eabi/7.3.1/thumb/v7-m/crtbegin.o
                0x0000000020000000                . = ALIGN (0x4)

.bss            0x0000000020000000       0xac load address 0x0000000008000fe4
                0x0000000020000000                _sbss = .
                0x0000000020000000                __bss_start__ = _sbss
 *(.bss)
 .bss           0x0000000020000000       0x1c c:/st/stm32cubeide_1.4.0/stm32cubeide/plugins/com.st.stm32cube.ide.mcu.externaltools.gnu-tools-for-stm32.7-2018-q2-update.win32_1.4.0.202007081208/tools/bin/../lib/gcc/arm-none-eabi/7.3.1/thumb/v7-m/crtbegin.o
 *(.bss*)
 .bss.Global_I2C_Config
                0x000000002000001c       0x48 Stm32_F103C6_Drivers/Stm32_F103C6_I2C_driver.o
                0x000000002000001c                Global_I2C_Config
 .bss.Global_SPI_Config
                0x0000000020000064        0x8 Stm32_F103C6_Drivers/Stm32_F103C6_SPI_driver.o
                0x0000000020000064                Global_SPI_Config
 .bss.Global_UART_Config
                0x000000002000006c        0x4 Stm32_F103C6_Drivers/Stm32_F103C6_USART_driver.o
                0x000000002000006c                Global_UART_Config
 *(COMMON)
 COMMON         0x0000000020000070       0x3c Stm32_F103C6_Drivers/Stm32_F103C6_EXTI_driver.o
                0x0000000020000070                GP_IRQ_Callback
                0x00000000200000ac                . = ALIGN (0x4)
                0x00000000200000ac                _ebss = .
                0x00000000200000ac                __bss_end__ = _ebss

._user_heap_stack
                0x00000000200000ac      0x604 load address 0x0000000008000fe4
                0x00000000200000b0                . = ALIGN (0x8)
 *fill*         0x00000000200000ac        0x4 
                [!provide]                        PROVIDE (end = .)
                0x00000000200000b0                PROVIDE (_end = .)
                0x00000000200002b0                . = (. + _Min_Heap_Size)
 *fill*         0x00000000200000b0      0x200 
                0x00000000200006b0                . = (. + _Min_Stack_Size)
 *fill*         0x00000000200002b0      0x400 
                0x00000000200006b0                . = ALIGN (0x8)

/DISCARD/
 libc.a(*)
 libm.a(*)
 libgcc.a(*)

.ARM.attributes
                0x0000000000000000       0x29
 *(.ARM.attributes)
 .ARM.attributes
                0x0000000000000000       0x1d c:/st/stm32cubeide_1.4.0/stm32cubeide/plugins/com.st.stm32cube.ide.mcu.externaltools.gnu-tools-for-stm32.7-2018-q2-update.win32_1.4.0.202007081208/tools/bin/../lib/gcc/arm-none-eabi/7.3.1/thumb/v7-m/crti.o
 .ARM.attributes
                0x000000000000001d       0x2d c:/st/stm32cubeide_1.4.0/stm32cubeide/plugins/com.st.stm32cube.ide.mcu.externaltools.gnu-tools-for-stm32.7-2018-q2-update.win32_1.4.0.202007081208/tools/bin/../lib/gcc/arm-none-eabi/7.3.1/thumb/v7-m/crtbegin.o
 .ARM.attributes
                0x000000000000004a       0x33 HAL/I2C_Slave_E2PROM.o
 .ARM.attributes
                0x000000000000007d       0x33 Src/main.o
 .ARM.attributes
                0x00000000000000b0       0x21 Startup/startup_stm32f103c6tx.o
 .ARM.attributes
                0x00000000000000d1       0x33 Stm32_F103C6_Drivers/Stm32_F103C6_EXTI_driver.o
 .ARM.attributes
                0x0000000000000104       0x33 Stm32_F103C6_Drivers/Stm32_F103C6_I2C_driver.o
 .ARM.attributes
                0x0000000000000137       0x33 Stm32_F103C6_Drivers/Stm32_F103C6_RCC_driver.o
 .ARM.attributes
                0x000000000000016a       0x33 Stm32_F103C6_Drivers/Stm32_F103C6_SPI_driver.o
 .ARM.attributes
                0x000000000000019d       0x33 Stm32_F103C6_Drivers/Stm32_F103C6_USART_driver.o
 .ARM.attributes
                0x00000000000001d0       0x33 Stm32_F103C6_Drivers/Stm32_F103C6_gpio_driver.o
 .ARM.attributes
                0x0000000000000203       0x2d c:/st/stm32cubeide_1.4.0/stm32cubeide/plugins/com.st.stm32cube.ide.mcu.externaltools.gnu-tools-for-stm32.7-2018-q2-update.win32_1.4.0.202007081208/tools/bin/../lib/gcc/arm-none-eabi/7.3.1/../../../../arm-none-eabi/lib/thumb/v7-m\libc_nano.a(lib_a-init.o)
 .ARM.attributes
                0x0000000000000230       0x1d c:/st/stm32cubeide_1.4.0/stm32cubeide/plugins/com.st.stm32cube.ide.mcu.externaltools.gnu-tools-for-stm32.7-2018-q2-update.win32_1.4.0.202007081208/tools/bin/../lib/gcc/arm-none-eabi/7.3.1/thumb/v7-m/crtn.o
OUTPUT(Drivers.elf elf32-littlearm)

.debug_info     0x0000000000000000     0x6eb7
 .debug_info    0x0000000000000000      0xc97 HAL/I2C_Slave_E2PROM.o
 .debug_info    0x0000000000000c97      0xc91 Src/main.o
 .debug_info    0x0000000000001928       0x22 Startup/startup_stm32f103c6tx.o
 .debug_info    0x000000000000194a      0xdbf Stm32_F103C6_Drivers/Stm32_F103C6_EXTI_driver.o
 .debug_info    0x0000000000002709     0x11d0 Stm32_F103C6_Drivers/Stm32_F103C6_I2C_driver.o
 .debug_info    0x00000000000038d9      0xb25 Stm32_F103C6_Drivers/Stm32_F103C6_RCC_driver.o
 .debug_info    0x00000000000043fe      0xf20 Stm32_F103C6_Drivers/Stm32_F103C6_SPI_driver.o
 .debug_info    0x000000000000531e      0xe24 Stm32_F103C6_Drivers/Stm32_F103C6_USART_driver.o
 .debug_info    0x0000000000006142      0xd75 Stm32_F103C6_Drivers/Stm32_F103C6_gpio_driver.o

.debug_abbrev   0x0000000000000000     0x10b8
 .debug_abbrev  0x0000000000000000      0x1d1 HAL/I2C_Slave_E2PROM.o
 .debug_abbrev  0x00000000000001d1      0x233 Src/main.o
 .debug_abbrev  0x0000000000000404       0x12 Startup/startup_stm32f103c6tx.o
 .debug_abbrev  0x0000000000000416      0x210 Stm32_F103C6_Drivers/Stm32_F103C6_EXTI_driver.o
 .debug_abbrev  0x0000000000000626      0x271 Stm32_F103C6_Drivers/Stm32_F103C6_I2C_driver.o
 .debug_abbrev  0x0000000000000897      0x19b Stm32_F103C6_Drivers/Stm32_F103C6_RCC_driver.o
 .debug_abbrev  0x0000000000000a32      0x240 Stm32_F103C6_Drivers/Stm32_F103C6_SPI_driver.o
 .debug_abbrev  0x0000000000000c72      0x214 Stm32_F103C6_Drivers/Stm32_F103C6_USART_driver.o
 .debug_abbrev  0x0000000000000e86      0x232 Stm32_F103C6_Drivers/Stm32_F103C6_gpio_driver.o

.debug_loc      0x0000000000000000     0x1266
 .debug_loc     0x0000000000000000       0xf2 HAL/I2C_Slave_E2PROM.o
 .debug_loc     0x00000000000000f2      0x11c Src/main.o
 .debug_loc     0x000000000000020e      0x320 Stm32_F103C6_Drivers/Stm32_F103C6_EXTI_driver.o
 .debug_loc     0x000000000000052e      0x414 Stm32_F103C6_Drivers/Stm32_F103C6_I2C_driver.o
 .debug_loc     0x0000000000000942       0xc8 Stm32_F103C6_Drivers/Stm32_F103C6_RCC_driver.o
 .debug_loc     0x0000000000000a0a      0x2bc Stm32_F103C6_Drivers/Stm32_F103C6_SPI_driver.o
 .debug_loc     0x0000000000000cc6      0x270 Stm32_F103C6_Drivers/Stm32_F103C6_USART_driver.o
 .debug_loc     0x0000000000000f36      0x330 Stm32_F103C6_Drivers/Stm32_F103C6_gpio_driver.o

.debug_aranges  0x0000000000000000      0x2d8
 .debug_aranges
                0x0000000000000000       0x30 HAL/I2C_Slave_E2PROM.o
 .debug_aranges
                0x0000000000000030       0x38 Src/main.o
 .debug_aranges
                0x0000000000000068       0x28 Startup/startup_stm32f103c6tx.o
 .debug_aranges
                0x0000000000000090       0x80 Stm32_F103C6_Drivers/Stm32_F103C6_EXTI_driver.o
 .debug_aranges
                0x0000000000000110       0x78 Stm32_F103C6_Drivers/Stm32_F103C6_I2C_driver.o
 .debug_aranges
                0x0000000000000188       0x38 Stm32_F103C6_Drivers/Stm32_F103C6_RCC_driver.o
 .debug_aranges
                0x00000000000001c0       0x58 Stm32_F103C6_Drivers/Stm32_F103C6_SPI_driver.o
 .debug_aranges
                0x0000000000000218       0x60 Stm32_F103C6_Drivers/Stm32_F103C6_USART_driver.o
 .debug_aranges
                0x0000000000000278       0x60 Stm32_F103C6_Drivers/Stm32_F103C6_gpio_driver.o

.debug_ranges   0x0000000000000000      0x250
 .debug_ranges  0x0000000000000000       0x20 HAL/I2C_Slave_E2PROM.o
 .debug_ranges  0x0000000000000020       0x28 Src/main.o
 .debug_ranges  0x0000000000000048       0x20 Startup/startup_stm32f103c6tx.o
 .debug_ranges  0x0000000000000068       0x70 Stm32_F103C6_Drivers/Stm32_F103C6_EXTI_driver.o
 .debug_ranges  0x00000000000000d8       0x68 Stm32_F103C6_Drivers/Stm32_F103C6_I2C_driver.o
 .debug_ranges  0x0000000000000140       0x28 Stm32_F103C6_Drivers/Stm32_F103C6_RCC_driver.o
 .debug_ranges  0x0000000000000168       0x48 Stm32_F103C6_Drivers/Stm32_F103C6_SPI_driver.o
 .debug_ranges  0x00000000000001b0       0x50 Stm32_F103C6_Drivers/Stm32_F103C6_USART_driver.o
 .debug_ranges  0x0000000000000200       0x50 Stm32_F103C6_Drivers/Stm32_F103C6_gpio_driver.o

.debug_macro    0x0000000000000000     0x2fd0
 .debug_macro   0x0000000000000000      0x161 HAL/I2C_Slave_E2PROM.o
 .debug_macro   0x0000000000000161      0xa60 HAL/I2C_Slave_E2PROM.o
 .debug_macro   0x0000000000000bc1       0x18 HAL/I2C_Slave_E2PROM.o
 .debug_macro   0x0000000000000bd9       0x22 HAL/I2C_Slave_E2PROM.o
 .debug_macro   0x0000000000000bfb       0x40 HAL/I2C_Slave_E2PROM.o
 .debug_macro   0x0000000000000c3b       0x94 HAL/I2C_Slave_E2PROM.o
 .debug_macro   0x0000000000000ccf       0x3c HAL/I2C_Slave_E2PROM.o
 .debug_macro   0x0000000000000d0b       0x34 HAL/I2C_Slave_E2PROM.o
 .debug_macro   0x0000000000000d3f       0x16 HAL/I2C_Slave_E2PROM.o
 .debug_macro   0x0000000000000d55      0x10e HAL/I2C_Slave_E2PROM.o
 .debug_macro   0x0000000000000e63       0x8d HAL/I2C_Slave_E2PROM.o
 .debug_macro   0x0000000000000ef0       0x57 HAL/I2C_Slave_E2PROM.o
 .debug_macro   0x0000000000000f47       0x52 HAL/I2C_Slave_E2PROM.o
 .debug_macro   0x0000000000000f99       0x1f HAL/I2C_Slave_E2PROM.o
 .debug_macro   0x0000000000000fb8       0x43 HAL/I2C_Slave_E2PROM.o
 .debug_macro   0x0000000000000ffb       0x20 HAL/I2C_Slave_E2PROM.o
 .debug_macro   0x000000000000101b      0x1a3 HAL/I2C_Slave_E2PROM.o
 .debug_macro   0x00000000000011be      0x330 HAL/I2C_Slave_E2PROM.o
 .debug_macro   0x00000000000014ee       0x16 HAL/I2C_Slave_E2PROM.o
 .debug_macro   0x0000000000001504       0x29 HAL/I2C_Slave_E2PROM.o
 .debug_macro   0x000000000000152d       0xef HAL/I2C_Slave_E2PROM.o
 .debug_macro   0x000000000000161c       0x6a HAL/I2C_Slave_E2PROM.o
 .debug_macro   0x0000000000001686      0x1df HAL/I2C_Slave_E2PROM.o
 .debug_macro   0x0000000000001865      0x728 HAL/I2C_Slave_E2PROM.o
 .debug_macro   0x0000000000001f8d       0xd6 HAL/I2C_Slave_E2PROM.o
 .debug_macro   0x0000000000002063       0x16 HAL/I2C_Slave_E2PROM.o
 .debug_macro   0x0000000000002079       0x5e HAL/I2C_Slave_E2PROM.o
 .debug_macro   0x00000000000020d7      0x19b Src/main.o
 .debug_macro   0x0000000000002272      0x1bf Src/main.o
 .debug_macro   0x0000000000002431       0xe2 Src/main.o
 .debug_macro   0x0000000000002513       0xc4 Src/main.o
 .debug_macro   0x00000000000025d7       0x94 Src/main.o
 .debug_macro   0x000000000000266b       0x40 Src/main.o
 .debug_macro   0x00000000000026ab       0x64 Src/main.o
 .debug_macro   0x000000000000270f       0x10 Src/main.o
 .debug_macro   0x000000000000271f      0x14e Stm32_F103C6_Drivers/Stm32_F103C6_EXTI_driver.o
 .debug_macro   0x000000000000286d      0x15d Stm32_F103C6_Drivers/Stm32_F103C6_I2C_driver.o
 .debug_macro   0x00000000000029ca      0x148 Stm32_F103C6_Drivers/Stm32_F103C6_RCC_driver.o
 .debug_macro   0x0000000000002b12       0x10 Stm32_F103C6_Drivers/Stm32_F103C6_RCC_driver.o
 .debug_macro   0x0000000000002b22      0x160 Stm32_F103C6_Drivers/Stm32_F103C6_SPI_driver.o
 .debug_macro   0x0000000000002c82       0xbe Stm32_F103C6_Drivers/Stm32_F103C6_SPI_driver.o
 .debug_macro   0x0000000000002d40      0x151 Stm32_F103C6_Drivers/Stm32_F103C6_USART_driver.o
 .debug_macro   0x0000000000002e91      0x13f Stm32_F103C6_Drivers/Stm32_F103C6_gpio_driver.o

.debug_line     0x0000000000000000     0x35c6
 .debug_line    0x0000000000000000      0x62e HAL/I2C_Slave_E2PROM.o
 .debug_line    0x000000000000062e      0x696 Src/main.o
 .debug_line    0x0000000000000cc4       0x84 Startup/startup_stm32f103c6tx.o
 .debug_line    0x0000000000000d48      0x73f Stm32_F103C6_Drivers/Stm32_F103C6_EXTI_driver.o
 .debug_line    0x0000000000001487      0x782 Stm32_F103C6_Drivers/Stm32_F103C6_I2C_driver.o
 .debug_line    0x0000000000001c09      0x5c7 Stm32_F103C6_Drivers/Stm32_F103C6_RCC_driver.o
 .debug_line    0x00000000000021d0      0x6b2 Stm32_F103C6_Drivers/Stm32_F103C6_SPI_driver.o
 .debug_line    0x0000000000002882      0x6bc Stm32_F103C6_Drivers/Stm32_F103C6_USART_driver.o
 .debug_line    0x0000000000002f3e      0x688 Stm32_F103C6_Drivers/Stm32_F103C6_gpio_driver.o

.debug_str      0x0000000000000000     0xc52c
 .debug_str     0x0000000000000000     0x984a HAL/I2C_Slave_E2PROM.o
                                       0x9abc (size before relaxing)
 .debug_str     0x000000000000984a     0x22cb Src/main.o
                                       0xbb7c (size before relaxing)
 .debug_str     0x000000000000bb15       0x31 Startup/startup_stm32f103c6tx.o
                                         0x6b (size before relaxing)
 .debug_str     0x000000000000bb46      0x290 Stm32_F103C6_Drivers/Stm32_F103C6_EXTI_driver.o
                                       0xabe7 (size before relaxing)
 .debug_str     0x000000000000bdd6      0x26d Stm32_F103C6_Drivers/Stm32_F103C6_I2C_driver.o
                                       0x9d55 (size before relaxing)
 .debug_str     0x000000000000c043       0xa9 Stm32_F103C6_Drivers/Stm32_F103C6_RCC_driver.o
                                       0x9739 (size before relaxing)
 .debug_str     0x000000000000c0ec      0x1d7 Stm32_F103C6_Drivers/Stm32_F103C6_SPI_driver.o
                                       0x9e7c (size before relaxing)
 .debug_str     0x000000000000c2c3      0x158 Stm32_F103C6_Drivers/Stm32_F103C6_USART_driver.o
                                       0x9ec0 (size before relaxing)
 .debug_str     0x000000000000c41b      0x111 Stm32_F103C6_Drivers/Stm32_F103C6_gpio_driver.o
                                       0x97ca (size before relaxing)

.comment        0x0000000000000000       0x7b
 .comment       0x0000000000000000       0x7b HAL/I2C_Slave_E2PROM.o
                                         0x7c (size before relaxing)
 .comment       0x000000000000007b       0x7c Src/main.o
 .comment       0x000000000000007b       0x7c Stm32_F103C6_Drivers/Stm32_F103C6_EXTI_driver.o
 .comment       0x000000000000007b       0x7c Stm32_F103C6_Drivers/Stm32_F103C6_I2C_driver.o
 .comment       0x000000000000007b       0x7c Stm32_F103C6_Drivers/Stm32_F103C6_RCC_driver.o
 .comment       0x000000000000007b       0x7c Stm32_F103C6_Drivers/Stm32_F103C6_SPI_driver.o
 .comment       0x000000000000007b       0x7c Stm32_F103C6_Drivers/Stm32_F103C6_USART_driver.o
 .comment       0x000000000000007b       0x7c Stm32_F103C6_Drivers/Stm32_F103C6_gpio_driver.o

.debug_frame    0x0000000000000000      0x958
 .debug_frame   0x0000000000000000       0x80 HAL/I2C_Slave_E2PROM.o
 .debug_frame   0x0000000000000080       0x98 Src/main.o
 .debug_frame   0x0000000000000118      0x1b0 Stm32_F103C6_Drivers/Stm32_F103C6_EXTI_driver.o
 .debug_frame   0x00000000000002c8      0x1e0 Stm32_F103C6_Drivers/Stm32_F103C6_I2C_driver.o
 .debug_frame   0x00000000000004a8       0x84 Stm32_F103C6_Drivers/Stm32_F103C6_RCC_driver.o
 .debug_frame   0x000000000000052c      0x148 Stm32_F103C6_Drivers/Stm32_F103C6_SPI_driver.o
 .debug_frame   0x0000000000000674      0x140 Stm32_F103C6_Drivers/Stm32_F103C6_USART_driver.o
 .debug_frame   0x00000000000007b4      0x178 Stm32_F103C6_Drivers/Stm32_F103C6_gpio_driver.o
 .debug_frame   0x000000000000092c       0x2c c:/st/stm32cubeide_1.4.0/stm32cubeide/plugins/com.st.stm32cube.ide.mcu.externaltools.gnu-tools-for-stm32.7-2018-q2-update.win32_1.4.0.202007081208/tools/bin/../lib/gcc/arm-none-eabi/7.3.1/../../../../arm-none-eabi/lib/thumb/v7-m\libc_nano.a(lib_a-init.o)
