
Allocating common symbols
Common symbol       size              file

bss_var             0x3               main.o

Memory Configuration

Name             Origin             Length             Attributes
flash            0x08000000         0x00020000         xr
sram             0x20000000         0x00005000         xrw
*default*        0x00000000         0xffffffff

Linker script and memory map


.text           0x08000000      0x147
 *(.vectors*)
 .vectors       0x08000000       0x1c startup.o
                0x08000000                vectors
 *(.text*)
 .text          0x0800001c       0x98 main.o
                0x0800001c                H_fault_Handler
                0x08000028                main
 .text          0x080000b4       0x90 startup.o
                0x080000b4                Bus_fault_Handler
                0x080000b4                MM_fault_Handler
                0x080000b4                Usage_fault_Handler
                0x080000b4                Default_Handler
                0x080000b4                NMI_Handler
                0x080000c0                Reset_Handler
 *(.rodata)
 .rodata        0x08000144        0x3 main.o
                0x08000144                const_variabels
                0x08000147                _E_text = .

.glue_7         0x08000148        0x0
 .glue_7        0x08000148        0x0 linker stubs

.glue_7t        0x08000148        0x0
 .glue_7t       0x08000148        0x0 linker stubs

.vfp11_veneer   0x08000148        0x0
 .vfp11_veneer  0x08000148        0x0 linker stubs

.v4_bx          0x08000148        0x0
 .v4_bx         0x08000148        0x0 linker stubs

.iplt           0x08000148        0x0
 .iplt          0x08000148        0x0 main.o

.rel.dyn        0x08000148        0x0
 .rel.iplt      0x08000148        0x0 main.o

.data           0x20000000        0x8 load address 0x08000147
                0x20000000                _S_DATA = .
 *(.data)
 .data          0x20000000        0x7 main.o
                0x20000000                R_ODR
                0x20000004                g_variabels
 .data          0x20000007        0x0 startup.o
                0x20000008                . = ALIGN (0x4)
 *fill*         0x20000007        0x1 
                0x20000008                _E_DATA = .

.igot.plt       0x20000008        0x0 load address 0x0800014f
 .igot.plt      0x20000008        0x0 main.o

.bss            0x20000008     0x1003 load address 0x0800014f
                0x20000008                _S_bss = .
 *(.bss)
 .bss           0x20000008        0x0 main.o
 .bss           0x20000008        0x0 startup.o
                0x20000008                _E_bss = .
                0x20000008                . = ALIGN (0x4)
                0x20001008                . = (. + 0x1000)
 *fill*         0x20000008     0x1000 
                0x20001008                _stack_top = .
 COMMON         0x20001008        0x3 main.o
                0x20001008                bss_var
LOAD main.o
LOAD startup.o
OUTPUT(learn_in_depth_cortex_m3.elf elf32-littlearm)

.debug_info     0x00000000      0xc55
 .debug_info    0x00000000      0xac6 main.o
 .debug_info    0x00000ac6      0x18f startup.o

.debug_abbrev   0x00000000      0x2c9
 .debug_abbrev  0x00000000      0x1f5 main.o
 .debug_abbrev  0x000001f5       0xd4 startup.o

.debug_loc      0x00000000       0xf8
 .debug_loc     0x00000000       0x7c main.o
 .debug_loc     0x0000007c       0x7c startup.o

.debug_aranges  0x00000000       0x40
 .debug_aranges
                0x00000000       0x20 main.o
 .debug_aranges
                0x00000020       0x20 startup.o

.debug_line     0x00000000      0x35e
 .debug_line    0x00000000      0x222 main.o
 .debug_line    0x00000222      0x13c startup.o

.debug_str      0x00000000      0x5b6
 .debug_str     0x00000000      0x536 main.o
                                0x597 (size before relaxing)
 .debug_str     0x00000536       0x80 startup.o
                                0x1af (size before relaxing)

.comment        0x00000000       0x7e
 .comment       0x00000000       0x7e main.o
                                 0x7f (size before relaxing)
 .comment       0x0000007e       0x7f startup.o

.ARM.attributes
                0x00000000       0x33
 .ARM.attributes
                0x00000000       0x33 main.o
 .ARM.attributes
                0x00000033       0x33 startup.o

.debug_frame    0x00000000       0xa0
 .debug_frame   0x00000000       0x50 main.o
 .debug_frame   0x00000050       0x50 startup.o
