Archive member included to satisfy reference by file (symbol)

c:/st/stm32cubeide_1.4.0/stm32cubeide/plugins/com.st.stm32cube.ide.mcu.externaltools.gnu-tools-for-stm32.7-2018-q2-update.win32_1.4.0.202007081208/tools/bin/../lib/gcc/arm-none-eabi/7.3.1/../../../../arm-none-eabi/lib/thumb/v7-m\libc_nano.a(lib_a-errno.o)
                              Src/syscalls.o (__errno)
c:/st/stm32cubeide_1.4.0/stm32cubeide/plugins/com.st.stm32cube.ide.mcu.externaltools.gnu-tools-for-stm32.7-2018-q2-update.win32_1.4.0.202007081208/tools/bin/../lib/gcc/arm-none-eabi/7.3.1/../../../../arm-none-eabi/lib/thumb/v7-m\libc_nano.a(lib_a-exit.o)
                              c:/st/stm32cubeide_1.4.0/stm32cubeide/plugins/com.st.stm32cube.ide.mcu.externaltools.gnu-tools-for-stm32.7-2018-q2-update.win32_1.4.0.202007081208/tools/bin/../lib/gcc/arm-none-eabi/7.3.1/../../../../arm-none-eabi/lib/thumb/v7-m/crt0.o (exit)
c:/st/stm32cubeide_1.4.0/stm32cubeide/plugins/com.st.stm32cube.ide.mcu.externaltools.gnu-tools-for-stm32.7-2018-q2-update.win32_1.4.0.202007081208/tools/bin/../lib/gcc/arm-none-eabi/7.3.1/../../../../arm-none-eabi/lib/thumb/v7-m\libc_nano.a(lib_a-impure.o)
                              c:/st/stm32cubeide_1.4.0/stm32cubeide/plugins/com.st.stm32cube.ide.mcu.externaltools.gnu-tools-for-stm32.7-2018-q2-update.win32_1.4.0.202007081208/tools/bin/../lib/gcc/arm-none-eabi/7.3.1/../../../../arm-none-eabi/lib/thumb/v7-m\libc_nano.a(lib_a-exit.o) (_global_impure_ptr)
c:/st/stm32cubeide_1.4.0/stm32cubeide/plugins/com.st.stm32cube.ide.mcu.externaltools.gnu-tools-for-stm32.7-2018-q2-update.win32_1.4.0.202007081208/tools/bin/../lib/gcc/arm-none-eabi/7.3.1/../../../../arm-none-eabi/lib/thumb/v7-m\libc_nano.a(lib_a-init.o)
                              c:/st/stm32cubeide_1.4.0/stm32cubeide/plugins/com.st.stm32cube.ide.mcu.externaltools.gnu-tools-for-stm32.7-2018-q2-update.win32_1.4.0.202007081208/tools/bin/../lib/gcc/arm-none-eabi/7.3.1/../../../../arm-none-eabi/lib/thumb/v7-m/crt0.o (__libc_init_array)
c:/st/stm32cubeide_1.4.0/stm32cubeide/plugins/com.st.stm32cube.ide.mcu.externaltools.gnu-tools-for-stm32.7-2018-q2-update.win32_1.4.0.202007081208/tools/bin/../lib/gcc/arm-none-eabi/7.3.1/../../../../arm-none-eabi/lib/thumb/v7-m\libc_nano.a(lib_a-memset.o)
                              c:/st/stm32cubeide_1.4.0/stm32cubeide/plugins/com.st.stm32cube.ide.mcu.externaltools.gnu-tools-for-stm32.7-2018-q2-update.win32_1.4.0.202007081208/tools/bin/../lib/gcc/arm-none-eabi/7.3.1/../../../../arm-none-eabi/lib/thumb/v7-m/crt0.o (memset)
c:/st/stm32cubeide_1.4.0/stm32cubeide/plugins/com.st.stm32cube.ide.mcu.externaltools.gnu-tools-for-stm32.7-2018-q2-update.win32_1.4.0.202007081208/tools/bin/../lib/gcc/arm-none-eabi/7.3.1/../../../../arm-none-eabi/lib/thumb/v7-m\libc_nano.a(lib_a-strcmp.o)
                              MYRTOS/scheduler.o (strcmp)

Allocating common symbols
Common symbol       size              file

Task4               0x44              Src/main.o
task3Led            0x1               Src/main.o
MUTEX1              0x30              Src/main.o
OS_Control          0x1ac             MYRTOS/scheduler.o
Task1               0x44              Src/main.o
Ready_QUEUE         0x14              MYRTOS/scheduler.o
MYRTOS_idleTask     0x44              MYRTOS/scheduler.o
task1Led            0x1               Src/main.o
MUTEX2              0x30              Src/main.o
task2Led            0x1               Src/main.o
Task3               0x44              Src/main.o
task4Led            0x1               Src/main.o
Task2               0x44              Src/main.o
IdleTaskLed         0x1               MYRTOS/My_RTOS_FIFO.o
SYStickLed          0x1               MYRTOS/CortexMX_OS_porting.o
Ready_QUEUE_FIFO    0x190             MYRTOS/scheduler.o

Discarded input sections

 .text          0x0000000000000000        0x0 c:/st/stm32cubeide_1.4.0/stm32cubeide/plugins/com.st.stm32cube.ide.mcu.externaltools.gnu-tools-for-stm32.7-2018-q2-update.win32_1.4.0.202007081208/tools/bin/../lib/gcc/arm-none-eabi/7.3.1/thumb/v7-m/crti.o
 .data          0x0000000000000000        0x0 c:/st/stm32cubeide_1.4.0/stm32cubeide/plugins/com.st.stm32cube.ide.mcu.externaltools.gnu-tools-for-stm32.7-2018-q2-update.win32_1.4.0.202007081208/tools/bin/../lib/gcc/arm-none-eabi/7.3.1/thumb/v7-m/crti.o
 .bss           0x0000000000000000        0x0 c:/st/stm32cubeide_1.4.0/stm32cubeide/plugins/com.st.stm32cube.ide.mcu.externaltools.gnu-tools-for-stm32.7-2018-q2-update.win32_1.4.0.202007081208/tools/bin/../lib/gcc/arm-none-eabi/7.3.1/thumb/v7-m/crti.o
 .data          0x0000000000000000        0x4 c:/st/stm32cubeide_1.4.0/stm32cubeide/plugins/com.st.stm32cube.ide.mcu.externaltools.gnu-tools-for-stm32.7-2018-q2-update.win32_1.4.0.202007081208/tools/bin/../lib/gcc/arm-none-eabi/7.3.1/thumb/v7-m/crtbegin.o
 .text          0x0000000000000000       0x74 c:/st/stm32cubeide_1.4.0/stm32cubeide/plugins/com.st.stm32cube.ide.mcu.externaltools.gnu-tools-for-stm32.7-2018-q2-update.win32_1.4.0.202007081208/tools/bin/../lib/gcc/arm-none-eabi/7.3.1/../../../../arm-none-eabi/lib/thumb/v7-m/crt0.o
 .data          0x0000000000000000        0x0 c:/st/stm32cubeide_1.4.0/stm32cubeide/plugins/com.st.stm32cube.ide.mcu.externaltools.gnu-tools-for-stm32.7-2018-q2-update.win32_1.4.0.202007081208/tools/bin/../lib/gcc/arm-none-eabi/7.3.1/../../../../arm-none-eabi/lib/thumb/v7-m/crt0.o
 .bss           0x0000000000000000        0x0 c:/st/stm32cubeide_1.4.0/stm32cubeide/plugins/com.st.stm32cube.ide.mcu.externaltools.gnu-tools-for-stm32.7-2018-q2-update.win32_1.4.0.202007081208/tools/bin/../lib/gcc/arm-none-eabi/7.3.1/../../../../arm-none-eabi/lib/thumb/v7-m/crt0.o
 .ARM.extab     0x0000000000000000        0x0 c:/st/stm32cubeide_1.4.0/stm32cubeide/plugins/com.st.stm32cube.ide.mcu.externaltools.gnu-tools-for-stm32.7-2018-q2-update.win32_1.4.0.202007081208/tools/bin/../lib/gcc/arm-none-eabi/7.3.1/../../../../arm-none-eabi/lib/thumb/v7-m/crt0.o
 .ARM.exidx     0x0000000000000000        0x8 c:/st/stm32cubeide_1.4.0/stm32cubeide/plugins/com.st.stm32cube.ide.mcu.externaltools.gnu-tools-for-stm32.7-2018-q2-update.win32_1.4.0.202007081208/tools/bin/../lib/gcc/arm-none-eabi/7.3.1/../../../../arm-none-eabi/lib/thumb/v7-m/crt0.o
 .ARM.attributes
                0x0000000000000000       0x1b c:/st/stm32cubeide_1.4.0/stm32cubeide/plugins/com.st.stm32cube.ide.mcu.externaltools.gnu-tools-for-stm32.7-2018-q2-update.win32_1.4.0.202007081208/tools/bin/../lib/gcc/arm-none-eabi/7.3.1/../../../../arm-none-eabi/lib/thumb/v7-m/crt0.o
 .group         0x0000000000000000        0xc MYRTOS/CortexMX_OS_porting.o
 .group         0x0000000000000000        0xc MYRTOS/CortexMX_OS_porting.o
 .group         0x0000000000000000        0xc MYRTOS/CortexMX_OS_porting.o
 .group         0x0000000000000000        0xc MYRTOS/CortexMX_OS_porting.o
 .group         0x0000000000000000        0xc MYRTOS/CortexMX_OS_porting.o
 .group         0x0000000000000000        0xc MYRTOS/CortexMX_OS_porting.o
 .group         0x0000000000000000        0xc MYRTOS/CortexMX_OS_porting.o
 .group         0x0000000000000000        0xc MYRTOS/CortexMX_OS_porting.o
 .group         0x0000000000000000        0xc MYRTOS/CortexMX_OS_porting.o
 .group         0x0000000000000000        0xc MYRTOS/CortexMX_OS_porting.o
 .group         0x0000000000000000        0xc MYRTOS/CortexMX_OS_porting.o
 .group         0x0000000000000000        0xc MYRTOS/CortexMX_OS_porting.o
 .group         0x0000000000000000        0xc MYRTOS/CortexMX_OS_porting.o
 .text          0x0000000000000000        0x0 MYRTOS/CortexMX_OS_porting.o
 .data          0x0000000000000000        0x0 MYRTOS/CortexMX_OS_porting.o
 .bss           0x0000000000000000        0x0 MYRTOS/CortexMX_OS_porting.o
 .group         0x0000000000000000        0xc MYRTOS/My_RTOS_FIFO.o
 .group         0x0000000000000000        0xc MYRTOS/My_RTOS_FIFO.o
 .group         0x0000000000000000        0xc MYRTOS/My_RTOS_FIFO.o
 .group         0x0000000000000000        0xc MYRTOS/My_RTOS_FIFO.o
 .group         0x0000000000000000        0xc MYRTOS/My_RTOS_FIFO.o
 .group         0x0000000000000000        0xc MYRTOS/My_RTOS_FIFO.o
 .group         0x0000000000000000        0xc MYRTOS/My_RTOS_FIFO.o
 .group         0x0000000000000000        0xc MYRTOS/My_RTOS_FIFO.o
 .group         0x0000000000000000        0xc MYRTOS/My_RTOS_FIFO.o
 .group         0x0000000000000000        0xc MYRTOS/My_RTOS_FIFO.o
 .group         0x0000000000000000        0xc MYRTOS/My_RTOS_FIFO.o
 .group         0x0000000000000000        0xc MYRTOS/My_RTOS_FIFO.o
 .group         0x0000000000000000        0xc MYRTOS/My_RTOS_FIFO.o
 .group         0x0000000000000000        0xc MYRTOS/My_RTOS_FIFO.o
 .group         0x0000000000000000        0xc MYRTOS/My_RTOS_FIFO.o
 .group         0x0000000000000000        0xc MYRTOS/My_RTOS_FIFO.o
 .group         0x0000000000000000        0xc MYRTOS/My_RTOS_FIFO.o
 .group         0x0000000000000000        0xc MYRTOS/My_RTOS_FIFO.o
 .group         0x0000000000000000        0xc MYRTOS/My_RTOS_FIFO.o
 .group         0x0000000000000000        0xc MYRTOS/My_RTOS_FIFO.o
 .group         0x0000000000000000        0xc MYRTOS/My_RTOS_FIFO.o
 .group         0x0000000000000000        0xc MYRTOS/My_RTOS_FIFO.o
 .group         0x0000000000000000        0xc MYRTOS/My_RTOS_FIFO.o
 .group         0x0000000000000000        0xc MYRTOS/My_RTOS_FIFO.o
 .group         0x0000000000000000        0xc MYRTOS/My_RTOS_FIFO.o
 .group         0x0000000000000000        0xc MYRTOS/My_RTOS_FIFO.o
 .group         0x0000000000000000        0xc MYRTOS/My_RTOS_FIFO.o
 .group         0x0000000000000000        0xc MYRTOS/My_RTOS_FIFO.o
 .group         0x0000000000000000        0xc MYRTOS/My_RTOS_FIFO.o
 .group         0x0000000000000000        0xc MYRTOS/My_RTOS_FIFO.o
 .group         0x0000000000000000        0xc MYRTOS/My_RTOS_FIFO.o
 .group         0x0000000000000000        0xc MYRTOS/My_RTOS_FIFO.o
 .group         0x0000000000000000        0xc MYRTOS/My_RTOS_FIFO.o
 .group         0x0000000000000000        0xc MYRTOS/My_RTOS_FIFO.o
 .group         0x0000000000000000        0xc MYRTOS/My_RTOS_FIFO.o
 .group         0x0000000000000000        0xc MYRTOS/My_RTOS_FIFO.o
 .group         0x0000000000000000        0xc MYRTOS/My_RTOS_FIFO.o
 .group         0x0000000000000000        0xc MYRTOS/My_RTOS_FIFO.o
 .text          0x0000000000000000        0x0 MYRTOS/My_RTOS_FIFO.o
 .data          0x0000000000000000        0x0 MYRTOS/My_RTOS_FIFO.o
 .bss           0x0000000000000000        0x0 MYRTOS/My_RTOS_FIFO.o
 .text.FIFO_is_full
                0x0000000000000000       0x40 MYRTOS/My_RTOS_FIFO.o
 .text.FIFO_print
                0x0000000000000000       0x12 MYRTOS/My_RTOS_FIFO.o
 .debug_macro   0x0000000000000000      0xa60 MYRTOS/My_RTOS_FIFO.o
 .debug_macro   0x0000000000000000       0x22 MYRTOS/My_RTOS_FIFO.o
 .debug_macro   0x0000000000000000       0x6a MYRTOS/My_RTOS_FIFO.o
 .debug_macro   0x0000000000000000       0xef MYRTOS/My_RTOS_FIFO.o
 .debug_macro   0x0000000000000000      0x1df MYRTOS/My_RTOS_FIFO.o
 .debug_macro   0x0000000000000000       0x28 MYRTOS/My_RTOS_FIFO.o
 .debug_macro   0x0000000000000000       0x1c MYRTOS/My_RTOS_FIFO.o
 .debug_macro   0x0000000000000000       0x22 MYRTOS/My_RTOS_FIFO.o
 .debug_macro   0x0000000000000000      0xe3c MYRTOS/My_RTOS_FIFO.o
 .debug_macro   0x0000000000000000       0x2e MYRTOS/My_RTOS_FIFO.o
 .group         0x0000000000000000        0xc MYRTOS/scheduler.o
 .group         0x0000000000000000        0xc MYRTOS/scheduler.o
 .group         0x0000000000000000        0xc MYRTOS/scheduler.o
 .group         0x0000000000000000        0xc MYRTOS/scheduler.o
 .group         0x0000000000000000        0xc MYRTOS/scheduler.o
 .group         0x0000000000000000        0xc MYRTOS/scheduler.o
 .group         0x0000000000000000        0xc MYRTOS/scheduler.o
 .group         0x0000000000000000        0xc MYRTOS/scheduler.o
 .group         0x0000000000000000        0xc MYRTOS/scheduler.o
 .group         0x0000000000000000        0xc MYRTOS/scheduler.o
 .group         0x0000000000000000        0xc MYRTOS/scheduler.o
 .group         0x0000000000000000        0xc MYRTOS/scheduler.o
 .group         0x0000000000000000        0xc MYRTOS/scheduler.o
 .group         0x0000000000000000        0xc MYRTOS/scheduler.o
 .group         0x0000000000000000        0xc MYRTOS/scheduler.o
 .group         0x0000000000000000        0xc MYRTOS/scheduler.o
 .group         0x0000000000000000        0xc MYRTOS/scheduler.o
 .group         0x0000000000000000        0xc MYRTOS/scheduler.o
 .group         0x0000000000000000        0xc MYRTOS/scheduler.o
 .group         0x0000000000000000        0xc MYRTOS/scheduler.o
 .group         0x0000000000000000        0xc MYRTOS/scheduler.o
 .group         0x0000000000000000        0xc MYRTOS/scheduler.o
 .group         0x0000000000000000        0xc MYRTOS/scheduler.o
 .group         0x0000000000000000        0xc MYRTOS/scheduler.o
 .group         0x0000000000000000        0xc MYRTOS/scheduler.o
 .group         0x0000000000000000        0xc MYRTOS/scheduler.o
 .group         0x0000000000000000        0xc MYRTOS/scheduler.o
 .group         0x0000000000000000        0xc MYRTOS/scheduler.o
 .group         0x0000000000000000        0xc MYRTOS/scheduler.o
 .group         0x0000000000000000        0xc MYRTOS/scheduler.o
 .group         0x0000000000000000        0xc MYRTOS/scheduler.o
 .group         0x0000000000000000        0xc MYRTOS/scheduler.o
 .group         0x0000000000000000        0xc MYRTOS/scheduler.o
 .group         0x0000000000000000        0xc MYRTOS/scheduler.o
 .group         0x0000000000000000        0xc MYRTOS/scheduler.o
 .group         0x0000000000000000        0xc MYRTOS/scheduler.o
 .group         0x0000000000000000        0xc MYRTOS/scheduler.o
 .group         0x0000000000000000        0xc MYRTOS/scheduler.o
 .text          0x0000000000000000        0x0 MYRTOS/scheduler.o
 .data          0x0000000000000000        0x0 MYRTOS/scheduler.o
 .bss           0x0000000000000000        0x0 MYRTOS/scheduler.o
 .text.MYRTOS_Taskwait
                0x0000000000000000       0x2e MYRTOS/scheduler.o
 .debug_macro   0x0000000000000000      0xa60 MYRTOS/scheduler.o
 .debug_macro   0x0000000000000000       0x28 MYRTOS/scheduler.o
 .debug_macro   0x0000000000000000       0x22 MYRTOS/scheduler.o
 .debug_macro   0x0000000000000000       0x8e MYRTOS/scheduler.o
 .debug_macro   0x0000000000000000       0x51 MYRTOS/scheduler.o
 .debug_macro   0x0000000000000000       0xef MYRTOS/scheduler.o
 .debug_macro   0x0000000000000000       0x6a MYRTOS/scheduler.o
 .debug_macro   0x0000000000000000      0x1df MYRTOS/scheduler.o
 .debug_macro   0x0000000000000000       0x1c MYRTOS/scheduler.o
 .debug_macro   0x0000000000000000       0x22 MYRTOS/scheduler.o
 .debug_macro   0x0000000000000000       0xe5 MYRTOS/scheduler.o
 .debug_macro   0x0000000000000000      0xe3c MYRTOS/scheduler.o
 .debug_macro   0x0000000000000000       0x2e MYRTOS/scheduler.o
 .debug_macro   0x0000000000000000       0x18 MYRTOS/scheduler.o
 .debug_macro   0x0000000000000000       0x3c MYRTOS/scheduler.o
 .debug_macro   0x0000000000000000       0x34 MYRTOS/scheduler.o
 .debug_macro   0x0000000000000000       0x16 MYRTOS/scheduler.o
 .debug_macro   0x0000000000000000       0x97 MYRTOS/scheduler.o
 .debug_macro   0x0000000000000000       0xfd MYRTOS/scheduler.o
 .debug_macro   0x0000000000000000       0x10 MYRTOS/scheduler.o
 .debug_macro   0x0000000000000000       0x52 MYRTOS/scheduler.o
 .debug_macro   0x0000000000000000       0x1f MYRTOS/scheduler.o
 .debug_macro   0x0000000000000000       0x43 MYRTOS/scheduler.o
 .debug_macro   0x0000000000000000       0x20 MYRTOS/scheduler.o
 .debug_macro   0x0000000000000000      0x1a3 MYRTOS/scheduler.o
 .debug_macro   0x0000000000000000       0x10 MYRTOS/scheduler.o
 .debug_macro   0x0000000000000000       0x1c MYRTOS/scheduler.o
 .debug_macro   0x0000000000000000       0x52 MYRTOS/scheduler.o
 .debug_macro   0x0000000000000000       0x40 MYRTOS/scheduler.o
 .debug_macro   0x0000000000000000       0x10 MYRTOS/scheduler.o
 .debug_macro   0x0000000000000000       0x40 MYRTOS/scheduler.o
 .debug_macro   0x0000000000000000       0xd7 MYRTOS/scheduler.o
 .debug_macro   0x0000000000000000       0x1c MYRTOS/scheduler.o
 .debug_macro   0x0000000000000000       0x3d MYRTOS/scheduler.o
 .debug_macro   0x0000000000000000       0x16 MYRTOS/scheduler.o
 .debug_macro   0x0000000000000000      0x145 MYRTOS/scheduler.o
 .group         0x0000000000000000        0xc Src/main.o
 .group         0x0000000000000000        0xc Src/main.o
 .group         0x0000000000000000        0xc Src/main.o
 .group         0x0000000000000000        0xc Src/main.o
 .group         0x0000000000000000        0xc Src/main.o
 .group         0x0000000000000000        0xc Src/main.o
 .group         0x0000000000000000        0xc Src/main.o
 .group         0x0000000000000000        0xc Src/main.o
 .group         0x0000000000000000        0xc Src/main.o
 .group         0x0000000000000000        0xc Src/main.o
 .group         0x0000000000000000        0xc Src/main.o
 .group         0x0000000000000000        0xc Src/main.o
 .group         0x0000000000000000        0xc Src/main.o
 .text          0x0000000000000000        0x0 Src/main.o
 .data          0x0000000000000000        0x0 Src/main.o
 .bss           0x0000000000000000        0x0 Src/main.o
 .debug_macro   0x0000000000000000      0xa60 Src/main.o
 .debug_macro   0x0000000000000000       0x28 Src/main.o
 .debug_macro   0x0000000000000000       0x22 Src/main.o
 .debug_macro   0x0000000000000000       0x8e Src/main.o
 .debug_macro   0x0000000000000000       0x51 Src/main.o
 .debug_macro   0x0000000000000000       0xef Src/main.o
 .debug_macro   0x0000000000000000       0x6a Src/main.o
 .debug_macro   0x0000000000000000      0x1df Src/main.o
 .debug_macro   0x0000000000000000       0x1c Src/main.o
 .debug_macro   0x0000000000000000       0x22 Src/main.o
 .debug_macro   0x0000000000000000       0xe5 Src/main.o
 .debug_macro   0x0000000000000000      0xe3c Src/main.o
 .debug_macro   0x0000000000000000       0x2e Src/main.o
 .group         0x0000000000000000        0xc Src/syscalls.o
 .group         0x0000000000000000        0xc Src/syscalls.o
 .group         0x0000000000000000        0xc Src/syscalls.o
 .group         0x0000000000000000        0xc Src/syscalls.o
 .group         0x0000000000000000        0xc Src/syscalls.o
 .group         0x0000000000000000        0xc Src/syscalls.o
 .group         0x0000000000000000        0xc Src/syscalls.o
 .group         0x0000000000000000        0xc Src/syscalls.o
 .group         0x0000000000000000        0xc Src/syscalls.o
 .group         0x0000000000000000        0xc Src/syscalls.o
 .group         0x0000000000000000        0xc Src/syscalls.o
 .group         0x0000000000000000        0xc Src/syscalls.o
 .group         0x0000000000000000        0xc Src/syscalls.o
 .group         0x0000000000000000        0xc Src/syscalls.o
 .group         0x0000000000000000        0xc Src/syscalls.o
 .group         0x0000000000000000        0xc Src/syscalls.o
 .group         0x0000000000000000        0xc Src/syscalls.o
 .group         0x0000000000000000        0xc Src/syscalls.o
 .group         0x0000000000000000        0xc Src/syscalls.o
 .group         0x0000000000000000        0xc Src/syscalls.o
 .group         0x0000000000000000        0xc Src/syscalls.o
 .group         0x0000000000000000        0xc Src/syscalls.o
 .group         0x0000000000000000        0xc Src/syscalls.o
 .group         0x0000000000000000        0xc Src/syscalls.o
 .group         0x0000000000000000        0xc Src/syscalls.o
 .group         0x0000000000000000        0xc Src/syscalls.o
 .group         0x0000000000000000        0xc Src/syscalls.o
 .group         0x0000000000000000        0xc Src/syscalls.o
 .group         0x0000000000000000        0xc Src/syscalls.o
 .group         0x0000000000000000        0xc Src/syscalls.o
 .group         0x0000000000000000        0xc Src/syscalls.o
 .group         0x0000000000000000        0xc Src/syscalls.o
 .group         0x0000000000000000        0xc Src/syscalls.o
 .group         0x0000000000000000        0xc Src/syscalls.o
 .group         0x0000000000000000        0xc Src/syscalls.o
 .group         0x0000000000000000        0xc Src/syscalls.o
 .group         0x0000000000000000        0xc Src/syscalls.o
 .group         0x0000000000000000        0xc Src/syscalls.o
 .group         0x0000000000000000        0xc Src/syscalls.o
 .group         0x0000000000000000        0xc Src/syscalls.o
 .group         0x0000000000000000        0xc Src/syscalls.o
 .group         0x0000000000000000        0xc Src/syscalls.o
 .group         0x0000000000000000        0xc Src/syscalls.o
 .group         0x0000000000000000        0xc Src/syscalls.o
 .text          0x0000000000000000        0x0 Src/syscalls.o
 .data          0x0000000000000000        0x0 Src/syscalls.o
 .bss           0x0000000000000000        0x0 Src/syscalls.o
 .bss.__env     0x0000000000000000        0x4 Src/syscalls.o
 .data.environ  0x0000000000000000        0x4 Src/syscalls.o
 .text.initialise_monitor_handles
                0x0000000000000000        0xc Src/syscalls.o
 .text._getpid  0x0000000000000000        0xe Src/syscalls.o
 .text._kill    0x0000000000000000       0x20 Src/syscalls.o
 .text._exit    0x0000000000000000       0x14 Src/syscalls.o
 .text._read    0x0000000000000000       0x3a Src/syscalls.o
 .text._write   0x0000000000000000       0x38 Src/syscalls.o
 .text._close   0x0000000000000000       0x16 Src/syscalls.o
 .text._fstat   0x0000000000000000       0x1e Src/syscalls.o
 .text._isatty  0x0000000000000000       0x14 Src/syscalls.o
 .text._lseek   0x0000000000000000       0x18 Src/syscalls.o
 .text._open    0x0000000000000000       0x1a Src/syscalls.o
 .text._wait    0x0000000000000000       0x1e Src/syscalls.o
 .text._unlink  0x0000000000000000       0x1e Src/syscalls.o
 .text._times   0x0000000000000000       0x16 Src/syscalls.o
 .text._stat    0x0000000000000000       0x1e Src/syscalls.o
 .text._link    0x0000000000000000       0x20 Src/syscalls.o
 .text._fork    0x0000000000000000       0x16 Src/syscalls.o
 .text._execve  0x0000000000000000       0x22 Src/syscalls.o
 .debug_info    0x0000000000000000      0xebd Src/syscalls.o
 .debug_abbrev  0x0000000000000000      0x261 Src/syscalls.o
 .debug_aranges
                0x0000000000000000       0xa8 Src/syscalls.o
 .debug_ranges  0x0000000000000000       0x98 Src/syscalls.o
 .debug_macro   0x0000000000000000      0x243 Src/syscalls.o
 .debug_macro   0x0000000000000000      0xa60 Src/syscalls.o
 .debug_macro   0x0000000000000000       0x22 Src/syscalls.o
 .debug_macro   0x0000000000000000       0x40 Src/syscalls.o
 .debug_macro   0x0000000000000000       0x18 Src/syscalls.o
 .debug_macro   0x0000000000000000       0x94 Src/syscalls.o
 .debug_macro   0x0000000000000000       0x3c Src/syscalls.o
 .debug_macro   0x0000000000000000       0x34 Src/syscalls.o
 .debug_macro   0x0000000000000000       0x57 Src/syscalls.o
 .debug_macro   0x0000000000000000      0x174 Src/syscalls.o
 .debug_macro   0x0000000000000000      0x330 Src/syscalls.o
 .debug_macro   0x0000000000000000       0x52 Src/syscalls.o
 .debug_macro   0x0000000000000000       0x1f Src/syscalls.o
 .debug_macro   0x0000000000000000       0x43 Src/syscalls.o
 .debug_macro   0x0000000000000000       0x20 Src/syscalls.o
 .debug_macro   0x0000000000000000      0x1a3 Src/syscalls.o
 .debug_macro   0x0000000000000000       0x10 Src/syscalls.o
 .debug_macro   0x0000000000000000       0x35 Src/syscalls.o
 .debug_macro   0x0000000000000000       0x10 Src/syscalls.o
 .debug_macro   0x0000000000000000       0x10 Src/syscalls.o
 .debug_macro   0x0000000000000000       0x10 Src/syscalls.o
 .debug_macro   0x0000000000000000       0x6a Src/syscalls.o
 .debug_macro   0x0000000000000000       0x1c Src/syscalls.o
 .debug_macro   0x0000000000000000       0x52 Src/syscalls.o
 .debug_macro   0x0000000000000000       0x40 Src/syscalls.o
 .debug_macro   0x0000000000000000       0x10 Src/syscalls.o
 .debug_macro   0x0000000000000000       0x40 Src/syscalls.o
 .debug_macro   0x0000000000000000       0xd7 Src/syscalls.o
 .debug_macro   0x0000000000000000       0x1c Src/syscalls.o
 .debug_macro   0x0000000000000000       0x3d Src/syscalls.o
 .debug_macro   0x0000000000000000       0x35 Src/syscalls.o
 .debug_macro   0x0000000000000000      0x122 Src/syscalls.o
 .debug_macro   0x0000000000000000       0x16 Src/syscalls.o
 .debug_macro   0x0000000000000000       0x16 Src/syscalls.o
 .debug_macro   0x0000000000000000       0x29 Src/syscalls.o
 .debug_macro   0x0000000000000000       0x10 Src/syscalls.o
 .debug_macro   0x0000000000000000      0x241 Src/syscalls.o
 .debug_macro   0x0000000000000000       0x1c Src/syscalls.o
 .debug_macro   0x0000000000000000       0x10 Src/syscalls.o
 .debug_macro   0x0000000000000000       0x10 Src/syscalls.o
 .debug_macro   0x0000000000000000       0x16 Src/syscalls.o
 .debug_macro   0x0000000000000000      0x145 Src/syscalls.o
 .debug_macro   0x0000000000000000      0x189 Src/syscalls.o
 .debug_macro   0x0000000000000000       0x16 Src/syscalls.o
 .debug_macro   0x0000000000000000       0x88 Src/syscalls.o
 .debug_line    0x0000000000000000      0x739 Src/syscalls.o
 .debug_str     0x0000000000000000     0x886d Src/syscalls.o
 .comment       0x0000000000000000       0x7c Src/syscalls.o
 .debug_frame   0x0000000000000000      0x2ac Src/syscalls.o
 .ARM.attributes
                0x0000000000000000       0x33 Src/syscalls.o
 .group         0x0000000000000000        0xc Src/sysmem.o
 .group         0x0000000000000000        0xc Src/sysmem.o
 .group         0x0000000000000000        0xc Src/sysmem.o
 .group         0x0000000000000000        0xc Src/sysmem.o
 .group         0x0000000000000000        0xc Src/sysmem.o
 .group         0x0000000000000000        0xc Src/sysmem.o
 .group         0x0000000000000000        0xc Src/sysmem.o
 .group         0x0000000000000000        0xc Src/sysmem.o
 .group         0x0000000000000000        0xc Src/sysmem.o
 .group         0x0000000000000000        0xc Src/sysmem.o
 .group         0x0000000000000000        0xc Src/sysmem.o
 .group         0x0000000000000000        0xc Src/sysmem.o
 .group         0x0000000000000000        0xc Src/sysmem.o
 .group         0x0000000000000000        0xc Src/sysmem.o
 .group         0x0000000000000000        0xc Src/sysmem.o
 .group         0x0000000000000000        0xc Src/sysmem.o
 .group         0x0000000000000000        0xc Src/sysmem.o
 .group         0x0000000000000000        0xc Src/sysmem.o
 .group         0x0000000000000000        0xc Src/sysmem.o
 .text          0x0000000000000000        0x0 Src/sysmem.o
 .data          0x0000000000000000        0x0 Src/sysmem.o
 .bss           0x0000000000000000        0x0 Src/sysmem.o
 .bss.__sbrk_heap_end
                0x0000000000000000        0x4 Src/sysmem.o
 .text._sbrk    0x0000000000000000       0x6c Src/sysmem.o
 .debug_info    0x0000000000000000      0x985 Src/sysmem.o
 .debug_abbrev  0x0000000000000000      0x19b Src/sysmem.o
 .debug_aranges
                0x0000000000000000       0x20 Src/sysmem.o
 .debug_ranges  0x0000000000000000       0x10 Src/sysmem.o
 .debug_macro   0x0000000000000000       0xee Src/sysmem.o
 .debug_macro   0x0000000000000000      0xa60 Src/sysmem.o
 .debug_macro   0x0000000000000000       0x10 Src/sysmem.o
 .debug_macro   0x0000000000000000       0x22 Src/sysmem.o
 .debug_macro   0x0000000000000000       0x40 Src/sysmem.o
 .debug_macro   0x0000000000000000       0x18 Src/sysmem.o
 .debug_macro   0x0000000000000000       0x94 Src/sysmem.o
 .debug_macro   0x0000000000000000       0x3c Src/sysmem.o
 .debug_macro   0x0000000000000000       0x34 Src/sysmem.o
 .debug_macro   0x0000000000000000      0x174 Src/sysmem.o
 .debug_macro   0x0000000000000000       0x57 Src/sysmem.o
 .debug_macro   0x0000000000000000       0x52 Src/sysmem.o
 .debug_macro   0x0000000000000000       0x1f Src/sysmem.o
 .debug_macro   0x0000000000000000       0x43 Src/sysmem.o
 .debug_macro   0x0000000000000000       0x20 Src/sysmem.o
 .debug_macro   0x0000000000000000      0x1a3 Src/sysmem.o
 .debug_macro   0x0000000000000000      0x23b Src/sysmem.o
 .debug_macro   0x0000000000000000       0xef Src/sysmem.o
 .debug_macro   0x0000000000000000       0x6a Src/sysmem.o
 .debug_macro   0x0000000000000000      0x1df Src/sysmem.o
 .debug_line    0x0000000000000000      0x4c2 Src/sysmem.o
 .debug_str     0x0000000000000000     0x5f3b Src/sysmem.o
 .comment       0x0000000000000000       0x7c Src/sysmem.o
 .debug_frame   0x0000000000000000       0x34 Src/sysmem.o
 .ARM.attributes
                0x0000000000000000       0x33 Src/sysmem.o
 .text          0x0000000000000000       0x14 Startup/startup_stm32f103c8tx.o
 .data          0x0000000000000000        0x0 Startup/startup_stm32f103c8tx.o
 .bss           0x0000000000000000        0x0 Startup/startup_stm32f103c8tx.o
 .text          0x0000000000000000        0x0 c:/st/stm32cubeide_1.4.0/stm32cubeide/plugins/com.st.stm32cube.ide.mcu.externaltools.gnu-tools-for-stm32.7-2018-q2-update.win32_1.4.0.202007081208/tools/bin/../lib/gcc/arm-none-eabi/7.3.1/../../../../arm-none-eabi/lib/thumb/v7-m\libc_nano.a(lib_a-errno.o)
 .data          0x0000000000000000        0x0 c:/st/stm32cubeide_1.4.0/stm32cubeide/plugins/com.st.stm32cube.ide.mcu.externaltools.gnu-tools-for-stm32.7-2018-q2-update.win32_1.4.0.202007081208/tools/bin/../lib/gcc/arm-none-eabi/7.3.1/../../../../arm-none-eabi/lib/thumb/v7-m\libc_nano.a(lib_a-errno.o)
 .bss           0x0000000000000000        0x0 c:/st/stm32cubeide_1.4.0/stm32cubeide/plugins/com.st.stm32cube.ide.mcu.externaltools.gnu-tools-for-stm32.7-2018-q2-update.win32_1.4.0.202007081208/tools/bin/../lib/gcc/arm-none-eabi/7.3.1/../../../../arm-none-eabi/lib/thumb/v7-m\libc_nano.a(lib_a-errno.o)
 .text.__errno  0x0000000000000000        0xc c:/st/stm32cubeide_1.4.0/stm32cubeide/plugins/com.st.stm32cube.ide.mcu.externaltools.gnu-tools-for-stm32.7-2018-q2-update.win32_1.4.0.202007081208/tools/bin/../lib/gcc/arm-none-eabi/7.3.1/../../../../arm-none-eabi/lib/thumb/v7-m\libc_nano.a(lib_a-errno.o)
 .debug_frame   0x0000000000000000       0x20 c:/st/stm32cubeide_1.4.0/stm32cubeide/plugins/com.st.stm32cube.ide.mcu.externaltools.gnu-tools-for-stm32.7-2018-q2-update.win32_1.4.0.202007081208/tools/bin/../lib/gcc/arm-none-eabi/7.3.1/../../../../arm-none-eabi/lib/thumb/v7-m\libc_nano.a(lib_a-errno.o)
 .ARM.attributes
                0x0000000000000000       0x2d c:/st/stm32cubeide_1.4.0/stm32cubeide/plugins/com.st.stm32cube.ide.mcu.externaltools.gnu-tools-for-stm32.7-2018-q2-update.win32_1.4.0.202007081208/tools/bin/../lib/gcc/arm-none-eabi/7.3.1/../../../../arm-none-eabi/lib/thumb/v7-m\libc_nano.a(lib_a-errno.o)
 .text          0x0000000000000000        0x0 c:/st/stm32cubeide_1.4.0/stm32cubeide/plugins/com.st.stm32cube.ide.mcu.externaltools.gnu-tools-for-stm32.7-2018-q2-update.win32_1.4.0.202007081208/tools/bin/../lib/gcc/arm-none-eabi/7.3.1/../../../../arm-none-eabi/lib/thumb/v7-m\libc_nano.a(lib_a-exit.o)
 .data          0x0000000000000000        0x0 c:/st/stm32cubeide_1.4.0/stm32cubeide/plugins/com.st.stm32cube.ide.mcu.externaltools.gnu-tools-for-stm32.7-2018-q2-update.win32_1.4.0.202007081208/tools/bin/../lib/gcc/arm-none-eabi/7.3.1/../../../../arm-none-eabi/lib/thumb/v7-m\libc_nano.a(lib_a-exit.o)
 .bss           0x0000000000000000        0x0 c:/st/stm32cubeide_1.4.0/stm32cubeide/plugins/com.st.stm32cube.ide.mcu.externaltools.gnu-tools-for-stm32.7-2018-q2-update.win32_1.4.0.202007081208/tools/bin/../lib/gcc/arm-none-eabi/7.3.1/../../../../arm-none-eabi/lib/thumb/v7-m\libc_nano.a(lib_a-exit.o)
 .text.exit     0x0000000000000000       0x28 c:/st/stm32cubeide_1.4.0/stm32cubeide/plugins/com.st.stm32cube.ide.mcu.externaltools.gnu-tools-for-stm32.7-2018-q2-update.win32_1.4.0.202007081208/tools/bin/../lib/gcc/arm-none-eabi/7.3.1/../../../../arm-none-eabi/lib/thumb/v7-m\libc_nano.a(lib_a-exit.o)
 .debug_frame   0x0000000000000000       0x28 c:/st/stm32cubeide_1.4.0/stm32cubeide/plugins/com.st.stm32cube.ide.mcu.externaltools.gnu-tools-for-stm32.7-2018-q2-update.win32_1.4.0.202007081208/tools/bin/../lib/gcc/arm-none-eabi/7.3.1/../../../../arm-none-eabi/lib/thumb/v7-m\libc_nano.a(lib_a-exit.o)
 .ARM.attributes
                0x0000000000000000       0x2d c:/st/stm32cubeide_1.4.0/stm32cubeide/plugins/com.st.stm32cube.ide.mcu.externaltools.gnu-tools-for-stm32.7-2018-q2-update.win32_1.4.0.202007081208/tools/bin/../lib/gcc/arm-none-eabi/7.3.1/../../../../arm-none-eabi/lib/thumb/v7-m\libc_nano.a(lib_a-exit.o)
 .text          0x0000000000000000        0x0 c:/st/stm32cubeide_1.4.0/stm32cubeide/plugins/com.st.stm32cube.ide.mcu.externaltools.gnu-tools-for-stm32.7-2018-q2-update.win32_1.4.0.202007081208/tools/bin/../lib/gcc/arm-none-eabi/7.3.1/../../../../arm-none-eabi/lib/thumb/v7-m\libc_nano.a(lib_a-impure.o)
 .data          0x0000000000000000        0x0 c:/st/stm32cubeide_1.4.0/stm32cubeide/plugins/com.st.stm32cube.ide.mcu.externaltools.gnu-tools-for-stm32.7-2018-q2-update.win32_1.4.0.202007081208/tools/bin/../lib/gcc/arm-none-eabi/7.3.1/../../../../arm-none-eabi/lib/thumb/v7-m\libc_nano.a(lib_a-impure.o)
 .bss           0x0000000000000000        0x0 c:/st/stm32cubeide_1.4.0/stm32cubeide/plugins/com.st.stm32cube.ide.mcu.externaltools.gnu-tools-for-stm32.7-2018-q2-update.win32_1.4.0.202007081208/tools/bin/../lib/gcc/arm-none-eabi/7.3.1/../../../../arm-none-eabi/lib/thumb/v7-m\libc_nano.a(lib_a-impure.o)
 .data._impure_ptr
                0x0000000000000000        0x4 c:/st/stm32cubeide_1.4.0/stm32cubeide/plugins/com.st.stm32cube.ide.mcu.externaltools.gnu-tools-for-stm32.7-2018-q2-update.win32_1.4.0.202007081208/tools/bin/../lib/gcc/arm-none-eabi/7.3.1/../../../../arm-none-eabi/lib/thumb/v7-m\libc_nano.a(lib_a-impure.o)
 .data.impure_data
                0x0000000000000000       0x60 c:/st/stm32cubeide_1.4.0/stm32cubeide/plugins/com.st.stm32cube.ide.mcu.externaltools.gnu-tools-for-stm32.7-2018-q2-update.win32_1.4.0.202007081208/tools/bin/../lib/gcc/arm-none-eabi/7.3.1/../../../../arm-none-eabi/lib/thumb/v7-m\libc_nano.a(lib_a-impure.o)
 .rodata._global_impure_ptr
                0x0000000000000000        0x4 c:/st/stm32cubeide_1.4.0/stm32cubeide/plugins/com.st.stm32cube.ide.mcu.externaltools.gnu-tools-for-stm32.7-2018-q2-update.win32_1.4.0.202007081208/tools/bin/../lib/gcc/arm-none-eabi/7.3.1/../../../../arm-none-eabi/lib/thumb/v7-m\libc_nano.a(lib_a-impure.o)
 .ARM.attributes
                0x0000000000000000       0x2d c:/st/stm32cubeide_1.4.0/stm32cubeide/plugins/com.st.stm32cube.ide.mcu.externaltools.gnu-tools-for-stm32.7-2018-q2-update.win32_1.4.0.202007081208/tools/bin/../lib/gcc/arm-none-eabi/7.3.1/../../../../arm-none-eabi/lib/thumb/v7-m\libc_nano.a(lib_a-impure.o)
 .text          0x0000000000000000        0x0 c:/st/stm32cubeide_1.4.0/stm32cubeide/plugins/com.st.stm32cube.ide.mcu.externaltools.gnu-tools-for-stm32.7-2018-q2-update.win32_1.4.0.202007081208/tools/bin/../lib/gcc/arm-none-eabi/7.3.1/../../../../arm-none-eabi/lib/thumb/v7-m\libc_nano.a(lib_a-init.o)
 .data          0x0000000000000000        0x0 c:/st/stm32cubeide_1.4.0/stm32cubeide/plugins/com.st.stm32cube.ide.mcu.externaltools.gnu-tools-for-stm32.7-2018-q2-update.win32_1.4.0.202007081208/tools/bin/../lib/gcc/arm-none-eabi/7.3.1/../../../../arm-none-eabi/lib/thumb/v7-m\libc_nano.a(lib_a-init.o)
 .bss           0x0000000000000000        0x0 c:/st/stm32cubeide_1.4.0/stm32cubeide/plugins/com.st.stm32cube.ide.mcu.externaltools.gnu-tools-for-stm32.7-2018-q2-update.win32_1.4.0.202007081208/tools/bin/../lib/gcc/arm-none-eabi/7.3.1/../../../../arm-none-eabi/lib/thumb/v7-m\libc_nano.a(lib_a-init.o)
 .text          0x0000000000000000        0x0 c:/st/stm32cubeide_1.4.0/stm32cubeide/plugins/com.st.stm32cube.ide.mcu.externaltools.gnu-tools-for-stm32.7-2018-q2-update.win32_1.4.0.202007081208/tools/bin/../lib/gcc/arm-none-eabi/7.3.1/../../../../arm-none-eabi/lib/thumb/v7-m\libc_nano.a(lib_a-memset.o)
 .data          0x0000000000000000        0x0 c:/st/stm32cubeide_1.4.0/stm32cubeide/plugins/com.st.stm32cube.ide.mcu.externaltools.gnu-tools-for-stm32.7-2018-q2-update.win32_1.4.0.202007081208/tools/bin/../lib/gcc/arm-none-eabi/7.3.1/../../../../arm-none-eabi/lib/thumb/v7-m\libc_nano.a(lib_a-memset.o)
 .bss           0x0000000000000000        0x0 c:/st/stm32cubeide_1.4.0/stm32cubeide/plugins/com.st.stm32cube.ide.mcu.externaltools.gnu-tools-for-stm32.7-2018-q2-update.win32_1.4.0.202007081208/tools/bin/../lib/gcc/arm-none-eabi/7.3.1/../../../../arm-none-eabi/lib/thumb/v7-m\libc_nano.a(lib_a-memset.o)
 .text.memset   0x0000000000000000       0x10 c:/st/stm32cubeide_1.4.0/stm32cubeide/plugins/com.st.stm32cube.ide.mcu.externaltools.gnu-tools-for-stm32.7-2018-q2-update.win32_1.4.0.202007081208/tools/bin/../lib/gcc/arm-none-eabi/7.3.1/../../../../arm-none-eabi/lib/thumb/v7-m\libc_nano.a(lib_a-memset.o)
 .debug_frame   0x0000000000000000       0x20 c:/st/stm32cubeide_1.4.0/stm32cubeide/plugins/com.st.stm32cube.ide.mcu.externaltools.gnu-tools-for-stm32.7-2018-q2-update.win32_1.4.0.202007081208/tools/bin/../lib/gcc/arm-none-eabi/7.3.1/../../../../arm-none-eabi/lib/thumb/v7-m\libc_nano.a(lib_a-memset.o)
 .ARM.attributes
                0x0000000000000000       0x2d c:/st/stm32cubeide_1.4.0/stm32cubeide/plugins/com.st.stm32cube.ide.mcu.externaltools.gnu-tools-for-stm32.7-2018-q2-update.win32_1.4.0.202007081208/tools/bin/../lib/gcc/arm-none-eabi/7.3.1/../../../../arm-none-eabi/lib/thumb/v7-m\libc_nano.a(lib_a-memset.o)
 .data          0x0000000000000000        0x0 c:/st/stm32cubeide_1.4.0/stm32cubeide/plugins/com.st.stm32cube.ide.mcu.externaltools.gnu-tools-for-stm32.7-2018-q2-update.win32_1.4.0.202007081208/tools/bin/../lib/gcc/arm-none-eabi/7.3.1/../../../../arm-none-eabi/lib/thumb/v7-m\libc_nano.a(lib_a-strcmp.o)
 .bss           0x0000000000000000        0x0 c:/st/stm32cubeide_1.4.0/stm32cubeide/plugins/com.st.stm32cube.ide.mcu.externaltools.gnu-tools-for-stm32.7-2018-q2-update.win32_1.4.0.202007081208/tools/bin/../lib/gcc/arm-none-eabi/7.3.1/../../../../arm-none-eabi/lib/thumb/v7-m\libc_nano.a(lib_a-strcmp.o)
 .text          0x0000000000000000        0x0 c:/st/stm32cubeide_1.4.0/stm32cubeide/plugins/com.st.stm32cube.ide.mcu.externaltools.gnu-tools-for-stm32.7-2018-q2-update.win32_1.4.0.202007081208/tools/bin/../lib/gcc/arm-none-eabi/7.3.1/thumb/v7-m/crtend.o
 .data          0x0000000000000000        0x0 c:/st/stm32cubeide_1.4.0/stm32cubeide/plugins/com.st.stm32cube.ide.mcu.externaltools.gnu-tools-for-stm32.7-2018-q2-update.win32_1.4.0.202007081208/tools/bin/../lib/gcc/arm-none-eabi/7.3.1/thumb/v7-m/crtend.o
 .bss           0x0000000000000000        0x0 c:/st/stm32cubeide_1.4.0/stm32cubeide/plugins/com.st.stm32cube.ide.mcu.externaltools.gnu-tools-for-stm32.7-2018-q2-update.win32_1.4.0.202007081208/tools/bin/../lib/gcc/arm-none-eabi/7.3.1/thumb/v7-m/crtend.o
 .eh_frame      0x0000000000000000        0x4 c:/st/stm32cubeide_1.4.0/stm32cubeide/plugins/com.st.stm32cube.ide.mcu.externaltools.gnu-tools-for-stm32.7-2018-q2-update.win32_1.4.0.202007081208/tools/bin/../lib/gcc/arm-none-eabi/7.3.1/thumb/v7-m/crtend.o
 .ARM.attributes
                0x0000000000000000       0x2d c:/st/stm32cubeide_1.4.0/stm32cubeide/plugins/com.st.stm32cube.ide.mcu.externaltools.gnu-tools-for-stm32.7-2018-q2-update.win32_1.4.0.202007081208/tools/bin/../lib/gcc/arm-none-eabi/7.3.1/thumb/v7-m/crtend.o
 .text          0x0000000000000000        0x0 c:/st/stm32cubeide_1.4.0/stm32cubeide/plugins/com.st.stm32cube.ide.mcu.externaltools.gnu-tools-for-stm32.7-2018-q2-update.win32_1.4.0.202007081208/tools/bin/../lib/gcc/arm-none-eabi/7.3.1/thumb/v7-m/crtn.o
 .data          0x0000000000000000        0x0 c:/st/stm32cubeide_1.4.0/stm32cubeide/plugins/com.st.stm32cube.ide.mcu.externaltools.gnu-tools-for-stm32.7-2018-q2-update.win32_1.4.0.202007081208/tools/bin/../lib/gcc/arm-none-eabi/7.3.1/thumb/v7-m/crtn.o
 .bss           0x0000000000000000        0x0 c:/st/stm32cubeide_1.4.0/stm32cubeide/plugins/com.st.stm32cube.ide.mcu.externaltools.gnu-tools-for-stm32.7-2018-q2-update.win32_1.4.0.202007081208/tools/bin/../lib/gcc/arm-none-eabi/7.3.1/thumb/v7-m/crtn.o

Memory Configuration

Name             Origin             Length             Attributes
RAM              0x0000000020000000 0x0000000000005000 xrw
ROM              0x0000000008000000 0x0000000000010000 xr
*default*        0x0000000000000000 0xffffffffffffffff

Linker script and memory map

LOAD c:/st/stm32cubeide_1.4.0/stm32cubeide/plugins/com.st.stm32cube.ide.mcu.externaltools.gnu-tools-for-stm32.7-2018-q2-update.win32_1.4.0.202007081208/tools/bin/../lib/gcc/arm-none-eabi/7.3.1/thumb/v7-m/crti.o
LOAD c:/st/stm32cubeide_1.4.0/stm32cubeide/plugins/com.st.stm32cube.ide.mcu.externaltools.gnu-tools-for-stm32.7-2018-q2-update.win32_1.4.0.202007081208/tools/bin/../lib/gcc/arm-none-eabi/7.3.1/thumb/v7-m/crtbegin.o
LOAD c:/st/stm32cubeide_1.4.0/stm32cubeide/plugins/com.st.stm32cube.ide.mcu.externaltools.gnu-tools-for-stm32.7-2018-q2-update.win32_1.4.0.202007081208/tools/bin/../lib/gcc/arm-none-eabi/7.3.1/../../../../arm-none-eabi/lib/thumb/v7-m/crt0.o
LOAD MYRTOS/CortexMX_OS_porting.o
LOAD MYRTOS/My_RTOS_FIFO.o
LOAD MYRTOS/scheduler.o
LOAD Src/main.o
LOAD Src/syscalls.o
LOAD Src/sysmem.o
LOAD Startup/startup_stm32f103c8tx.o
START GROUP
LOAD c:/st/stm32cubeide_1.4.0/stm32cubeide/plugins/com.st.stm32cube.ide.mcu.externaltools.gnu-tools-for-stm32.7-2018-q2-update.win32_1.4.0.202007081208/tools/bin/../lib/gcc/arm-none-eabi/7.3.1/../../../../arm-none-eabi/lib/thumb/v7-m\libc_nano.a
LOAD c:/st/stm32cubeide_1.4.0/stm32cubeide/plugins/com.st.stm32cube.ide.mcu.externaltools.gnu-tools-for-stm32.7-2018-q2-update.win32_1.4.0.202007081208/tools/bin/../lib/gcc/arm-none-eabi/7.3.1/../../../../arm-none-eabi/lib/thumb/v7-m\libm.a
END GROUP
START GROUP
LOAD c:/st/stm32cubeide_1.4.0/stm32cubeide/plugins/com.st.stm32cube.ide.mcu.externaltools.gnu-tools-for-stm32.7-2018-q2-update.win32_1.4.0.202007081208/tools/bin/../lib/gcc/arm-none-eabi/7.3.1/thumb/v7-m\libgcc.a
LOAD c:/st/stm32cubeide_1.4.0/stm32cubeide/plugins/com.st.stm32cube.ide.mcu.externaltools.gnu-tools-for-stm32.7-2018-q2-update.win32_1.4.0.202007081208/tools/bin/../lib/gcc/arm-none-eabi/7.3.1/../../../../arm-none-eabi/lib/thumb/v7-m\libc_nano.a
END GROUP
START GROUP
LOAD c:/st/stm32cubeide_1.4.0/stm32cubeide/plugins/com.st.stm32cube.ide.mcu.externaltools.gnu-tools-for-stm32.7-2018-q2-update.win32_1.4.0.202007081208/tools/bin/../lib/gcc/arm-none-eabi/7.3.1/thumb/v7-m\libgcc.a
LOAD c:/st/stm32cubeide_1.4.0/stm32cubeide/plugins/com.st.stm32cube.ide.mcu.externaltools.gnu-tools-for-stm32.7-2018-q2-update.win32_1.4.0.202007081208/tools/bin/../lib/gcc/arm-none-eabi/7.3.1/../../../../arm-none-eabi/lib/thumb/v7-m\libc_nano.a
LOAD c:/st/stm32cubeide_1.4.0/stm32cubeide/plugins/com.st.stm32cube.ide.mcu.externaltools.gnu-tools-for-stm32.7-2018-q2-update.win32_1.4.0.202007081208/tools/bin/../lib/gcc/arm-none-eabi/7.3.1/../../../../arm-none-eabi/lib/thumb/v7-m\libnosys.a
END GROUP
START GROUP
LOAD c:/st/stm32cubeide_1.4.0/stm32cubeide/plugins/com.st.stm32cube.ide.mcu.externaltools.gnu-tools-for-stm32.7-2018-q2-update.win32_1.4.0.202007081208/tools/bin/../lib/gcc/arm-none-eabi/7.3.1/thumb/v7-m\libgcc.a
LOAD c:/st/stm32cubeide_1.4.0/stm32cubeide/plugins/com.st.stm32cube.ide.mcu.externaltools.gnu-tools-for-stm32.7-2018-q2-update.win32_1.4.0.202007081208/tools/bin/../lib/gcc/arm-none-eabi/7.3.1/../../../../arm-none-eabi/lib/thumb/v7-m\libc_nano.a
LOAD c:/st/stm32cubeide_1.4.0/stm32cubeide/plugins/com.st.stm32cube.ide.mcu.externaltools.gnu-tools-for-stm32.7-2018-q2-update.win32_1.4.0.202007081208/tools/bin/../lib/gcc/arm-none-eabi/7.3.1/../../../../arm-none-eabi/lib/thumb/v7-m\libnosys.a
END GROUP
LOAD c:/st/stm32cubeide_1.4.0/stm32cubeide/plugins/com.st.stm32cube.ide.mcu.externaltools.gnu-tools-for-stm32.7-2018-q2-update.win32_1.4.0.202007081208/tools/bin/../lib/gcc/arm-none-eabi/7.3.1/thumb/v7-m/crtend.o
LOAD c:/st/stm32cubeide_1.4.0/stm32cubeide/plugins/com.st.stm32cube.ide.mcu.externaltools.gnu-tools-for-stm32.7-2018-q2-update.win32_1.4.0.202007081208/tools/bin/../lib/gcc/arm-none-eabi/7.3.1/thumb/v7-m/crtn.o
                0x0000000020005000                _estack = (ORIGIN (RAM) + LENGTH (RAM))
                0x0000000000000200                _Min_Heap_Size = 0x200
                0x0000000000000400                _Min_Stack_Size = 0x400

.isr_vector     0x0000000008000000      0x130
                0x0000000008000000                . = ALIGN (0x4)
 *(.isr_vector)
 .isr_vector    0x0000000008000000      0x130 Startup/startup_stm32f103c8tx.o
                0x0000000008000000                g_pfnVectors
                0x0000000008000130                . = ALIGN (0x4)

.text           0x0000000008000130      0xe54
                0x0000000008000130                . = ALIGN (0x4)
 *(.text)
 .text          0x0000000008000130       0x40 c:/st/stm32cubeide_1.4.0/stm32cubeide/plugins/com.st.stm32cube.ide.mcu.externaltools.gnu-tools-for-stm32.7-2018-q2-update.win32_1.4.0.202007081208/tools/bin/../lib/gcc/arm-none-eabi/7.3.1/thumb/v7-m/crtbegin.o
 .text          0x0000000008000170       0x14 c:/st/stm32cubeide_1.4.0/stm32cubeide/plugins/com.st.stm32cube.ide.mcu.externaltools.gnu-tools-for-stm32.7-2018-q2-update.win32_1.4.0.202007081208/tools/bin/../lib/gcc/arm-none-eabi/7.3.1/../../../../arm-none-eabi/lib/thumb/v7-m\libc_nano.a(lib_a-strcmp.o)
                0x0000000008000170                strcmp
 *(.text*)
 .text.__NVIC_SetPriority
                0x0000000008000184       0x54 MYRTOS/CortexMX_OS_porting.o
 .text.SysTick_Config
                0x00000000080001d8       0x44 MYRTOS/CortexMX_OS_porting.o
 .text.HardFault_Handler
                0x000000000800021c        0x6 MYRTOS/CortexMX_OS_porting.o
                0x000000000800021c                HardFault_Handler
 .text.MemManage_Handler
                0x0000000008000222        0x6 MYRTOS/CortexMX_OS_porting.o
                0x0000000008000222                MemManage_Handler
 .text.BusFault_Handler
                0x0000000008000228        0x6 MYRTOS/CortexMX_OS_porting.o
                0x0000000008000228                BusFault_Handler
 .text.UsageFault_Handler
                0x000000000800022e        0x6 MYRTOS/CortexMX_OS_porting.o
                0x000000000800022e                UsageFault_Handler
 .text.SVC_Handler
                0x0000000008000234       0x14 MYRTOS/CortexMX_OS_porting.o
                0x0000000008000234                SVC_Handler
 .text.HW_init  0x0000000008000248       0x14 MYRTOS/CortexMX_OS_porting.o
                0x0000000008000248                HW_init
 .text.trigger_OS_PendSV
                0x000000000800025c       0x1c MYRTOS/CortexMX_OS_porting.o
                0x000000000800025c                trigger_OS_PendSV
 .text.Start_Ticker
                0x0000000008000278       0x10 MYRTOS/CortexMX_OS_porting.o
                0x0000000008000278                Start_Ticker
 .text.SysTick_Handler
                0x0000000008000288       0x28 MYRTOS/CortexMX_OS_porting.o
                0x0000000008000288                SysTick_Handler
 .text.FIFO_init
                0x00000000080002b0       0x44 MYRTOS/My_RTOS_FIFO.o
                0x00000000080002b0                FIFO_init
 .text.FIFO_enqueue
                0x00000000080002f4       0x84 MYRTOS/My_RTOS_FIFO.o
                0x00000000080002f4                FIFO_enqueue
 .text.FIFO_dequeue
                0x0000000008000378       0x7a MYRTOS/My_RTOS_FIFO.o
                0x0000000008000378                FIFO_dequeue
 *fill*         0x00000000080003f2        0x2 
 .text.PendSV_Handler
                0x00000000080003f4      0x1c4 MYRTOS/scheduler.o
                0x00000000080003f4                PendSV_Handler
 .text.MYRTOS_IdleTask
                0x00000000080005b8       0x1c MYRTOS/scheduler.o
                0x00000000080005b8                MYRTOS_IdleTask
 .text.MYRTOS_Create_MainStack
                0x00000000080005d4       0x3c MYRTOS/scheduler.o
                0x00000000080005d4                MYRTOS_Create_MainStack
 .text.MYRTOS_init
                0x0000000008000610       0x80 MYRTOS/scheduler.o
                0x0000000008000610                MYRTOS_init
 .text.MyRTOS_Create_TaskStack
                0x0000000008000690       0x7c MYRTOS/scheduler.o
                0x0000000008000690                MyRTOS_Create_TaskStack
 .text.MYRTOS_CreateTask
                0x000000000800070c       0x68 MYRTOS/scheduler.o
                0x000000000800070c                MYRTOS_CreateTask
 .text.bubbleSort
                0x0000000008000774       0x90 MYRTOS/scheduler.o
                0x0000000008000774                bubbleSort
 .text.MyRTOS_Update_Schadule_tables
                0x0000000008000804       0xd0 MYRTOS/scheduler.o
                0x0000000008000804                MyRTOS_Update_Schadule_tables
 .text.Decide_whatNext
                0x00000000080008d4       0xa4 MYRTOS/scheduler.o
                0x00000000080008d4                Decide_whatNext
 .text.OS_SVC   0x0000000008000978       0x80 MYRTOS/scheduler.o
                0x0000000008000978                OS_SVC
 .text.MYRTOS_OS_SVC_Set
                0x00000000080009f8       0x4c MYRTOS/scheduler.o
                0x00000000080009f8                MYRTOS_OS_SVC_Set
 .text.MYRTOS_ActivateTask
                0x0000000008000a44       0x1e MYRTOS/scheduler.o
                0x0000000008000a44                MYRTOS_ActivateTask
 .text.MYRTOS_TerminateTask
                0x0000000008000a62       0x1e MYRTOS/scheduler.o
                0x0000000008000a62                MYRTOS_TerminateTask
 .text.MYRTOS_STARTOS
                0x0000000008000a80       0x5c MYRTOS/scheduler.o
                0x0000000008000a80                MYRTOS_STARTOS
 .text.MYRTOS_Update_TasksWaitingTime
                0x0000000008000adc       0x88 MYRTOS/scheduler.o
                0x0000000008000adc                MYRTOS_Update_TasksWaitingTime
 .text.MYRTOS_AcquireMutex
                0x0000000008000b64       0x46 MYRTOS/scheduler.o
                0x0000000008000b64                MYRTOS_AcquireMutex
 .text.MYRTOS_ReleaseMutex
                0x0000000008000baa       0x36 MYRTOS/scheduler.o
                0x0000000008000baa                MYRTOS_ReleaseMutex
 .text.task1    0x0000000008000be0       0x68 Src/main.o
                0x0000000008000be0                task1
 .text.task2    0x0000000008000c48       0x50 Src/main.o
                0x0000000008000c48                task2
 .text.task3    0x0000000008000c98       0x50 Src/main.o
                0x0000000008000c98                task3
 .text.task4    0x0000000008000ce8       0x64 Src/main.o
                0x0000000008000ce8                task4
 .text.main     0x0000000008000d4c      0x184 Src/main.o
                0x0000000008000d4c                main
 .text.Reset_Handler
                0x0000000008000ed0       0x50 Startup/startup_stm32f103c8tx.o
                0x0000000008000ed0                Reset_Handler
 .text.Default_Handler
                0x0000000008000f20        0x2 Startup/startup_stm32f103c8tx.o
                0x0000000008000f20                EXTI2_IRQHandler
                0x0000000008000f20                TIM8_TRG_COM_IRQHandler
                0x0000000008000f20                TIM8_CC_IRQHandler
                0x0000000008000f20                DebugMon_Handler
                0x0000000008000f20                TIM1_CC_IRQHandler
                0x0000000008000f20                TIM6_IRQHandler
                0x0000000008000f20                PVD_IRQHandler
                0x0000000008000f20                SDIO_IRQHandler
                0x0000000008000f20                NMI_Handler
                0x0000000008000f20                EXTI3_IRQHandler
                0x0000000008000f20                USB_HP_CAN_TX_IRQHandler
                0x0000000008000f20                EXTI0_IRQHandler
                0x0000000008000f20                I2C2_EV_IRQHandler
                0x0000000008000f20                ADC1_2_IRQHandler
                0x0000000008000f20                SPI1_IRQHandler
                0x0000000008000f20                CAN_SCE_IRQHandler
                0x0000000008000f20                TAMPER_IRQHandler
                0x0000000008000f20                TIM8_UP_IRQHandler
                0x0000000008000f20                DMA2_Channel2_IRQHandler
                0x0000000008000f20                DMA1_Channel4_IRQHandler
                0x0000000008000f20                USART3_IRQHandler
                0x0000000008000f20                RTC_IRQHandler
                0x0000000008000f20                DMA1_Channel7_IRQHandler
                0x0000000008000f20                UART5_IRQHandler
                0x0000000008000f20                ADC3_IRQHandler
                0x0000000008000f20                TIM4_IRQHandler
                0x0000000008000f20                CAN_RX1_IRQHandler
                0x0000000008000f20                DMA2_Channel1_IRQHandler
                0x0000000008000f20                I2C1_EV_IRQHandler
                0x0000000008000f20                DMA1_Channel6_IRQHandler
                0x0000000008000f20                UART4_IRQHandler
                0x0000000008000f20                TIM3_IRQHandler
                0x0000000008000f20                RCC_IRQHandler
                0x0000000008000f20                TIM1_TRG_COM_IRQHandler
                0x0000000008000f20                DMA1_Channel1_IRQHandler
                0x0000000008000f20                Default_Handler
                0x0000000008000f20                EXTI15_10_IRQHandler
                0x0000000008000f20                TIM7_IRQHandler
                0x0000000008000f20                TIM5_IRQHandler
                0x0000000008000f20                EXTI9_5_IRQHandler
                0x0000000008000f20                SPI2_IRQHandler
                0x0000000008000f20                USB_LP_CAN_RX0_IRQHandler
                0x0000000008000f20                DMA1_Channel5_IRQHandler
                0x0000000008000f20                EXTI4_IRQHandler
                0x0000000008000f20                DMA1_Channel3_IRQHandler
                0x0000000008000f20                FSMC_IRQHandler
                0x0000000008000f20                TIM1_UP_IRQHandler
                0x0000000008000f20                WWDG_IRQHandler
                0x0000000008000f20                TIM2_IRQHandler
                0x0000000008000f20                TIM1_BRK_IRQHandler
                0x0000000008000f20                EXTI1_IRQHandler
                0x0000000008000f20                RTCAlarm_IRQHandler
                0x0000000008000f20                DMA2_Channel4_5_IRQHandler
                0x0000000008000f20                USART2_IRQHandler
                0x0000000008000f20                I2C2_ER_IRQHandler
                0x0000000008000f20                DMA1_Channel2_IRQHandler
                0x0000000008000f20                TIM8_BRK_IRQHandler
                0x0000000008000f20                FLASH_IRQHandler
                0x0000000008000f20                USART1_IRQHandler
                0x0000000008000f20                SPI3_IRQHandler
                0x0000000008000f20                I2C1_ER_IRQHandler
                0x0000000008000f20                DMA2_Channel3_IRQHandler
 *fill*         0x0000000008000f22        0x2 
 .text.__libc_init_array
                0x0000000008000f24       0x48 c:/st/stm32cubeide_1.4.0/stm32cubeide/plugins/com.st.stm32cube.ide.mcu.externaltools.gnu-tools-for-stm32.7-2018-q2-update.win32_1.4.0.202007081208/tools/bin/../lib/gcc/arm-none-eabi/7.3.1/../../../../arm-none-eabi/lib/thumb/v7-m\libc_nano.a(lib_a-init.o)
                0x0000000008000f24                __libc_init_array
 *(.glue_7)
 .glue_7        0x0000000008000f6c        0x0 linker stubs
 *(.glue_7t)
 .glue_7t       0x0000000008000f6c        0x0 linker stubs
 *(.eh_frame)
 .eh_frame      0x0000000008000f6c        0x0 c:/st/stm32cubeide_1.4.0/stm32cubeide/plugins/com.st.stm32cube.ide.mcu.externaltools.gnu-tools-for-stm32.7-2018-q2-update.win32_1.4.0.202007081208/tools/bin/../lib/gcc/arm-none-eabi/7.3.1/thumb/v7-m/crtbegin.o
 *(.init)
 .init          0x0000000008000f6c        0x4 c:/st/stm32cubeide_1.4.0/stm32cubeide/plugins/com.st.stm32cube.ide.mcu.externaltools.gnu-tools-for-stm32.7-2018-q2-update.win32_1.4.0.202007081208/tools/bin/../lib/gcc/arm-none-eabi/7.3.1/thumb/v7-m/crti.o
                0x0000000008000f6c                _init
 .init          0x0000000008000f70        0x8 c:/st/stm32cubeide_1.4.0/stm32cubeide/plugins/com.st.stm32cube.ide.mcu.externaltools.gnu-tools-for-stm32.7-2018-q2-update.win32_1.4.0.202007081208/tools/bin/../lib/gcc/arm-none-eabi/7.3.1/thumb/v7-m/crtn.o
 *(.fini)
 .fini          0x0000000008000f78        0x4 c:/st/stm32cubeide_1.4.0/stm32cubeide/plugins/com.st.stm32cube.ide.mcu.externaltools.gnu-tools-for-stm32.7-2018-q2-update.win32_1.4.0.202007081208/tools/bin/../lib/gcc/arm-none-eabi/7.3.1/thumb/v7-m/crti.o
                0x0000000008000f78                _fini
 .fini          0x0000000008000f7c        0x8 c:/st/stm32cubeide_1.4.0/stm32cubeide/plugins/com.st.stm32cube.ide.mcu.externaltools.gnu-tools-for-stm32.7-2018-q2-update.win32_1.4.0.202007081208/tools/bin/../lib/gcc/arm-none-eabi/7.3.1/thumb/v7-m/crtn.o
                0x0000000008000f84                . = ALIGN (0x4)
                0x0000000008000f84                _etext = .

.vfp11_veneer   0x0000000008000f84        0x0
 .vfp11_veneer  0x0000000008000f84        0x0 linker stubs

.v4_bx          0x0000000008000f84        0x0
 .v4_bx         0x0000000008000f84        0x0 linker stubs

.iplt           0x0000000008000f84        0x0
 .iplt          0x0000000008000f84        0x0 c:/st/stm32cubeide_1.4.0/stm32cubeide/plugins/com.st.stm32cube.ide.mcu.externaltools.gnu-tools-for-stm32.7-2018-q2-update.win32_1.4.0.202007081208/tools/bin/../lib/gcc/arm-none-eabi/7.3.1/thumb/v7-m/crtbegin.o

.rodata         0x0000000008000f84       0x54
                0x0000000008000f84                . = ALIGN (0x4)
 *(.rodata)
 .rodata        0x0000000008000f84        0x9 MYRTOS/scheduler.o
 *fill*         0x0000000008000f8d        0x3 
 .rodata        0x0000000008000f90       0x46 Src/main.o
 *(.rodata*)
                0x0000000008000fd8                . = ALIGN (0x4)
 *fill*         0x0000000008000fd6        0x2 

.rel.dyn        0x0000000008000fd8        0x0
 .rel.iplt      0x0000000008000fd8        0x0 c:/st/stm32cubeide_1.4.0/stm32cubeide/plugins/com.st.stm32cube.ide.mcu.externaltools.gnu-tools-for-stm32.7-2018-q2-update.win32_1.4.0.202007081208/tools/bin/../lib/gcc/arm-none-eabi/7.3.1/thumb/v7-m/crtbegin.o

.ARM.extab      0x0000000008000fd8        0x0
                0x0000000008000fd8                . = ALIGN (0x4)
 *(.ARM.extab* .gnu.linkonce.armextab.*)
                0x0000000008000fd8                . = ALIGN (0x4)

.ARM            0x0000000008000fd8        0x0
                0x0000000008000fd8                . = ALIGN (0x4)
                0x0000000008000fd8                __exidx_start = .
 *(.ARM.exidx*)
                0x0000000008000fd8                __exidx_end = .
                0x0000000008000fd8                . = ALIGN (0x4)

.preinit_array  0x0000000008000fd8        0x0
                0x0000000008000fd8                . = ALIGN (0x4)
                0x0000000008000fd8                PROVIDE (__preinit_array_start = .)
 *(.preinit_array*)
                0x0000000008000fd8                PROVIDE (__preinit_array_end = .)
                0x0000000008000fd8                . = ALIGN (0x4)

.init_array     0x0000000008000fd8        0x4
                0x0000000008000fd8                . = ALIGN (0x4)
                0x0000000008000fd8                PROVIDE (__init_array_start = .)
 *(SORT_BY_NAME(.init_array.*))
 *(.init_array*)
 .init_array    0x0000000008000fd8        0x4 c:/st/stm32cubeide_1.4.0/stm32cubeide/plugins/com.st.stm32cube.ide.mcu.externaltools.gnu-tools-for-stm32.7-2018-q2-update.win32_1.4.0.202007081208/tools/bin/../lib/gcc/arm-none-eabi/7.3.1/thumb/v7-m/crtbegin.o
                0x0000000008000fdc                PROVIDE (__init_array_end = .)
                0x0000000008000fdc                . = ALIGN (0x4)

.fini_array     0x0000000008000fdc        0x4
                0x0000000008000fdc                . = ALIGN (0x4)
                [!provide]                        PROVIDE (__fini_array_start = .)
 *(SORT_BY_NAME(.fini_array.*))
 *(.fini_array*)
 .fini_array    0x0000000008000fdc        0x4 c:/st/stm32cubeide_1.4.0/stm32cubeide/plugins/com.st.stm32cube.ide.mcu.externaltools.gnu-tools-for-stm32.7-2018-q2-update.win32_1.4.0.202007081208/tools/bin/../lib/gcc/arm-none-eabi/7.3.1/thumb/v7-m/crtbegin.o
                [!provide]                        PROVIDE (__fini_array_end = .)
                0x0000000008000fe0                . = ALIGN (0x4)
                0x0000000008000fe0                _sidata = LOADADDR (.data)

.data           0x0000000020000000        0x8 load address 0x0000000008000fe0
                0x0000000020000000                . = ALIGN (0x4)
                0x0000000020000000                _sdata = .
 *(.data)
 *(.data*)
 .data.Payload  0x0000000020000000        0x3 Src/main.o
                0x0000000020000000                Payload
 *fill*         0x0000000020000003        0x1 
 .data.Payload2
                0x0000000020000004        0x3 Src/main.o
                0x0000000020000004                Payload2
                0x0000000020000008                . = ALIGN (0x4)
 *fill*         0x0000000020000007        0x1 
                0x0000000020000008                _edata = .

.igot.plt       0x0000000020000008        0x0 load address 0x0000000008000fe8
 .igot.plt      0x0000000020000008        0x0 c:/st/stm32cubeide_1.4.0/stm32cubeide/plugins/com.st.stm32cube.ide.mcu.externaltools.gnu-tools-for-stm32.7-2018-q2-update.win32_1.4.0.202007081208/tools/bin/../lib/gcc/arm-none-eabi/7.3.1/thumb/v7-m/crtbegin.o
                0x0000000020000008                . = ALIGN (0x4)

.bss            0x0000000020000008      0x544 load address 0x0000000008000fe8
                0x0000000020000008                _sbss = .
                0x0000000020000008                __bss_start__ = _sbss
 *(.bss)
 .bss           0x0000000020000008       0x1c c:/st/stm32cubeide_1.4.0/stm32cubeide/plugins/com.st.stm32cube.ide.mcu.externaltools.gnu-tools-for-stm32.7-2018-q2-update.win32_1.4.0.202007081208/tools/bin/../lib/gcc/arm-none-eabi/7.3.1/thumb/v7-m/crtbegin.o
 *(.bss*)
 .bss.count.4747
                0x0000000020000024        0x4 Src/main.o
 .bss.count.4751
                0x0000000020000028        0x4 Src/main.o
 .bss.count.4755
                0x000000002000002c        0x4 Src/main.o
 .bss.count.4759
                0x0000000020000030        0x4 Src/main.o
 *(COMMON)
 COMMON         0x0000000020000034        0x1 MYRTOS/CortexMX_OS_porting.o
                0x0000000020000034                SYStickLed
 COMMON         0x0000000020000035        0x1 MYRTOS/My_RTOS_FIFO.o
                0x0000000020000035                IdleTaskLed
 *fill*         0x0000000020000036        0x2 
 COMMON         0x0000000020000038      0x394 MYRTOS/scheduler.o
                0x0000000020000038                OS_Control
                0x00000000200001e4                Ready_QUEUE
                0x00000000200001f8                MYRTOS_idleTask
                0x000000002000023c                Ready_QUEUE_FIFO
 COMMON         0x00000000200003cc      0x180 Src/main.o
                0x00000000200003cc                Task4
                0x0000000020000410                task3Led
                0x0000000020000414                MUTEX1
                0x0000000020000444                Task1
                0x0000000020000488                task1Led
                0x000000002000048c                MUTEX2
                0x00000000200004bc                task2Led
                0x00000000200004c0                Task3
                0x0000000020000504                task4Led
                0x0000000020000508                Task2
                0x000000002000054c                . = ALIGN (0x4)
                0x000000002000054c                _ebss = .
                0x000000002000054c                __bss_end__ = _ebss

._user_heap_stack
                0x000000002000054c      0x604 load address 0x0000000008000fe8
                0x0000000020000550                . = ALIGN (0x8)
 *fill*         0x000000002000054c        0x4 
                [!provide]                        PROVIDE (end = .)
                0x0000000020000550                PROVIDE (_end = .)
                0x0000000020000750                . = (. + _Min_Heap_Size)
 *fill*         0x0000000020000550      0x200 
                0x0000000020000b50                . = (. + _Min_Stack_Size)
 *fill*         0x0000000020000750      0x400 
                0x0000000020000b50                . = ALIGN (0x8)

/DISCARD/
 libc.a(*)
 libm.a(*)
 libgcc.a(*)

.ARM.attributes
                0x0000000000000000       0x29
 *(.ARM.attributes)
 .ARM.attributes
                0x0000000000000000       0x1d c:/st/stm32cubeide_1.4.0/stm32cubeide/plugins/com.st.stm32cube.ide.mcu.externaltools.gnu-tools-for-stm32.7-2018-q2-update.win32_1.4.0.202007081208/tools/bin/../lib/gcc/arm-none-eabi/7.3.1/thumb/v7-m/crti.o
 .ARM.attributes
                0x000000000000001d       0x2d c:/st/stm32cubeide_1.4.0/stm32cubeide/plugins/com.st.stm32cube.ide.mcu.externaltools.gnu-tools-for-stm32.7-2018-q2-update.win32_1.4.0.202007081208/tools/bin/../lib/gcc/arm-none-eabi/7.3.1/thumb/v7-m/crtbegin.o
 .ARM.attributes
                0x000000000000004a       0x33 MYRTOS/CortexMX_OS_porting.o
 .ARM.attributes
                0x000000000000007d       0x33 MYRTOS/My_RTOS_FIFO.o
 .ARM.attributes
                0x00000000000000b0       0x33 MYRTOS/scheduler.o
 .ARM.attributes
                0x00000000000000e3       0x33 Src/main.o
 .ARM.attributes
                0x0000000000000116       0x21 Startup/startup_stm32f103c8tx.o
 .ARM.attributes
                0x0000000000000137       0x2d c:/st/stm32cubeide_1.4.0/stm32cubeide/plugins/com.st.stm32cube.ide.mcu.externaltools.gnu-tools-for-stm32.7-2018-q2-update.win32_1.4.0.202007081208/tools/bin/../lib/gcc/arm-none-eabi/7.3.1/../../../../arm-none-eabi/lib/thumb/v7-m\libc_nano.a(lib_a-init.o)
 .ARM.attributes
                0x0000000000000164       0x1b c:/st/stm32cubeide_1.4.0/stm32cubeide/plugins/com.st.stm32cube.ide.mcu.externaltools.gnu-tools-for-stm32.7-2018-q2-update.win32_1.4.0.202007081208/tools/bin/../lib/gcc/arm-none-eabi/7.3.1/../../../../arm-none-eabi/lib/thumb/v7-m\libc_nano.a(lib_a-strcmp.o)
 .ARM.attributes
                0x000000000000017f       0x1d c:/st/stm32cubeide_1.4.0/stm32cubeide/plugins/com.st.stm32cube.ide.mcu.externaltools.gnu-tools-for-stm32.7-2018-q2-update.win32_1.4.0.202007081208/tools/bin/../lib/gcc/arm-none-eabi/7.3.1/thumb/v7-m/crtn.o
OUTPUT(RTOS.axf elf32-littlearm)

.debug_info     0x0000000000000000     0x2522
 .debug_info    0x0000000000000000      0x5b5 MYRTOS/CortexMX_OS_porting.o
 .debug_info    0x00000000000005b5      0xb97 MYRTOS/My_RTOS_FIFO.o
 .debug_info    0x000000000000114c      0xf52 MYRTOS/scheduler.o
 .debug_info    0x000000000000209e      0x462 Src/main.o
 .debug_info    0x0000000000002500       0x22 Startup/startup_stm32f103c8tx.o

.debug_abbrev   0x0000000000000000      0x88b
 .debug_abbrev  0x0000000000000000      0x1fa MYRTOS/CortexMX_OS_porting.o
 .debug_abbrev  0x00000000000001fa      0x1ed MYRTOS/My_RTOS_FIFO.o
 .debug_abbrev  0x00000000000003e7      0x334 MYRTOS/scheduler.o
 .debug_abbrev  0x000000000000071b      0x15e Src/main.o
 .debug_abbrev  0x0000000000000879       0x12 Startup/startup_stm32f103c8tx.o

.debug_aranges  0x0000000000000000      0x1c0
 .debug_aranges
                0x0000000000000000       0x70 MYRTOS/CortexMX_OS_porting.o
 .debug_aranges
                0x0000000000000070       0x40 MYRTOS/My_RTOS_FIFO.o
 .debug_aranges
                0x00000000000000b0       0xa8 MYRTOS/scheduler.o
 .debug_aranges
                0x0000000000000158       0x40 Src/main.o
 .debug_aranges
                0x0000000000000198       0x28 Startup/startup_stm32f103c8tx.o

.debug_ranges   0x0000000000000000      0x178
 .debug_ranges  0x0000000000000000       0x60 MYRTOS/CortexMX_OS_porting.o
 .debug_ranges  0x0000000000000060       0x30 MYRTOS/My_RTOS_FIFO.o
 .debug_ranges  0x0000000000000090       0x98 MYRTOS/scheduler.o
 .debug_ranges  0x0000000000000128       0x30 Src/main.o
 .debug_ranges  0x0000000000000158       0x20 Startup/startup_stm32f103c8tx.o

.debug_macro    0x0000000000000000     0x3546
 .debug_macro   0x0000000000000000       0xbd MYRTOS/CortexMX_OS_porting.o
 .debug_macro   0x00000000000000bd      0xa60 MYRTOS/CortexMX_OS_porting.o
 .debug_macro   0x0000000000000b1d       0x28 MYRTOS/CortexMX_OS_porting.o
 .debug_macro   0x0000000000000b45       0x22 MYRTOS/CortexMX_OS_porting.o
 .debug_macro   0x0000000000000b67       0x8e MYRTOS/CortexMX_OS_porting.o
 .debug_macro   0x0000000000000bf5       0x51 MYRTOS/CortexMX_OS_porting.o
 .debug_macro   0x0000000000000c46       0xef MYRTOS/CortexMX_OS_porting.o
 .debug_macro   0x0000000000000d35       0x6a MYRTOS/CortexMX_OS_porting.o
 .debug_macro   0x0000000000000d9f      0x1df MYRTOS/CortexMX_OS_porting.o
 .debug_macro   0x0000000000000f7e       0x1c MYRTOS/CortexMX_OS_porting.o
 .debug_macro   0x0000000000000f9a       0x22 MYRTOS/CortexMX_OS_porting.o
 .debug_macro   0x0000000000000fbc       0xe5 MYRTOS/CortexMX_OS_porting.o
 .debug_macro   0x00000000000010a1      0xe3c MYRTOS/CortexMX_OS_porting.o
 .debug_macro   0x0000000000001edd       0x2e MYRTOS/CortexMX_OS_porting.o
 .debug_macro   0x0000000000001f0b      0x232 MYRTOS/My_RTOS_FIFO.o
 .debug_macro   0x000000000000213d       0x40 MYRTOS/My_RTOS_FIFO.o
 .debug_macro   0x000000000000217d       0x18 MYRTOS/My_RTOS_FIFO.o
 .debug_macro   0x0000000000002195       0x94 MYRTOS/My_RTOS_FIFO.o
 .debug_macro   0x0000000000002229       0x3c MYRTOS/My_RTOS_FIFO.o
 .debug_macro   0x0000000000002265       0x34 MYRTOS/My_RTOS_FIFO.o
 .debug_macro   0x0000000000002299       0x16 MYRTOS/My_RTOS_FIFO.o
 .debug_macro   0x00000000000022af       0x57 MYRTOS/My_RTOS_FIFO.o
 .debug_macro   0x0000000000002306       0x97 MYRTOS/My_RTOS_FIFO.o
 .debug_macro   0x000000000000239d      0x330 MYRTOS/My_RTOS_FIFO.o
 .debug_macro   0x00000000000026cd       0xfd MYRTOS/My_RTOS_FIFO.o
 .debug_macro   0x00000000000027ca       0x10 MYRTOS/My_RTOS_FIFO.o
 .debug_macro   0x00000000000027da       0x52 MYRTOS/My_RTOS_FIFO.o
 .debug_macro   0x000000000000282c       0x1f MYRTOS/My_RTOS_FIFO.o
 .debug_macro   0x000000000000284b       0x43 MYRTOS/My_RTOS_FIFO.o
 .debug_macro   0x000000000000288e       0x20 MYRTOS/My_RTOS_FIFO.o
 .debug_macro   0x00000000000028ae      0x1a3 MYRTOS/My_RTOS_FIFO.o
 .debug_macro   0x0000000000002a51       0x10 MYRTOS/My_RTOS_FIFO.o
 .debug_macro   0x0000000000002a61       0x1c MYRTOS/My_RTOS_FIFO.o
 .debug_macro   0x0000000000002a7d       0x52 MYRTOS/My_RTOS_FIFO.o
 .debug_macro   0x0000000000002acf       0x40 MYRTOS/My_RTOS_FIFO.o
 .debug_macro   0x0000000000002b0f       0x10 MYRTOS/My_RTOS_FIFO.o
 .debug_macro   0x0000000000002b1f       0x40 MYRTOS/My_RTOS_FIFO.o
 .debug_macro   0x0000000000002b5f       0xd7 MYRTOS/My_RTOS_FIFO.o
 .debug_macro   0x0000000000002c36       0x1c MYRTOS/My_RTOS_FIFO.o
 .debug_macro   0x0000000000002c52       0x3d MYRTOS/My_RTOS_FIFO.o
 .debug_macro   0x0000000000002c8f       0x16 MYRTOS/My_RTOS_FIFO.o
 .debug_macro   0x0000000000002ca5      0x145 MYRTOS/My_RTOS_FIFO.o
 .debug_macro   0x0000000000002dea       0xdf MYRTOS/My_RTOS_FIFO.o
 .debug_macro   0x0000000000002ec9      0x23c MYRTOS/scheduler.o
 .debug_macro   0x0000000000003105       0x46 MYRTOS/scheduler.o
 .debug_macro   0x000000000000314b      0x32a MYRTOS/scheduler.o
 .debug_macro   0x0000000000003475       0xd1 Src/main.o

.debug_line     0x0000000000000000     0x1acf
 .debug_line    0x0000000000000000      0x55b MYRTOS/CortexMX_OS_porting.o
 .debug_line    0x000000000000055b      0x702 MYRTOS/My_RTOS_FIFO.o
 .debug_line    0x0000000000000c5d      0x8d0 MYRTOS/scheduler.o
 .debug_line    0x000000000000152d      0x51e Src/main.o
 .debug_line    0x0000000000001a4b       0x84 Startup/startup_stm32f103c8tx.o

.debug_str      0x0000000000000000     0xe122
 .debug_str     0x0000000000000000     0x984d MYRTOS/CortexMX_OS_porting.o
                                       0x99e8 (size before relaxing)
 .debug_str     0x000000000000984d     0x44ec MYRTOS/My_RTOS_FIFO.o
                                       0xdc8a (size before relaxing)
 .debug_str     0x000000000000dd39      0x332 MYRTOS/scheduler.o
                                       0xdf86 (size before relaxing)
 .debug_str     0x000000000000e06b       0x86 Src/main.o
                                       0x98ec (size before relaxing)
 .debug_str     0x000000000000e0f1       0x31 Startup/startup_stm32f103c8tx.o
                                         0x68 (size before relaxing)

.comment        0x0000000000000000       0x7b
 .comment       0x0000000000000000       0x7b MYRTOS/CortexMX_OS_porting.o
                                         0x7c (size before relaxing)
 .comment       0x000000000000007b       0x7c MYRTOS/My_RTOS_FIFO.o
 .comment       0x000000000000007b       0x7c MYRTOS/scheduler.o
 .comment       0x000000000000007b       0x7c Src/main.o

.debug_frame    0x0000000000000000      0x578
 .debug_frame   0x0000000000000000      0x140 MYRTOS/CortexMX_OS_porting.o
 .debug_frame   0x0000000000000140       0xd8 MYRTOS/My_RTOS_FIFO.o
 .debug_frame   0x0000000000000218      0x270 MYRTOS/scheduler.o
 .debug_frame   0x0000000000000488       0xa4 Src/main.o
 .debug_frame   0x000000000000052c       0x2c c:/st/stm32cubeide_1.4.0/stm32cubeide/plugins/com.st.stm32cube.ide.mcu.externaltools.gnu-tools-for-stm32.7-2018-q2-update.win32_1.4.0.202007081208/tools/bin/../lib/gcc/arm-none-eabi/7.3.1/../../../../arm-none-eabi/lib/thumb/v7-m\libc_nano.a(lib_a-init.o)
 .debug_frame   0x0000000000000558       0x20 c:/st/stm32cubeide_1.4.0/stm32cubeide/plugins/com.st.stm32cube.ide.mcu.externaltools.gnu-tools-for-stm32.7-2018-q2-update.win32_1.4.0.202007081208/tools/bin/../lib/gcc/arm-none-eabi/7.3.1/../../../../arm-none-eabi/lib/thumb/v7-m\libc_nano.a(lib_a-strcmp.o)
